Archive member included to satisfy reference by file (symbol)

e:/program files (x86)/gnu arm embedded toolchain/10 2021.10/bin/../lib/gcc/arm-none-eabi/10.3.1/../../../../arm-none-eabi/lib/thumb/v7e-m+fp/hard\libc_nano.a(lib_a-exit.o)
                              e:/program files (x86)/gnu arm embedded toolchain/10 2021.10/bin/../lib/gcc/arm-none-eabi/10.3.1/../../../../arm-none-eabi/lib/thumb/v7e-m+fp/hard/crt0.o (exit)
e:/program files (x86)/gnu arm embedded toolchain/10 2021.10/bin/../lib/gcc/arm-none-eabi/10.3.1/../../../../arm-none-eabi/lib/thumb/v7e-m+fp/hard\libc_nano.a(lib_a-impure.o)
                              e:/program files (x86)/gnu arm embedded toolchain/10 2021.10/bin/../lib/gcc/arm-none-eabi/10.3.1/../../../../arm-none-eabi/lib/thumb/v7e-m+fp/hard\libc_nano.a(lib_a-exit.o) (_global_impure_ptr)
e:/program files (x86)/gnu arm embedded toolchain/10 2021.10/bin/../lib/gcc/arm-none-eabi/10.3.1/../../../../arm-none-eabi/lib/thumb/v7e-m+fp/hard\libc_nano.a(lib_a-init.o)
                              e:/program files (x86)/gnu arm embedded toolchain/10 2021.10/bin/../lib/gcc/arm-none-eabi/10.3.1/../../../../arm-none-eabi/lib/thumb/v7e-m+fp/hard/crt0.o (__libc_init_array)
e:/program files (x86)/gnu arm embedded toolchain/10 2021.10/bin/../lib/gcc/arm-none-eabi/10.3.1/../../../../arm-none-eabi/lib/thumb/v7e-m+fp/hard\libc_nano.a(lib_a-malloc.o)
                              build/usbd_cdc.o (malloc)
e:/program files (x86)/gnu arm embedded toolchain/10 2021.10/bin/../lib/gcc/arm-none-eabi/10.3.1/../../../../arm-none-eabi/lib/thumb/v7e-m+fp/hard\libc_nano.a(lib_a-memset.o)
                              e:/program files (x86)/gnu arm embedded toolchain/10 2021.10/bin/../lib/gcc/arm-none-eabi/10.3.1/../../../../arm-none-eabi/lib/thumb/v7e-m+fp/hard/crt0.o (memset)
e:/program files (x86)/gnu arm embedded toolchain/10 2021.10/bin/../lib/gcc/arm-none-eabi/10.3.1/../../../../arm-none-eabi/lib/thumb/v7e-m+fp/hard\libc_nano.a(lib_a-nano-freer.o)
                              e:/program files (x86)/gnu arm embedded toolchain/10 2021.10/bin/../lib/gcc/arm-none-eabi/10.3.1/../../../../arm-none-eabi/lib/thumb/v7e-m+fp/hard\libc_nano.a(lib_a-malloc.o) (_free_r)
e:/program files (x86)/gnu arm embedded toolchain/10 2021.10/bin/../lib/gcc/arm-none-eabi/10.3.1/../../../../arm-none-eabi/lib/thumb/v7e-m+fp/hard\libc_nano.a(lib_a-nano-mallocr.o)
                              e:/program files (x86)/gnu arm embedded toolchain/10 2021.10/bin/../lib/gcc/arm-none-eabi/10.3.1/../../../../arm-none-eabi/lib/thumb/v7e-m+fp/hard\libc_nano.a(lib_a-malloc.o) (_malloc_r)
e:/program files (x86)/gnu arm embedded toolchain/10 2021.10/bin/../lib/gcc/arm-none-eabi/10.3.1/../../../../arm-none-eabi/lib/thumb/v7e-m+fp/hard\libc_nano.a(lib_a-printf.o)
                              build/usbd_cdc_if.o (printf)
e:/program files (x86)/gnu arm embedded toolchain/10 2021.10/bin/../lib/gcc/arm-none-eabi/10.3.1/../../../../arm-none-eabi/lib/thumb/v7e-m+fp/hard\libc_nano.a(lib_a-puts.o)
                              build/main.o (puts)
e:/program files (x86)/gnu arm embedded toolchain/10 2021.10/bin/../lib/gcc/arm-none-eabi/10.3.1/../../../../arm-none-eabi/lib/thumb/v7e-m+fp/hard\libc_nano.a(lib_a-sbrkr.o)
                              e:/program files (x86)/gnu arm embedded toolchain/10 2021.10/bin/../lib/gcc/arm-none-eabi/10.3.1/../../../../arm-none-eabi/lib/thumb/v7e-m+fp/hard\libc_nano.a(lib_a-nano-mallocr.o) (_sbrk_r)
e:/program files (x86)/gnu arm embedded toolchain/10 2021.10/bin/../lib/gcc/arm-none-eabi/10.3.1/../../../../arm-none-eabi/lib/thumb/v7e-m+fp/hard\libc_nano.a(lib_a-wbuf.o)
                              e:/program files (x86)/gnu arm embedded toolchain/10 2021.10/bin/../lib/gcc/arm-none-eabi/10.3.1/../../../../arm-none-eabi/lib/thumb/v7e-m+fp/hard\libc_nano.a(lib_a-puts.o) (__swbuf_r)
e:/program files (x86)/gnu arm embedded toolchain/10 2021.10/bin/../lib/gcc/arm-none-eabi/10.3.1/../../../../arm-none-eabi/lib/thumb/v7e-m+fp/hard\libc_nano.a(lib_a-wsetup.o)
                              e:/program files (x86)/gnu arm embedded toolchain/10 2021.10/bin/../lib/gcc/arm-none-eabi/10.3.1/../../../../arm-none-eabi/lib/thumb/v7e-m+fp/hard\libc_nano.a(lib_a-puts.o) (__swsetup_r)
e:/program files (x86)/gnu arm embedded toolchain/10 2021.10/bin/../lib/gcc/arm-none-eabi/10.3.1/../../../../arm-none-eabi/lib/thumb/v7e-m+fp/hard\libc_nano.a(lib_a-fflush.o)
                              e:/program files (x86)/gnu arm embedded toolchain/10 2021.10/bin/../lib/gcc/arm-none-eabi/10.3.1/../../../../arm-none-eabi/lib/thumb/v7e-m+fp/hard\libc_nano.a(lib_a-wbuf.o) (_fflush_r)
e:/program files (x86)/gnu arm embedded toolchain/10 2021.10/bin/../lib/gcc/arm-none-eabi/10.3.1/../../../../arm-none-eabi/lib/thumb/v7e-m+fp/hard\libc_nano.a(lib_a-findfp.o)
[...]
Memory Configuration

Name             Origin             Length             Attributes
RAM              0x20000000         0x00020000         xrw
CCMRAM           0x10000000         0x00010000         xrw
FLASH            0x08000000         0x00100000         xr
*default*        0x00000000         0xffffffff

Linker script and memory map

LOAD e:/program files (x86)/gnu arm embedded toolchain/10 2021.10/bin/../lib/gcc/arm-none-eabi/10.3.1/thumb/v7e-m+fp/hard/crti.o
LOAD e:/program files (x86)/gnu arm embedded toolchain/10 2021.10/bin/../lib/gcc/arm-none-eabi/10.3.1/thumb/v7e-m+fp/hard/crtbegin.o
LOAD e:/program files (x86)/gnu arm embedded toolchain/10 2021.10/bin/../lib/gcc/arm-none-eabi/10.3.1/../../../../arm-none-eabi/lib/thumb/v7e-m+fp/hard/crt0.o
LOAD build/main.o
LOAD build/gpio.o
LOAD build/usart.o
LOAD build/usb_device.o
LOAD build/usbd_conf.o
LOAD build/usbd_desc.o
LOAD build/usbd_cdc_if.o
LOAD build/stm32f4xx_it.o
LOAD build/stm32f4xx_hal_msp.o
LOAD build/usbd_composite.o
LOAD build/usbd_storage_if.o
LOAD build/stm32f4xx_hal_pcd.o
LOAD build/stm32f4xx_hal_pcd_ex.o
LOAD build/stm32f4xx_ll_usb.o
LOAD build/stm32f4xx_hal_rcc.o
LOAD build/stm32f4xx_hal_rcc_ex.o
LOAD build/stm32f4xx_hal_flash.o
LOAD build/stm32f4xx_hal_flash_ex.o
LOAD build/stm32f4xx_hal_flash_ramfunc.o
LOAD build/stm32f4xx_hal_gpio.o
LOAD build/stm32f4xx_hal_dma_ex.o
LOAD build/stm32f4xx_hal_dma.o
LOAD build/stm32f4xx_hal_pwr.o
LOAD build/stm32f4xx_hal_pwr_ex.o
LOAD build/stm32f4xx_hal_cortex.o
LOAD build/stm32f4xx_hal.o
LOAD build/stm32f4xx_hal_exti.o
LOAD build/stm32f4xx_hal_tim.o
LOAD build/stm32f4xx_hal_tim_ex.o
LOAD build/stm32f4xx_hal_uart.o
LOAD build/system_stm32f4xx.o
LOAD build/usbd_core.o
LOAD build/usbd_ctlreq.o
LOAD build/usbd_ioreq.o
LOAD build/usbd_cdc.o
LOAD build/usbd_msc.o
LOAD build/usbd_msc_bot.o
LOAD build/usbd_msc_data.o
LOAD build/usbd_msc_scsi.o
LOAD build/startup_stm32f405xx.o
LOAD e:/program files (x86)/gnu arm embedded toolchain/10 2021.10/bin/../lib/gcc/arm-none-eabi/10.3.1/../../../../arm-none-eabi/lib/thumb/v7e-m+fp/hard\libc_nano.a
LOAD e:/program files (x86)/gnu arm embedded toolchain/10 2021.10/bin/../lib/gcc/arm-none-eabi/10.3.1/../../../../arm-none-eabi/lib/thumb/v7e-m+fp/hard\libm.a
LOAD e:/program files (x86)/gnu arm embedded toolchain/10 2021.10/bin/../lib/gcc/arm-none-eabi/10.3.1/../../../../arm-none-eabi/lib/thumb/v7e-m+fp/hard\libnosys.a
START GROUP
LOAD e:/program files (x86)/gnu arm embedded toolchain/10 2021.10/bin/../lib/gcc/arm-none-eabi/10.3.1/thumb/v7e-m+fp/hard\libgcc.a
LOAD e:/program files (x86)/gnu arm embedded toolchain/10 2021.10/bin/../lib/gcc/arm-none-eabi/10.3.1/../../../../arm-none-eabi/lib/thumb/v7e-m+fp/hard\libc_nano.a
END GROUP
START GROUP
LOAD e:/program files (x86)/gnu arm embedded toolchain/10 2021.10/bin/../lib/gcc/arm-none-eabi/10.3.1/thumb/v7e-m+fp/hard\libgcc.a
LOAD e:/program files (x86)/gnu arm embedded toolchain/10 2021.10/bin/../lib/gcc/arm-none-eabi/10.3.1/../../../../arm-none-eabi/lib/thumb/v7e-m+fp/hard\libc_nano.a
END GROUP
LOAD e:/program files (x86)/gnu arm embedded toolchain/10 2021.10/bin/../lib/gcc/arm-none-eabi/10.3.1/thumb/v7e-m+fp/hard/crtend.o
LOAD e:/program files (x86)/gnu arm embedded toolchain/10 2021.10/bin/../lib/gcc/arm-none-eabi/10.3.1/thumb/v7e-m+fp/hard/crtn.o
                0x20020000                _estack = (ORIGIN (RAM) + LENGTH (RAM))
                0x00003c00                _Min_Heap_Size = 0x3c00
                0x00000800                _Min_Stack_Size = 0x800

.isr_vector     0x08000000      0x188
                0x08000000                . = ALIGN (0x4)
 *(.isr_vector)
 .isr_vector    0x08000000      0x188 build/startup_stm32f405xx.o
                0x08000000                g_pfnVectors
                0x08000188                . = ALIGN (0x4)

.text           0x08000190     0x6a8c
                0x08000190                . = ALIGN (0x4)
 *(.text)
 .text          0x08000190       0x40 e:/program files (x86)/gnu arm embedded toolchain/10 2021.10/bin/../lib/gcc/arm-none-eabi/10.3.1/thumb/v7e-m+fp/hard/crtbegin.o
 .text          0x080001d0       0xa0 e:/program files (x86)/gnu arm embedded toolchain/10 2021.10/bin/../lib/gcc/arm-none-eabi/10.3.1/../../../../arm-none-eabi/lib/thumb/v7e-m+fp/hard\libc_nano.a(lib_a-memchr.o)
                0x080001d0                memchr
 .text          0x08000270       0x30 e:/program files (x86)/gnu arm embedded toolchain/10 2021.10/bin/../lib/gcc/arm-none-eabi/10.3.1/thumb/v7e-m+fp/hard\libgcc.a(_aeabi_uldivmod.o)
                0x08000270                __aeabi_uldivmod
 .text          0x080002a0      0x2d0 e:/program files (x86)/gnu arm embedded toolchain/10 2021.10/bin/../lib/gcc/arm-none-eabi/10.3.1/thumb/v7e-m+fp/hard\libgcc.a(_udivmoddi4.o)
                0x080002a0                __udivmoddi4
 .text          0x08000570        0x4 e:/program files (x86)/gnu arm embedded toolchain/10 2021.10/bin/../lib/gcc/arm-none-eabi/10.3.1/thumb/v7e-m+fp/hard\libgcc.a(_dvmd_tls.o)
                0x08000570                __aeabi_idiv0
                0x08000570                __aeabi_ldiv0
 *(.text*)
 .text._write   0x08000574       0x18 build/main.o
                0x08000574                _write
 .text.Error_Handler
                0x0800058c        0x4 build/main.o
                0x0800058c                Error_Handler
 .text.SystemClock_Config
                0x08000590       0xa8 build/main.o
                0x08000590                SystemClock_Config
 .text.main     0x08000638       0x24 build/main.o
                0x08000638                main
 .text.MX_GPIO_Init
                0x0800065c       0x38 build/gpio.o
                0x0800065c                MX_GPIO_Init
 .text.MX_UART4_Init
                0x08000694       0x34 build/usart.o
                0x08000694                MX_UART4_Init
 .text.HAL_UART_MspInit
                0x080006c8       0x6c build/usart.o
                0x080006c8                HAL_UART_MspInit
 .text.MX_USB_DEVICE_Init
                0x08000734       0x84 build/usb_device.o
                0x08000734                MX_USB_DEVICE_Init
 .text.HAL_PCD_MspInit
                0x080007b8       0x84 build/usbd_conf.o
                0x080007b8                HAL_PCD_MspInit
 .text.HAL_PCD_SetupStageCallback
                0x0800083c       0x10 build/usbd_conf.o
                0x0800083c                HAL_PCD_SetupStageCallback
 .text.HAL_PCD_DataOutStageCallback
                0x0800084c       0x18 build/usbd_conf.o
                0x0800084c                HAL_PCD_DataOutStageCallback
 .text.HAL_PCD_DataInStageCallback
                0x08000864       0x16 build/usbd_conf.o
                0x08000864                HAL_PCD_DataInStageCallback
 .text.HAL_PCD_SOFCallback
                0x0800087a        0xc build/usbd_conf.o
                0x0800087a                HAL_PCD_SOFCallback
 .text.HAL_PCD_ResetCallback
                0x08000886       0x2c build/usbd_conf.o
                0x08000886                HAL_PCD_ResetCallback
 *fill*         0x080008b2        0x2 
 .text.HAL_PCD_SuspendCallback
                0x080008b4       0x30 build/usbd_conf.o
                0x080008b4                HAL_PCD_SuspendCallback
 .text.HAL_PCD_ResumeCallback
                0x080008e4        0xc build/usbd_conf.o
                0x080008e4                HAL_PCD_ResumeCallback
 .text.HAL_PCD_ISOOUTIncompleteCallback
                0x080008f0        0xc build/usbd_conf.o
                0x080008f0                HAL_PCD_ISOOUTIncompleteCallback
 .text.HAL_PCD_ISOINIncompleteCallback
                0x080008fc        0xc build/usbd_conf.o
                0x080008fc                HAL_PCD_ISOINIncompleteCallback
 .text.HAL_PCD_ConnectCallback
                0x08000908        0xc build/usbd_conf.o
                0x08000908                HAL_PCD_ConnectCallback
 .text.HAL_PCD_DisconnectCallback
                0x08000914        0xc build/usbd_conf.o
                0x08000914                HAL_PCD_DisconnectCallback
 .text.USBD_LL_Init
                0x08000920       0x7c build/usbd_conf.o
                0x08000920                USBD_LL_Init
 .text.USBD_LL_IsStallEP
                0x0800099c       0x2e build/usbd_conf.o
                0x0800099c                USBD_LL_IsStallEP
 .text.USBD_LL_GetRxDataSize
                0x080009ca        0xc build/usbd_conf.o
                0x080009ca                USBD_LL_GetRxDataSize
 .text.USBD_Get_USB_Status
                0x080009d6       0x14 build/usbd_conf.o
                0x080009d6                USBD_Get_USB_Status
 .text.USBD_LL_Start
                0x080009ea       0x10 build/usbd_conf.o
                0x080009ea                USBD_LL_Start
 .text.USBD_LL_OpenEP
                0x080009fa       0x16 build/usbd_conf.o
                0x080009fa                USBD_LL_OpenEP
 .text.USBD_LL_CloseEP
                0x08000a10       0x10 build/usbd_conf.o
                0x08000a10                USBD_LL_CloseEP
 .text.USBD_LL_FlushEP
                0x08000a20       0x10 build/usbd_conf.o
                0x08000a20                USBD_LL_FlushEP
 .text.USBD_LL_StallEP
                0x08000a30       0x10 build/usbd_conf.o
                0x08000a30                USBD_LL_StallEP
 .text.USBD_LL_ClearStallEP
                0x08000a40       0x10 build/usbd_conf.o
                0x08000a40                USBD_LL_ClearStallEP
 .text.USBD_LL_SetUSBAddress
                0x08000a50       0x10 build/usbd_conf.o
                0x08000a50                USBD_LL_SetUSBAddress
 .text.USBD_LL_Transmit
                0x08000a60       0x10 build/usbd_conf.o
                0x08000a60                USBD_LL_Transmit
 .text.USBD_LL_PrepareReceive
                0x08000a70       0x10 build/usbd_conf.o
                0x08000a70                USBD_LL_PrepareReceive
 .text.CDC_DeInit_FS
                0x08000a80        0x4 build/usbd_cdc_if.o
 .text.CDC_Control_FS
                0x08000a84        0x4 build/usbd_cdc_if.o
 .text.CDC_TransmitCplt_FS
                0x08000a88        0x4 build/usbd_cdc_if.o
 .text.CDC_Receive_FS
                0x08000a8c       0x40 build/usbd_cdc_if.o
 .text.CDC_Init_FS
                0x08000acc       0x28 build/usbd_cdc_if.o
 .text.NMI_Handler
                0x08000af4        0x2 build/stm32f4xx_it.o
                0x08000af4                NMI_Handler
 .text.HardFault_Handler
                0x08000af6        0x2 build/stm32f4xx_it.o
                0x08000af6                HardFault_Handler
 .text.MemManage_Handler
                0x08000af8        0x2 build/stm32f4xx_it.o
                0x08000af8                MemManage_Handler
 .text.BusFault_Handler
                0x08000afa        0x2 build/stm32f4xx_it.o
                0x08000afa                BusFault_Handler
 .text.UsageFault_Handler
                0x08000afc        0x2 build/stm32f4xx_it.o
                0x08000afc                UsageFault_Handler
 .text.SVC_Handler
                0x08000afe        0x2 build/stm32f4xx_it.o
                0x08000afe                SVC_Handler
 .text.DebugMon_Handler
                0x08000b00        0x2 build/stm32f4xx_it.o
                0x08000b00                DebugMon_Handler
 .text.PendSV_Handler
                0x08000b02        0x2 build/stm32f4xx_it.o
                0x08000b02                PendSV_Handler
 .text.SysTick_Handler
                0x08000b04        0x8 build/stm32f4xx_it.o
                0x08000b04                SysTick_Handler
 .text.OTG_FS_IRQHandler
                0x08000b0c       0x10 build/stm32f4xx_it.o
                0x08000b0c                OTG_FS_IRQHandler
 .text.HAL_MspInit
                0x08000b1c       0x38 build/stm32f4xx_hal_msp.o
                0x08000b1c                HAL_MspInit
 .text.USBD_CMPSIT_FS_DeviceDescriptor
                0x08000b54        0xc build/usbd_composite.o
                0x08000b54                USBD_CMPSIT_FS_DeviceDescriptor
 .text.USBD_CMPSIT_FS_LangIDStrDescriptor
                0x08000b60        0xc build/usbd_composite.o
                0x08000b60                USBD_CMPSIT_FS_LangIDStrDescriptor
 .text.IntToUnicode
                0x08000b6c       0x46 build/usbd_composite.o
 *fill*         0x08000bb2        0x2 
 .text.Get_CMPSIT_SerialNum
                0x08000bb4       0x38 build/usbd_composite.o
 .text.USBD_CMPSIT_FS_SerialStrDescriptor
                0x08000bec       0x14 build/usbd_composite.o
                0x08000bec                USBD_CMPSIT_FS_SerialStrDescriptor
 .text.USBD_CMPSIT_GetFSCfgDesc
                0x08000c00        0xc build/usbd_composite.o
 .text.USBD_CMPSIT_GetHSCfgDesc
                0x08000c0c        0x2 build/usbd_composite.o
 .text.USBD_CMPSIT_GetOtherSpeedCfgDesc
                0x08000c0e        0x2 build/usbd_composite.o
 .text.USBD_CMPSIT_GetDeviceQualifierDescriptor
                0x08000c10        0xc build/usbd_composite.o
                0x08000c10                USBD_CMPSIT_GetDeviceQualifierDescriptor
 .text.USBD_CMPSIT_FS_ManufacturerStrDescriptor
                0x08000c1c       0x1c build/usbd_composite.o
                0x08000c1c                USBD_CMPSIT_FS_ManufacturerStrDescriptor
 .text.USBD_CMPSIT_FS_ProductStrDescriptor
                0x08000c38       0x24 build/usbd_composite.o
                0x08000c38                USBD_CMPSIT_FS_ProductStrDescriptor
 .text.USBD_CMPSIT_FS_InterfaceStrDescriptor
                0x08000c5c       0x24 build/usbd_composite.o
                0x08000c5c                USBD_CMPSIT_FS_InterfaceStrDescriptor
 .text.USBD_CMPSIT_FS_ConfigStrDescriptor
                0x08000c80       0x24 build/usbd_composite.o
                0x08000c80                USBD_CMPSIT_FS_ConfigStrDescriptor
 .text.USBD_CMPSIT_AddClass
                0x08000ca4        0x2 build/usbd_composite.o
                0x08000ca4                USBD_CMPSIT_AddClass
 .text.STORAGE_Init_FS
                0x08000ca6        0x4 build/usbd_storage_if.o
 .text.STORAGE_GetCapacity_FS
                0x08000caa       0x10 build/usbd_storage_if.o
 .text.STORAGE_IsReady_FS
                0x08000cba        0x4 build/usbd_storage_if.o
 .text.STORAGE_IsWriteProtected_FS
                0x08000cbe        0x4 build/usbd_storage_if.o
 .text.STORAGE_Read_FS
                0x08000cc2        0x4 build/usbd_storage_if.o
 .text.STORAGE_Write_FS
                0x08000cc6        0x4 build/usbd_storage_if.o
 .text.STORAGE_GetMaxLun_FS
                0x08000cca        0x4 build/usbd_storage_if.o
 .text.PCD_WriteEmptyTxFifo
                0x08000cce       0xd0 build/stm32f4xx_hal_pcd.o
 .text.HAL_PCD_Init
                0x08000d9e      0x12e build/stm32f4xx_hal_pcd.o
                0x08000d9e                HAL_PCD_Init
 .text.HAL_PCD_Start
                0x08000ecc       0x42 build/stm32f4xx_hal_pcd.o
                0x08000ecc                HAL_PCD_Start
 *fill*         0x08000f0e        0x2 
 .text.PCD_EP_OutXfrComplete_int
                0x08000f10      0x104 build/stm32f4xx_hal_pcd.o
 .text.PCD_EP_OutSetupPacket_int
                0x08001014       0x50 build/stm32f4xx_hal_pcd.o
 .text.HAL_PCD_SetAddress
                0x08001064       0x28 build/stm32f4xx_hal_pcd.o
                0x08001064                HAL_PCD_SetAddress
 .text.HAL_PCD_EP_Open
                0x0800108c       0x8a build/stm32f4xx_hal_pcd.o
                0x0800108c                HAL_PCD_EP_Open
 .text.HAL_PCD_EP_Close
                0x08001116       0x72 build/stm32f4xx_hal_pcd.o
                0x08001116                HAL_PCD_EP_Close
 .text.HAL_PCD_EP_Receive
                0x08001188       0x5e build/stm32f4xx_hal_pcd.o
                0x08001188                HAL_PCD_EP_Receive
 .text.HAL_PCD_EP_GetRxCount
                0x080011e6       0x12 build/stm32f4xx_hal_pcd.o
                0x080011e6                HAL_PCD_EP_GetRxCount
 .text.HAL_PCD_EP_Transmit
                0x080011f8       0x5e build/stm32f4xx_hal_pcd.o
                0x080011f8                HAL_PCD_EP_Transmit
 .text.HAL_PCD_EP_SetStall
                0x08001256       0x88 build/stm32f4xx_hal_pcd.o
                0x08001256                HAL_PCD_EP_SetStall
 .text.HAL_PCD_EP_ClrStall
                0x080012de       0x76 build/stm32f4xx_hal_pcd.o
                0x080012de                HAL_PCD_EP_ClrStall
 .text.HAL_PCD_EP_Abort
                0x08001354       0x34 build/stm32f4xx_hal_pcd.o
                0x08001354                HAL_PCD_EP_Abort
 .text.HAL_PCD_IRQHandler
                0x08001388      0x5c4 build/stm32f4xx_hal_pcd.o
                0x08001388                HAL_PCD_IRQHandler
 .text.HAL_PCD_EP_Flush
                0x0800194c       0x36 build/stm32f4xx_hal_pcd.o
                0x0800194c                HAL_PCD_EP_Flush
 .text.HAL_PCDEx_SetTxFiFo
                0x08001982       0x4c build/stm32f4xx_hal_pcd_ex.o
                0x08001982                HAL_PCDEx_SetTxFiFo
 .text.HAL_PCDEx_SetRxFiFo
                0x080019ce        0x8 build/stm32f4xx_hal_pcd_ex.o
                0x080019ce                HAL_PCDEx_SetRxFiFo
 .text.HAL_PCDEx_LPM_Callback
                0x080019d6        0x2 build/stm32f4xx_hal_pcd_ex.o
                0x080019d6                HAL_PCDEx_LPM_Callback
 .text.USB_CoreReset
                0x080019d8       0x50 build/stm32f4xx_ll_usb.o
 .text.USB_CoreInit
                0x08001a28       0x8a build/stm32f4xx_ll_usb.o
                0x08001a28                USB_CoreInit
 *fill*         0x08001ab2        0x2 
 .text.USB_SetTurnaroundTime
                0x08001ab4       0xe4 build/stm32f4xx_ll_usb.o
                0x08001ab4                USB_SetTurnaroundTime
 .text.USB_EnableGlobalInt
                0x08001b98        0xc build/stm32f4xx_ll_usb.o
                0x08001b98                USB_EnableGlobalInt
 .text.USB_DisableGlobalInt
                0x08001ba4        0xc build/stm32f4xx_ll_usb.o
                0x08001ba4                USB_DisableGlobalInt
 .text.USB_FlushTxFifo
                0x08001bb0       0x50 build/stm32f4xx_ll_usb.o
                0x08001bb0                USB_FlushTxFifo
 .text.USB_FlushRxFifo
                0x08001c00       0x4c build/stm32f4xx_ll_usb.o
                0x08001c00                USB_FlushRxFifo
 .text.USB_SetDevSpeed
                0x08001c4c        0xe build/stm32f4xx_ll_usb.o
                0x08001c4c                USB_SetDevSpeed
 *fill*         0x08001c5a        0x2 
 .text.USB_DevInit
                0x08001c5c      0x190 build/stm32f4xx_ll_usb.o
                0x08001c5c                USB_DevInit
 .text.USB_GetDevSpeed
                0x08001dec       0x22 build/stm32f4xx_ll_usb.o
                0x08001dec                USB_GetDevSpeed
 .text.USB_ActivateEndpoint
                0x08001e0e       0x9c build/stm32f4xx_ll_usb.o
                0x08001e0e                USB_ActivateEndpoint
 *fill*         0x08001eaa        0x2 
 .text.USB_DeactivateEndpoint
                0x08001eac       0xe0 build/stm32f4xx_ll_usb.o
                0x08001eac                USB_DeactivateEndpoint
 .text.USB_EP0StartXfer
                0x08001f8c      0x124 build/stm32f4xx_ll_usb.o
                0x08001f8c                USB_EP0StartXfer
 .text.USB_EPStopXfer
                0x080020b0       0xbe build/stm32f4xx_ll_usb.o
                0x080020b0                USB_EPStopXfer
 .text.USB_WritePacket
                0x0800216e       0x2e build/stm32f4xx_ll_usb.o
                0x0800216e                USB_WritePacket
 .text.USB_EPStartXfer
                0x0800219c      0x234 build/stm32f4xx_ll_usb.o
                0x0800219c                USB_EPStartXfer
 .text.USB_ReadPacket
                0x080023d0       0x54 build/stm32f4xx_ll_usb.o
                0x080023d0                USB_ReadPacket
 .text.USB_EPSetStall
                0x08002424       0x5a build/stm32f4xx_ll_usb.o
                0x08002424                USB_EPSetStall
 .text.USB_EPClearStall
                0x0800247e       0x5c build/stm32f4xx_ll_usb.o
                0x0800247e                USB_EPClearStall
 .text.USB_SetDevAddress
                0x080024da       0x20 build/stm32f4xx_ll_usb.o
                0x080024da                USB_SetDevAddress
 .text.USB_DevConnect
                0x080024fa       0x1c build/stm32f4xx_ll_usb.o
                0x080024fa                USB_DevConnect
 .text.USB_DevDisconnect
                0x08002516       0x1c build/stm32f4xx_ll_usb.o
                0x08002516                USB_DevDisconnect
 .text.USB_ReadInterrupts
                0x08002532        0x8 build/stm32f4xx_ll_usb.o
                0x08002532                USB_ReadInterrupts
 .text.USB_ReadDevAllOutEpInterrupt
                0x0800253a       0x10 build/stm32f4xx_ll_usb.o
                0x0800253a                USB_ReadDevAllOutEpInterrupt
 .text.USB_ReadDevAllInEpInterrupt
                0x0800254a       0x10 build/stm32f4xx_ll_usb.o
                0x0800254a                USB_ReadDevAllInEpInterrupt
 .text.USB_ReadDevOutEPInterrupt
                0x0800255a       0x12 build/stm32f4xx_ll_usb.o
                0x0800255a                USB_ReadDevOutEPInterrupt
 .text.USB_ReadDevInEPInterrupt
                0x0800256c       0x28 build/stm32f4xx_ll_usb.o
                0x0800256c                USB_ReadDevInEPInterrupt
 .text.USB_GetMode
                0x08002594        0x8 build/stm32f4xx_ll_usb.o
                0x08002594                USB_GetMode
 .text.USB_SetCurrentMode
                0x0800259c       0x62 build/stm32f4xx_ll_usb.o
                0x0800259c                USB_SetCurrentMode
 .text.USB_ActivateSetup
                0x080025fe       0x20 build/stm32f4xx_ll_usb.o
                0x080025fe                USB_ActivateSetup
 *fill*         0x0800261e        0x2 
 .text.USB_EP0_OutStart
                0x08002620       0x60 build/stm32f4xx_ll_usb.o
                0x08002620                USB_EP0_OutStart
 .text.HAL_RCC_OscConfig
                0x08002680      0x3f8 build/stm32f4xx_hal_rcc.o
                0x08002680                HAL_RCC_OscConfig
 .text.HAL_RCC_GetSysClockFreq
                0x08002a78       0xd4 build/stm32f4xx_hal_rcc.o
                0x08002a78                HAL_RCC_GetSysClockFreq
 .text.HAL_RCC_ClockConfig
                0x08002b4c      0x160 build/stm32f4xx_hal_rcc.o
                0x08002b4c                HAL_RCC_ClockConfig
 .text.HAL_RCC_GetHCLKFreq
                0x08002cac        0xc build/stm32f4xx_hal_rcc.o
                0x08002cac                HAL_RCC_GetHCLKFreq
 .text.HAL_RCC_GetPCLK1Freq
                0x08002cb8       0x20 build/stm32f4xx_hal_rcc.o
                0x08002cb8                HAL_RCC_GetPCLK1Freq
 .text.HAL_RCC_GetPCLK2Freq
                0x08002cd8       0x20 build/stm32f4xx_hal_rcc.o
                0x08002cd8                HAL_RCC_GetPCLK2Freq
 .text.HAL_GPIO_Init
                0x08002cf8      0x1e4 build/stm32f4xx_hal_gpio.o
                0x08002cf8                HAL_GPIO_Init
 .text.HAL_NVIC_SetPriorityGrouping
                0x08002edc       0x24 build/stm32f4xx_hal_cortex.o
                0x08002edc                HAL_NVIC_SetPriorityGrouping
 .text.HAL_NVIC_SetPriority
                0x08002f00       0x70 build/stm32f4xx_hal_cortex.o
                0x08002f00                HAL_NVIC_SetPriority
 .text.HAL_NVIC_EnableIRQ
                0x08002f70       0x1c build/stm32f4xx_hal_cortex.o
                0x08002f70                HAL_NVIC_EnableIRQ
 .text.HAL_SYSTICK_Config
                0x08002f8c       0x28 build/stm32f4xx_hal_cortex.o
                0x08002f8c                HAL_SYSTICK_Config
 .text.HAL_InitTick
                0x08002fb4       0x4c build/stm32f4xx_hal.o
                0x08002fb4                HAL_InitTick
 .text.HAL_Init
                0x08003000       0x34 build/stm32f4xx_hal.o
                0x08003000                HAL_Init
 .text.HAL_IncTick
                0x08003034       0x18 build/stm32f4xx_hal.o
                0x08003034                HAL_IncTick
 .text.HAL_GetTick
                0x0800304c        0xc build/stm32f4xx_hal.o
                0x0800304c                HAL_GetTick
 .text.HAL_Delay
                0x08003058       0x28 build/stm32f4xx_hal.o
                0x08003058                HAL_Delay
 .text.UART_SetConfig
                0x08003080      0x110 build/stm32f4xx_hal_uart.o
 .text.UART_WaitOnFlagUntilTimeout
                0x08003190       0x88 build/stm32f4xx_hal_uart.o
 .text.HAL_UART_Init
                0x08003218       0x5e build/stm32f4xx_hal_uart.o
                0x08003218                HAL_UART_Init
 .text.HAL_UART_Transmit
                0x08003276       0xd8 build/stm32f4xx_hal_uart.o
                0x08003276                HAL_UART_Transmit
 *fill*         0x0800334e        0x2 
 .text.SystemInit
                0x08003350       0x14 build/system_stm32f4xx.o
                0x08003350                SystemInit
 .text.USBD_Init
                0x08003364       0x5c build/usbd_core.o
                0x08003364                USBD_Init
 .text.USBD_RegisterClassComposite
                0x080033c0       0x6c build/usbd_core.o
                0x080033c0                USBD_RegisterClassComposite
 .text.USBD_Start
                0x0800342c        0xe build/usbd_core.o
                0x0800342c                USBD_Start
 .text.USBD_SetClassConfig
                0x0800343a       0x46 build/usbd_core.o
                0x0800343a                USBD_SetClassConfig
 .text.USBD_ClrClassConfig
                0x08003480       0x46 build/usbd_core.o
                0x08003480                USBD_ClrClassConfig
 .text.USBD_LL_SetupStage
                0x080034c6       0x58 build/usbd_core.o
                0x080034c6                USBD_LL_SetupStage
 .text.USBD_LL_Reset
                0x0800351e       0x84 build/usbd_core.o
                0x0800351e                USBD_LL_Reset
 .text.USBD_LL_SetSpeed
                0x080035a2        0x6 build/usbd_core.o
                0x080035a2                USBD_LL_SetSpeed
 .text.USBD_LL_Suspend
                0x080035a8       0x14 build/usbd_core.o
                0x080035a8                USBD_LL_Suspend
 .text.USBD_LL_Resume
                0x080035bc       0x1a build/usbd_core.o
                0x080035bc                USBD_LL_Resume
 .text.USBD_LL_SOF
                0x080035d6       0x4a build/usbd_core.o
                0x080035d6                USBD_LL_SOF
 .text.USBD_LL_IsoINIncomplete
                0x08003620       0x2e build/usbd_core.o
                0x08003620                USBD_LL_IsoINIncomplete
 .text.USBD_LL_IsoOUTIncomplete
                0x0800364e       0x2e build/usbd_core.o
                0x0800364e                USBD_LL_IsoOUTIncomplete
 .text.USBD_LL_DevConnected
                0x0800367c        0x4 build/usbd_core.o
                0x0800367c                USBD_LL_DevConnected
 .text.USBD_LL_DevDisconnected
                0x08003680       0x4a build/usbd_core.o
                0x08003680                USBD_LL_DevDisconnected
 .text.USBD_CoreFindIF
                0x080036ca       0x5c build/usbd_core.o
                0x080036ca                USBD_CoreFindIF
 .text.USBD_CoreFindEP
                0x08003726       0x5c build/usbd_core.o
                0x08003726                USBD_CoreFindEP
 .text.USBD_LL_DataOutStage
                0x08003782       0xce build/usbd_core.o
                0x08003782                USBD_LL_DataOutStage
 .text.USBD_LL_DataInStage
                0x08003850       0xde build/usbd_core.o
                0x08003850                USBD_LL_DataInStage
 .text.USBD_CoreGetEPAdd
                0x0800392e       0x6a build/usbd_core.o
                0x0800392e                USBD_CoreGetEPAdd
 .text.USBD_GetLen
                0x08003998       0x14 build/usbd_ctlreq.o
 .text.USBD_ParseSetupRequest
                0x080039ac       0x28 build/usbd_ctlreq.o
                0x080039ac                USBD_ParseSetupRequest
 .text.USBD_CtlError
                0x080039d4       0x14 build/usbd_ctlreq.o
                0x080039d4                USBD_CtlError
 .text.USBD_GetDescriptor
                0x080039e8      0x1fc build/usbd_ctlreq.o
 .text.USBD_SetAddress
                0x08003be4       0x50 build/usbd_ctlreq.o
 .text.USBD_SetConfig
                0x08003c34       0xcc build/usbd_ctlreq.o
 .text.USBD_GetConfig
                0x08003d00       0x40 build/usbd_ctlreq.o
 .text.USBD_GetStatus
                0x08003d40       0x38 build/usbd_ctlreq.o
 .text.USBD_SetFeature
                0x08003d78       0x2a build/usbd_ctlreq.o
 .text.USBD_ClrFeature
                0x08003da2       0x26 build/usbd_ctlreq.o
 .text.USBD_StdDevReq
                0x08003dc8       0xac build/usbd_ctlreq.o
                0x08003dc8                USBD_StdDevReq
 .text.USBD_StdItfReq
                0x08003e74       0x86 build/usbd_ctlreq.o
                0x08003e74                USBD_StdItfReq
 .text.USBD_StdEPReq
                0x08003efa      0x22c build/usbd_ctlreq.o
                0x08003efa                USBD_StdEPReq
 .text.USBD_GetString
                0x08004126       0x3a build/usbd_ctlreq.o
                0x08004126                USBD_GetString
 .text.USBD_CtlSendData
                0x08004160       0x1a build/usbd_ioreq.o
                0x08004160                USBD_CtlSendData
 .text.USBD_CtlContinueSendData
                0x0800417a       0x10 build/usbd_ioreq.o
                0x0800417a                USBD_CtlContinueSendData
 .text.USBD_CtlPrepareRx
                0x0800418a       0x1e build/usbd_ioreq.o
                0x0800418a                USBD_CtlPrepareRx
 .text.USBD_CtlContinueRx
                0x080041a8       0x10 build/usbd_ioreq.o
                0x080041a8                USBD_CtlContinueRx
 .text.USBD_CtlSendStatus
                0x080041b8       0x16 build/usbd_ioreq.o
                0x080041b8                USBD_CtlSendStatus
 .text.USBD_CtlReceiveStatus
                0x080041ce       0x16 build/usbd_ioreq.o
                0x080041ce                USBD_CtlReceiveStatus
 .text.USBD_CDC_EP0_RxReady
                0x080041e4       0x44 build/usbd_cdc.o
 .text.USBD_CDC_DataOut
                0x08004228       0x3a build/usbd_cdc.o
 .text.USBD_CDC_DataIn
                0x08004262       0x7e build/usbd_cdc.o
 .text.USBD_CDC_Setup
                0x080042e0      0x11c build/usbd_cdc.o
 .text.USBD_CDC_DeInit
                0x080043fc       0xc8 build/usbd_cdc.o
 .text.USBD_CDC_Init
                0x080044c4      0x19c build/usbd_cdc.o
 .text.USBD_CDC_RegisterInterface
                0x08004660       0x16 build/usbd_cdc.o
                0x08004660                USBD_CDC_RegisterInterface
 .text.USBD_CDC_SetTxBuffer
                0x08004676       0x1e build/usbd_cdc.o
                0x08004676                USBD_CDC_SetTxBuffer
 .text.USBD_CDC_SetRxBuffer
                0x08004694       0x1a build/usbd_cdc.o
                0x08004694                USBD_CDC_SetRxBuffer
 *fill*         0x080046ae        0x2 
 .text.USBD_CDC_ReceivePacket
                0x080046b0       0x5c build/usbd_cdc.o
                0x080046b0                USBD_CDC_ReceivePacket
 .text.USBD_MSC_Init
                0x0800470c       0xe8 build/usbd_msc.o
                0x0800470c                USBD_MSC_Init
 .text.USBD_MSC_DeInit
                0x080047f4       0x94 build/usbd_msc.o
                0x080047f4                USBD_MSC_DeInit
 .text.USBD_MSC_Setup
                0x08004888      0x188 build/usbd_msc.o
                0x08004888                USBD_MSC_Setup
 .text.USBD_MSC_DataIn
                0x08004a10        0xa build/usbd_msc.o
                0x08004a10                USBD_MSC_DataIn
 .text.USBD_MSC_DataOut
                0x08004a1a        0xa build/usbd_msc.o
                0x08004a1a                USBD_MSC_DataOut
 .text.USBD_MSC_RegisterStorage
                0x08004a24       0x16 build/usbd_msc.o
                0x08004a24                USBD_MSC_RegisterStorage
 *fill*         0x08004a3a        0x2 
 .text.MSC_BOT_SendData
                0x08004a3c       0x68 build/usbd_msc_bot.o
 .text.MSC_BOT_Abort
                0x08004aa4       0x78 build/usbd_msc_bot.o
 .text.MSC_BOT_Init
                0x08004b1c       0x7c build/usbd_msc_bot.o
                0x08004b1c                MSC_BOT_Init
 .text.MSC_BOT_Reset
                0x08004b98       0x60 build/usbd_msc_bot.o
                0x08004b98                MSC_BOT_Reset
 .text.MSC_BOT_DeInit
                0x08004bf8       0x14 build/usbd_msc_bot.o
                0x08004bf8                MSC_BOT_DeInit
 .text.MSC_BOT_SendCSW
                0x08004c0c       0x6c build/usbd_msc_bot.o
                0x08004c0c                MSC_BOT_SendCSW
 .text.MSC_BOT_DataIn
                0x08004c78       0x46 build/usbd_msc_bot.o
                0x08004c78                MSC_BOT_DataIn
 *fill*         0x08004cbe        0x2 
 .text.MSC_BOT_CBW_Decode
                0x08004cc0       0xd8 build/usbd_msc_bot.o
 .text.MSC_BOT_DataOut
                0x08004d98       0x3e build/usbd_msc_bot.o
                0x08004d98                MSC_BOT_DataOut
 *fill*         0x08004dd6        0x2 
 .text.MSC_BOT_CplClrFeature
                0x08004dd8       0x68 build/usbd_msc_bot.o
                0x08004dd8                MSC_BOT_CplClrFeature
 .text.SCSI_AllowPreventRemovable
                0x08004e40       0x2a build/usbd_msc_scsi.o
 .text.SCSI_UpdateBotData
                0x08004e6a       0x22 build/usbd_msc_scsi.o
 .text.SCSI_ModeSense6
                0x08004e8c       0x30 build/usbd_msc_scsi.o
 .text.SCSI_ModeSense10
                0x08004ebc       0x30 build/usbd_msc_scsi.o
 .text.SCSI_SenseCode
                0x08004eec       0x3a build/usbd_msc_scsi.o
                0x08004eec                SCSI_SenseCode
 .text.SCSI_TestUnitReady
                0x08004f26       0x78 build/usbd_msc_scsi.o
 .text.SCSI_RequestSense
                0x08004f9e       0x94 build/usbd_msc_scsi.o
 *fill*         0x08005032        0x2 
 .text.SCSI_Inquiry
                0x08005034       0xa4 build/usbd_msc_scsi.o
 .text.SCSI_StartStopUnit
                0x080050d8       0x62 build/usbd_msc_scsi.o
 .text.SCSI_ReadFormatCapacity
                0x0800513a       0x98 build/usbd_msc_scsi.o
 .text.SCSI_ReadCapacity10
                0x080051d2       0x7e build/usbd_msc_scsi.o
 .text.SCSI_ReadCapacity16
                0x08005250       0xc4 build/usbd_msc_scsi.o
 .text.SCSI_CheckAddressRange
                0x08005314       0x36 build/usbd_msc_scsi.o
 *fill*         0x0800534a        0x2 
 .text.SCSI_ProcessRead
                0x0800534c       0xc8 build/usbd_msc_scsi.o
 .text.SCSI_Read10
                0x08005414       0xe8 build/usbd_msc_scsi.o
 .text.SCSI_Read12
                0x080054fc       0xf6 build/usbd_msc_scsi.o
 *fill*         0x080055f2        0x2 
 .text.SCSI_ProcessWrite
                0x080055f4       0xd8 build/usbd_msc_scsi.o
 .text.SCSI_Write10
                0x080056cc      0x150 build/usbd_msc_scsi.o
 .text.SCSI_Write12
                0x0800581c      0x164 build/usbd_msc_scsi.o
 .text.SCSI_Verify10
                0x08005980       0x48 build/usbd_msc_scsi.o
 .text.SCSI_ProcessCmd
                0x080059c8       0xfa build/usbd_msc_scsi.o
                0x080059c8                SCSI_ProcessCmd
 *fill*         0x08005ac2        0x2 
 .text.Reset_Handler
                0x08005ac4       0x50 build/startup_stm32f405xx.o
                0x08005ac4                Reset_Handler
 .text.Default_Handler
                0x08005b14        0x2 build/startup_stm32f405xx.o
                0x08005b14                RTC_Alarm_IRQHandler
                0x08005b14                HASH_RNG_IRQHandler
                0x08005b14                EXTI2_IRQHandler
                0x08005b14                TIM8_CC_IRQHandler
                0x08005b14                TIM1_CC_IRQHandler
                0x08005b14                DMA2_Stream5_IRQHandler
                0x08005b14                DMA1_Stream5_IRQHandler
                0x08005b14                PVD_IRQHandler
                0x08005b14                SDIO_IRQHandler
                0x08005b14                TAMP_STAMP_IRQHandler
                0x08005b14                CAN2_RX1_IRQHandler
                0x08005b14                EXTI3_IRQHandler
                0x08005b14                TIM8_TRG_COM_TIM14_IRQHandler
                0x08005b14                TIM1_UP_TIM10_IRQHandler
                0x08005b14                TIM8_UP_TIM13_IRQHandler
                0x08005b14                I2C3_ER_IRQHandler
                0x08005b14                EXTI0_IRQHandler
                0x08005b14                I2C2_EV_IRQHandler
                0x08005b14                DMA1_Stream2_IRQHandler
                0x08005b14                CAN1_RX0_IRQHandler
                0x08005b14                FPU_IRQHandler
                0x08005b14                OTG_HS_WKUP_IRQHandler
                0x08005b14                CAN2_SCE_IRQHandler
                0x08005b14                DMA2_Stream2_IRQHandler
                0x08005b14                SPI1_IRQHandler
                0x08005b14                TIM6_DAC_IRQHandler
                0x08005b14                TIM1_BRK_TIM9_IRQHandler
                0x08005b14                CAN2_RX0_IRQHandler
                0x08005b14                DMA2_Stream3_IRQHandler
                0x08005b14                USART6_IRQHandler
                0x08005b14                USART3_IRQHandler
                0x08005b14                CAN1_RX1_IRQHandler
                0x08005b14                UART5_IRQHandler
                0x08005b14                DMA2_Stream0_IRQHandler
                0x08005b14                TIM4_IRQHandler
                0x08005b14                I2C1_EV_IRQHandler
                0x08005b14                DMA1_Stream6_IRQHandler
                0x08005b14                DMA1_Stream1_IRQHandler
                0x08005b14                UART4_IRQHandler
                0x08005b14                TIM3_IRQHandler
                0x08005b14                RCC_IRQHandler
                0x08005b14                TIM8_BRK_TIM12_IRQHandler
                0x08005b14                Default_Handler
                0x08005b14                EXTI15_10_IRQHandler
                0x08005b14                ADC_IRQHandler
                0x08005b14                DMA1_Stream7_IRQHandler
                0x08005b14                TIM7_IRQHandler
                0x08005b14                CAN2_TX_IRQHandler
                0x08005b14                TIM5_IRQHandler
                0x08005b14                DMA2_Stream7_IRQHandler
                0x08005b14                I2C3_EV_IRQHandler
                0x08005b14                EXTI9_5_IRQHandler
                0x08005b14                RTC_WKUP_IRQHandler
                0x08005b14                SPI2_IRQHandler
                0x08005b14                OTG_HS_EP1_IN_IRQHandler
                0x08005b14                DMA1_Stream0_IRQHandler
                0x08005b14                CAN1_TX_IRQHandler
                0x08005b14                EXTI4_IRQHandler
                0x08005b14                FSMC_IRQHandler
                0x08005b14                OTG_HS_EP1_OUT_IRQHandler
                0x08005b14                WWDG_IRQHandler
                0x08005b14                TIM2_IRQHandler
                0x08005b14                OTG_FS_WKUP_IRQHandler
                0x08005b14                TIM1_TRG_COM_TIM11_IRQHandler
                0x08005b14                OTG_HS_IRQHandler
                0x08005b14                EXTI1_IRQHandler
                0x08005b14                USART2_IRQHandler
                0x08005b14                I2C2_ER_IRQHandler
                0x08005b14                DMA2_Stream1_IRQHandler
                0x08005b14                CAN1_SCE_IRQHandler
                0x08005b14                FLASH_IRQHandler
                0x08005b14                DMA2_Stream4_IRQHandler
                0x08005b14                USART1_IRQHandler
                0x08005b14                SPI3_IRQHandler
                0x08005b14                DMA1_Stream4_IRQHandler
                0x08005b14                I2C1_ER_IRQHandler
                0x08005b14                DMA2_Stream6_IRQHandler
                0x08005b14                DMA1_Stream3_IRQHandler
 *fill*         0x08005b16        0x2 
 .text.__libc_init_array
                0x08005b18       0x48 e:/program files (x86)/gnu arm embedded toolchain/10 2021.10/bin/../lib/gcc/arm-none-eabi/10.3.1/../../../../arm-none-eabi/lib/thumb/v7e-m+fp/hard\libc_nano.a(lib_a-init.o)
                0x08005b18                __libc_init_array
 .text.malloc   0x08005b60       0x10 e:/program files (x86)/gnu arm embedded toolchain/10 2021.10/bin/../lib/gcc/arm-none-eabi/10.3.1/../../../../arm-none-eabi/lib/thumb/v7e-m+fp/hard\libc_nano.a(lib_a-malloc.o)
                0x08005b60                malloc
 .text.free     0x08005b70       0x10 e:/program files (x86)/gnu arm embedded toolchain/10 2021.10/bin/../lib/gcc/arm-none-eabi/10.3.1/../../../../arm-none-eabi/lib/thumb/v7e-m+fp/hard\libc_nano.a(lib_a-malloc.o)
                0x08005b70                free
 .text.memset   0x08005b80       0x10 e:/program files (x86)/gnu arm embedded toolchain/10 2021.10/bin/../lib/gcc/arm-none-eabi/10.3.1/../../../../arm-none-eabi/lib/thumb/v7e-m+fp/hard\libc_nano.a(lib_a-memset.o)
                0x08005b80                memset
 .text._free_r  0x08005b90       0x98 e:/program files (x86)/gnu arm embedded toolchain/10 2021.10/bin/../lib/gcc/arm-none-eabi/10.3.1/../../../../arm-none-eabi/lib/thumb/v7e-m+fp/hard\libc_nano.a(lib_a-nano-freer.o)
                0x08005b90                _free_r
 .text.sbrk_aligned
                0x08005c28       0x40 e:/program files (x86)/gnu arm embedded toolchain/10 2021.10/bin/../lib/gcc/arm-none-eabi/10.3.1/../../../../arm-none-eabi/lib/thumb/v7e-m+fp/hard\libc_nano.a(lib_a-nano-mallocr.o)
 .text._malloc_r
                0x08005c68       0xe8 e:/program files (x86)/gnu arm embedded toolchain/10 2021.10/bin/../lib/gcc/arm-none-eabi/10.3.1/../../../../arm-none-eabi/lib/thumb/v7e-m+fp/hard\libc_nano.a(lib_a-nano-mallocr.o)
                0x08005c68                _malloc_r
 .text.printf   0x08005d50       0x30 e:/program files (x86)/gnu arm embedded toolchain/10 2021.10/bin/../lib/gcc/arm-none-eabi/10.3.1/../../../../arm-none-eabi/lib/thumb/v7e-m+fp/hard\libc_nano.a(lib_a-printf.o)
                0x08005d50                iprintf
                0x08005d50                printf
 .text._puts_r  0x08005d80       0xdc e:/program files (x86)/gnu arm embedded toolchain/10 2021.10/bin/../lib/gcc/arm-none-eabi/10.3.1/../../../../arm-none-eabi/lib/thumb/v7e-m+fp/hard\libc_nano.a(lib_a-puts.o)
                0x08005d80                _puts_r
 .text.puts     0x08005e5c       0x10 e:/program files (x86)/gnu arm embedded toolchain/10 2021.10/bin/../lib/gcc/arm-none-eabi/10.3.1/../../../../arm-none-eabi/lib/thumb/v7e-m+fp/hard\libc_nano.a(lib_a-puts.o)
                0x08005e5c                puts
 .text._sbrk_r  0x08005e6c       0x20 e:/program files (x86)/gnu arm embedded toolchain/10 2021.10/bin/../lib/gcc/arm-none-eabi/10.3.1/../../../../arm-none-eabi/lib/thumb/v7e-m+fp/hard\libc_nano.a(lib_a-sbrkr.o)
                0x08005e6c                _sbrk_r
 .text.__swbuf_r
                0x08005e8c       0xa4 e:/program files (x86)/gnu arm embedded toolchain/10 2021.10/bin/../lib/gcc/arm-none-eabi/10.3.1/../../../../arm-none-eabi/lib/thumb/v7e-m+fp/hard\libc_nano.a(lib_a-wbuf.o)
                0x08005e8c                __swbuf_r
 .text.__swsetup_r
                0x08005f30       0xdc e:/program files (x86)/gnu arm embedded toolchain/10 2021.10/bin/../lib/gcc/arm-none-eabi/10.3.1/../../../../arm-none-eabi/lib/thumb/v7e-m+fp/hard\libc_nano.a(lib_a-wsetup.o)
                0x08005f30                __swsetup_r
 .text.__sflush_r
                0x0800600c      0x10c e:/program files (x86)/gnu arm embedded toolchain/10 2021.10/bin/../lib/gcc/arm-none-eabi/10.3.1/../../../../arm-none-eabi/lib/thumb/v7e-m+fp/hard\libc_nano.a(lib_a-fflush.o)
                0x0800600c                __sflush_r
 .text._fflush_r
                0x08006118       0x78 e:/program files (x86)/gnu arm embedded toolchain/10 2021.10/bin/../lib/gcc/arm-none-eabi/10.3.1/../../../../arm-none-eabi/lib/thumb/v7e-m+fp/hard\libc_nano.a(lib_a-fflush.o)
                0x08006118                _fflush_r
 .text.std      0x08006190       0x48 e:/program files (x86)/gnu arm embedded toolchain/10 2021.10/bin/../lib/gcc/arm-none-eabi/10.3.1/../../../../arm-none-eabi/lib/thumb/v7e-m+fp/hard\libc_nano.a(lib_a-findfp.o)
 .text._cleanup_r
                0x080061d8        0xc e:/program files (x86)/gnu arm embedded toolchain/10 2021.10/bin/../lib/gcc/arm-none-eabi/10.3.1/../../../../arm-none-eabi/lib/thumb/v7e-m+fp/hard\libc_nano.a(lib_a-findfp.o)
                0x080061d8                _cleanup_r
 .text.__sfmoreglue
                0x080061e4       0x2c e:/program files (x86)/gnu arm embedded toolchain/10 2021.10/bin/../lib/gcc/arm-none-eabi/10.3.1/../../../../arm-none-eabi/lib/thumb/v7e-m+fp/hard\libc_nano.a(lib_a-findfp.o)
                0x080061e4                __sfmoreglue
 .text.__sfp_lock_acquire
                0x08006210        0xc e:/program files (x86)/gnu arm embedded toolchain/10 2021.10/bin/../lib/gcc/arm-none-eabi/10.3.1/../../../../arm-none-eabi/lib/thumb/v7e-m+fp/hard\libc_nano.a(lib_a-findfp.o)
                0x08006210                __sfp_lock_acquire
 .text.__sfp_lock_release
                0x0800621c        0xc e:/program files (x86)/gnu arm embedded toolchain/10 2021.10/bin/../lib/gcc/arm-none-eabi/10.3.1/../../../../arm-none-eabi/lib/thumb/v7e-m+fp/hard\libc_nano.a(lib_a-findfp.o)
                0x0800621c                __sfp_lock_release
 .text.__sinit_lock_acquire
                0x08006228        0xc e:/program files (x86)/gnu arm embedded toolchain/10 2021.10/bin/../lib/gcc/arm-none-eabi/10.3.1/../../../../arm-none-eabi/lib/thumb/v7e-m+fp/hard\libc_nano.a(lib_a-findfp.o)
                0x08006228                __sinit_lock_acquire
 .text.__sinit_lock_release
                0x08006234        0xc e:/program files (x86)/gnu arm embedded toolchain/10 2021.10/bin/../lib/gcc/arm-none-eabi/10.3.1/../../../../arm-none-eabi/lib/thumb/v7e-m+fp/hard\libc_nano.a(lib_a-findfp.o)
                0x08006234                __sinit_lock_release
 .text.__sinit  0x08006240       0x70 e:/program files (x86)/gnu arm embedded toolchain/10 2021.10/bin/../lib/gcc/arm-none-eabi/10.3.1/../../../../arm-none-eabi/lib/thumb/v7e-m+fp/hard\libc_nano.a(lib_a-findfp.o)
                0x08006240                __sinit
 .text.__sfp    0x080062b0       0x8c e:/program files (x86)/gnu arm embedded toolchain/10 2021.10/bin/../lib/gcc/arm-none-eabi/10.3.1/../../../../arm-none-eabi/lib/thumb/v7e-m+fp/hard\libc_nano.a(lib_a-findfp.o)
                0x080062b0                __sfp
 .text._fwalk_reent
                0x0800633c       0x3e e:/program files (x86)/gnu arm embedded toolchain/10 2021.10/bin/../lib/gcc/arm-none-eabi/10.3.1/../../../../arm-none-eabi/lib/thumb/v7e-m+fp/hard\libc_nano.a(lib_a-fwalk.o)
                0x0800633c                _fwalk_reent
 .text.__retarget_lock_init_recursive
                0x0800637a        0x2 e:/program files (x86)/gnu arm embedded toolchain/10 2021.10/bin/../lib/gcc/arm-none-eabi/10.3.1/../../../../arm-none-eabi/lib/thumb/v7e-m+fp/hard\libc_nano.a(lib_a-lock.o)
                0x0800637a                __retarget_lock_init_recursive
 .text.__retarget_lock_acquire_recursive
                0x0800637c        0x2 e:/program files (x86)/gnu arm embedded toolchain/10 2021.10/bin/../lib/gcc/arm-none-eabi/10.3.1/../../../../arm-none-eabi/lib/thumb/v7e-m+fp/hard\libc_nano.a(lib_a-lock.o)
                0x0800637c                __retarget_lock_acquire_recursive
 .text.__retarget_lock_release_recursive
                0x0800637e        0x2 e:/program files (x86)/gnu arm embedded toolchain/10 2021.10/bin/../lib/gcc/arm-none-eabi/10.3.1/../../../../arm-none-eabi/lib/thumb/v7e-m+fp/hard\libc_nano.a(lib_a-lock.o)
                0x0800637e                __retarget_lock_release_recursive
 .text.__swhatbuf_r
                0x08006380       0x4a e:/program files (x86)/gnu arm embedded toolchain/10 2021.10/bin/../lib/gcc/arm-none-eabi/10.3.1/../../../../arm-none-eabi/lib/thumb/v7e-m+fp/hard\libc_nano.a(lib_a-makebuf.o)
                0x08006380                __swhatbuf_r
 *fill*         0x080063ca        0x2 
 .text.__smakebuf_r
                0x080063cc       0x80 e:/program files (x86)/gnu arm embedded toolchain/10 2021.10/bin/../lib/gcc/arm-none-eabi/10.3.1/../../../../arm-none-eabi/lib/thumb/v7e-m+fp/hard\libc_nano.a(lib_a-makebuf.o)
                0x080063cc                __smakebuf_r
 .text.__malloc_lock
                0x0800644c        0xc e:/program files (x86)/gnu arm embedded toolchain/10 2021.10/bin/../lib/gcc/arm-none-eabi/10.3.1/../../../../arm-none-eabi/lib/thumb/v7e-m+fp/hard\libc_nano.a(lib_a-mlock.o)
                0x0800644c                __malloc_lock
 .text.__malloc_unlock
                0x08006458        0xc e:/program files (x86)/gnu arm embedded toolchain/10 2021.10/bin/../lib/gcc/arm-none-eabi/10.3.1/../../../../arm-none-eabi/lib/thumb/v7e-m+fp/hard\libc_nano.a(lib_a-mlock.o)
                0x08006458                __malloc_unlock
 .text.__sfputc_r
                0x08006464       0x2e e:/program files (x86)/gnu arm embedded toolchain/10 2021.10/bin/../lib/gcc/arm-none-eabi/10.3.1/../../../../arm-none-eabi/lib/thumb/v7e-m+fp/hard\libc_nano.a(lib_a-nano-vfprintf.o)
 .text.__sfputs_r
                0x08006492       0x24 e:/program files (x86)/gnu arm embedded toolchain/10 2021.10/bin/../lib/gcc/arm-none-eabi/10.3.1/../../../../arm-none-eabi/lib/thumb/v7e-m+fp/hard\libc_nano.a(lib_a-nano-vfprintf.o)
                0x08006492                __sfputs_r
 *fill*         0x080064b6        0x2 
 .text._vfprintf_r
                0x080064b8      0x260 e:/program files (x86)/gnu arm embedded toolchain/10 2021.10/bin/../lib/gcc/arm-none-eabi/10.3.1/../../../../arm-none-eabi/lib/thumb/v7e-m+fp/hard\libc_nano.a(lib_a-nano-vfprintf.o)
                0x080064b8                _vfprintf_r
                0x080064b8                _vfiprintf_r
 .text._printf_common
                0x08006718       0xda e:/program files (x86)/gnu arm embedded toolchain/10 2021.10/bin/../lib/gcc/arm-none-eabi/10.3.1/../../../../arm-none-eabi/lib/thumb/v7e-m+fp/hard\libc_nano.a(lib_a-nano-vfprintf_i.o)
                0x08006718                _printf_common
 *fill*         0x080067f2        0x2 
 .text._printf_i
                0x080067f4      0x24c e:/program files (x86)/gnu arm embedded toolchain/10 2021.10/bin/../lib/gcc/arm-none-eabi/10.3.1/../../../../arm-none-eabi/lib/thumb/v7e-m+fp/hard\libc_nano.a(lib_a-nano-vfprintf_i.o)
                0x080067f4                _printf_i
 .text.__sread  0x08006a40       0x22 e:/program files (x86)/gnu arm embedded toolchain/10 2021.10/bin/../lib/gcc/arm-none-eabi/10.3.1/../../../../arm-none-eabi/lib/thumb/v7e-m+fp/hard\libc_nano.a(lib_a-stdio.o)
                0x08006a40                __sread
 .text.__swrite
                0x08006a62       0x38 e:/program files (x86)/gnu arm embedded toolchain/10 2021.10/bin/../lib/gcc/arm-none-eabi/10.3.1/../../../../arm-none-eabi/lib/thumb/v7e-m+fp/hard\libc_nano.a(lib_a-stdio.o)
                0x08006a62                __swrite
 .text.__sseek  0x08006a9a       0x24 e:/program files (x86)/gnu arm embedded toolchain/10 2021.10/bin/../lib/gcc/arm-none-eabi/10.3.1/../../../../arm-none-eabi/lib/thumb/v7e-m+fp/hard\libc_nano.a(lib_a-stdio.o)
                0x08006a9a                __sseek
 .text.__sclose
                0x08006abe        0x8 e:/program files (x86)/gnu arm embedded toolchain/10 2021.10/bin/../lib/gcc/arm-none-eabi/10.3.1/../../../../arm-none-eabi/lib/thumb/v7e-m+fp/hard\libc_nano.a(lib_a-stdio.o)
                0x08006abe                __sclose
 *fill*         0x08006ac6        0x2 
 .text._write_r
                0x08006ac8       0x24 e:/program files (x86)/gnu arm embedded toolchain/10 2021.10/bin/../lib/gcc/arm-none-eabi/10.3.1/../../../../arm-none-eabi/lib/thumb/v7e-m+fp/hard\libc_nano.a(lib_a-writer.o)
                0x08006ac8                _write_r
 .text._close_r
                0x08006aec       0x20 e:/program files (x86)/gnu arm embedded toolchain/10 2021.10/bin/../lib/gcc/arm-none-eabi/10.3.1/../../../../arm-none-eabi/lib/thumb/v7e-m+fp/hard\libc_nano.a(lib_a-closer.o)
                0x08006aec                _close_r
 .text._fstat_r
                0x08006b0c       0x24 e:/program files (x86)/gnu arm embedded toolchain/10 2021.10/bin/../lib/gcc/arm-none-eabi/10.3.1/../../../../arm-none-eabi/lib/thumb/v7e-m+fp/hard\libc_nano.a(lib_a-fstatr.o)
                0x08006b0c                _fstat_r
 .text._isatty_r
                0x08006b30       0x20 e:/program files (x86)/gnu arm embedded toolchain/10 2021.10/bin/../lib/gcc/arm-none-eabi/10.3.1/../../../../arm-none-eabi/lib/thumb/v7e-m+fp/hard\libc_nano.a(lib_a-isattyr.o)
                0x08006b30                _isatty_r
 .text._lseek_r
                0x08006b50       0x24 e:/program files (x86)/gnu arm embedded toolchain/10 2021.10/bin/../lib/gcc/arm-none-eabi/10.3.1/../../../../arm-none-eabi/lib/thumb/v7e-m+fp/hard\libc_nano.a(lib_a-lseekr.o)
                0x08006b50                _lseek_r
 .text._read_r  0x08006b74       0x24 e:/program files (x86)/gnu arm embedded toolchain/10 2021.10/bin/../lib/gcc/arm-none-eabi/10.3.1/../../../../arm-none-eabi/lib/thumb/v7e-m+fp/hard\libc_nano.a(lib_a-readr.o)
                0x08006b74                _read_r
 .text._close   0x08006b98       0x10 e:/program files (x86)/gnu arm embedded toolchain/10 2021.10/bin/../lib/gcc/arm-none-eabi/10.3.1/../../../../arm-none-eabi/lib/thumb/v7e-m+fp/hard\libnosys.a(close.o)
                0x08006b98                _close
 .text._fstat   0x08006ba8       0x10 e:/program files (x86)/gnu arm embedded toolchain/10 2021.10/bin/../lib/gcc/arm-none-eabi/10.3.1/../../../../arm-none-eabi/lib/thumb/v7e-m+fp/hard\libnosys.a(fstat.o)
                0x08006ba8                _fstat
 .text._isatty  0x08006bb8       0x10 e:/program files (x86)/gnu arm embedded toolchain/10 2021.10/bin/../lib/gcc/arm-none-eabi/10.3.1/../../../../arm-none-eabi/lib/thumb/v7e-m+fp/hard\libnosys.a(isatty.o)
                0x08006bb8                _isatty
 .text._lseek   0x08006bc8       0x10 e:/program files (x86)/gnu arm embedded toolchain/10 2021.10/bin/../lib/gcc/arm-none-eabi/10.3.1/../../../../arm-none-eabi/lib/thumb/v7e-m+fp/hard\libnosys.a(lseek.o)
                0x08006bc8                _lseek
 .text._read    0x08006bd8       0x10 e:/program files (x86)/gnu arm embedded toolchain/10 2021.10/bin/../lib/gcc/arm-none-eabi/10.3.1/../../../../arm-none-eabi/lib/thumb/v7e-m+fp/hard\libnosys.a(read.o)
                0x08006bd8                _read
 .text._sbrk    0x08006be8       0x1c e:/program files (x86)/gnu arm embedded toolchain/10 2021.10/bin/../lib/gcc/arm-none-eabi/10.3.1/../../../../arm-none-eabi/lib/thumb/v7e-m+fp/hard\libnosys.a(sbrk.o)
                0x08006be8                _sbrk
 *(.glue_7)
 .glue_7        0x08006c04        0x0 linker stubs
 *(.glue_7t)
 .glue_7t       0x08006c04        0x0 linker stubs
 *(.eh_frame)
 .eh_frame      0x08006c04        0x0 e:/program files (x86)/gnu arm embedded toolchain/10 2021.10/bin/../lib/gcc/arm-none-eabi/10.3.1/thumb/v7e-m+fp/hard/crtbegin.o
 *(.init)
 .init          0x08006c04        0x4 e:/program files (x86)/gnu arm embedded toolchain/10 2021.10/bin/../lib/gcc/arm-none-eabi/10.3.1/thumb/v7e-m+fp/hard/crti.o
                0x08006c04                _init
 .init          0x08006c08        0x8 e:/program files (x86)/gnu arm embedded toolchain/10 2021.10/bin/../lib/gcc/arm-none-eabi/10.3.1/thumb/v7e-m+fp/hard/crtn.o
 *(.fini)
 .fini          0x08006c10        0x4 e:/program files (x86)/gnu arm embedded toolchain/10 2021.10/bin/../lib/gcc/arm-none-eabi/10.3.1/thumb/v7e-m+fp/hard/crti.o
                0x08006c10                _fini
 .fini          0x08006c14        0x8 e:/program files (x86)/gnu arm embedded toolchain/10 2021.10/bin/../lib/gcc/arm-none-eabi/10.3.1/thumb/v7e-m+fp/hard/crtn.o
                0x08006c1c                . = ALIGN (0x4)
                0x08006c1c                _etext = .

.vfp11_veneer   0x08006c1c        0x0
 .vfp11_veneer  0x08006c1c        0x0 linker stubs

.v4_bx          0x08006c1c        0x0
 .v4_bx         0x08006c1c        0x0 linker stubs

.iplt           0x08006c1c        0x0
 .iplt          0x08006c1c        0x0 e:/program files (x86)/gnu arm embedded toolchain/10 2021.10/bin/../lib/gcc/arm-none-eabi/10.3.1/thumb/v7e-m+fp/hard/crtbegin.o

.rodata         0x08006c1c      0x170
                0x08006c1c                . = ALIGN (0x4)
 *(.rodata)
 *(.rodata*)
 .rodata.main.str1.4
                0x08006c1c       0x21 build/main.o
 *fill*         0x08006c3d        0x3 
 .rodata.CDC_Receive_FS.str1.4
                0x08006c40        0xa build/usbd_cdc_if.o
 *fill*         0x08006c4a        0x2 
 .rodata.USBD_CMPSIT_FS_ManufacturerStrDescriptor.str1.4
                0x08006c4c       0x10 build/usbd_composite.o
 .rodata.USBD_CMPSIT_FS_ProductStrDescriptor.str1.4
                0x08006c5c       0x18 build/usbd_composite.o
 .rodata.USBD_CMPSIT_FS_InterfaceStrDescriptor.str1.4
                0x08006c74       0x14 build/usbd_composite.o
 .rodata.USBD_CMPSIT_FS_ConfigStrDescriptor.str1.4
                0x08006c88       0x11 build/usbd_composite.o
 *fill*         0x08006c99        0x3 
 .rodata.STORAGE_Inquirydata_FS
                0x08006c9c       0x24 build/usbd_storage_if.o
                0x08006c9c                STORAGE_Inquirydata_FS
 .rodata.AHBPrescTable
                0x08006cc0       0x10 build/system_stm32f4xx.o
                0x08006cc0                AHBPrescTable
 .rodata.APBPrescTable
                0x08006cd0        0x8 build/system_stm32f4xx.o
                0x08006cd0                APBPrescTable
 .rodata.USBD_GetDescriptor.str1.4
                0x08006cd8        0xc build/usbd_ctlreq.o
 .rodata.USBD_StdDevReq.str1.4
                0x08006ce4        0xe build/usbd_ctlreq.o
 *fill*         0x08006cf2        0x2 
 .rodata._global_impure_ptr
                0x08006cf4        0x4 e:/program files (x86)/gnu arm embedded toolchain/10 2021.10/bin/../lib/gcc/arm-none-eabi/10.3.1/../../../../arm-none-eabi/lib/thumb/v7e-m+fp/hard\libc_nano.a(lib_a-impure.o)
                0x08006cf4                _global_impure_ptr
 .rodata.__sf_fake_stderr
                0x08006cf8       0x20 e:/program files (x86)/gnu arm embedded toolchain/10 2021.10/bin/../lib/gcc/arm-none-eabi/10.3.1/../../../../arm-none-eabi/lib/thumb/v7e-m+fp/hard\libc_nano.a(lib_a-findfp.o)
                0x08006cf8                __sf_fake_stderr
 .rodata.__sf_fake_stdin
                0x08006d18       0x20 e:/program files (x86)/gnu arm embedded toolchain/10 2021.10/bin/../lib/gcc/arm-none-eabi/10.3.1/../../../../arm-none-eabi/lib/thumb/v7e-m+fp/hard\libc_nano.a(lib_a-findfp.o)
                0x08006d18                __sf_fake_stdin
 .rodata.__sf_fake_stdout
                0x08006d38       0x20 e:/program files (x86)/gnu arm embedded toolchain/10 2021.10/bin/../lib/gcc/arm-none-eabi/10.3.1/../../../../arm-none-eabi/lib/thumb/v7e-m+fp/hard\libc_nano.a(lib_a-findfp.o)
                0x08006d38                __sf_fake_stdout
 .rodata._vfprintf_r.str1.1
                0x08006d58       0x11 e:/program files (x86)/gnu arm embedded toolchain/10 2021.10/bin/../lib/gcc/arm-none-eabi/10.3.1/../../../../arm-none-eabi/lib/thumb/v7e-m+fp/hard\libc_nano.a(lib_a-nano-vfprintf.o)
 .rodata._printf_i.str1.1
                0x08006d69       0x22 e:/program files (x86)/gnu arm embedded toolchain/10 2021.10/bin/../lib/gcc/arm-none-eabi/10.3.1/../../../../arm-none-eabi/lib/thumb/v7e-m+fp/hard\libc_nano.a(lib_a-nano-vfprintf_i.o)
                0x08006d8c                . = ALIGN (0x4)
 *fill*         0x08006d8b        0x1 

.ARM.extab
 *(.ARM.extab* .gnu.linkonce.armextab.*)

.ARM            0x08006d8c        0x8
                0x08006d8c                __exidx_start = .
 *(.ARM.exidx*)
 .ARM.exidx     0x08006d8c        0x8 e:/program files (x86)/gnu arm embedded toolchain/10 2021.10/bin/../lib/gcc/arm-none-eabi/10.3.1/thumb/v7e-m+fp/hard\libgcc.a(_udivmoddi4.o)
                0x08006d94                __exidx_end = .

.rel.dyn        0x08006d94        0x0
 .rel.iplt      0x08006d94        0x0 e:/program files (x86)/gnu arm embedded toolchain/10 2021.10/bin/../lib/gcc/arm-none-eabi/10.3.1/thumb/v7e-m+fp/hard/crtbegin.o

.preinit_array  0x08006d94        0x0
                0x08006d94                PROVIDE (__preinit_array_start = .)
 *(.preinit_array*)
                0x08006d94                PROVIDE (__preinit_array_end = .)

.init_array     0x08006d94        0x4
                0x08006d94                PROVIDE (__init_array_start = .)
 *(SORT_BY_NAME(.init_array.*))
 *(.init_array*)
 .init_array    0x08006d94        0x4 e:/program files (x86)/gnu arm embedded toolchain/10 2021.10/bin/../lib/gcc/arm-none-eabi/10.3.1/thumb/v7e-m+fp/hard/crtbegin.o
                0x08006d98                PROVIDE (__init_array_end = .)

.fini_array     0x08006d98        0x4
                [!provide]                PROVIDE (__fini_array_start = .)
 *(SORT_BY_NAME(.fini_array.*))
 *(.fini_array*)
 .fini_array    0x08006d98        0x4 e:/program files (x86)/gnu arm embedded toolchain/10 2021.10/bin/../lib/gcc/arm-none-eabi/10.3.1/thumb/v7e-m+fp/hard/crtbegin.o
                [!provide]                PROVIDE (__fini_array_end = .)
                0x08006d9c                _sidata = LOADADDR (.data)

.data           0x20000000      0x260 load address 0x08006d9c
                0x20000000                . = ALIGN (0x4)
                0x20000000                _sdata = .
 *(.data)
 *(.data*)
 .data.USBD_Interface_fops_FS
                0x20000000       0x14 build/usbd_cdc_if.o
                0x20000000                USBD_Interface_fops_FS
 .data.USBD_CMPSIT
                0x20000014       0x38 build/usbd_composite.o
                0x20000014                USBD_CMPSIT
 .data.USBD_CMPSIT_CfgDesc
                0x2000004c       0x6a build/usbd_composite.o
 *fill*         0x200000b6        0x2 
 .data.USBD_CMPSIT_DeviceQualifierDesc
                0x200000b8        0xa build/usbd_composite.o
 *fill*         0x200000c2        0x2 
 .data.USBD_CMPSIT_FS_DeviceDesc
                0x200000c4       0x12 build/usbd_composite.o
                0x200000c4                USBD_CMPSIT_FS_DeviceDesc
 *fill*         0x200000d6        0x2 
 .data.USBD_CMPSIT_LangIDDesc
                0x200000d8        0x4 build/usbd_composite.o
                0x200000d8                USBD_CMPSIT_LangIDDesc
 .data.USBD_CMPSIT_StringSerial
                0x200000dc       0x1a build/usbd_composite.o
                0x200000dc                USBD_CMPSIT_StringSerial
 *fill*         0x200000f6        0x2 
 .data.usbCmpsitFS_Desc
                0x200000f8       0x1c build/usbd_composite.o
                0x200000f8                usbCmpsitFS_Desc
 .data.USBD_Storage_Interface_fops_FS
                0x20000114       0x20 build/usbd_storage_if.o
                0x20000114                USBD_Storage_Interface_fops_FS
 .data.uwTickFreq
                0x20000134        0x1 build/stm32f4xx_hal.o
                0x20000134                uwTickFreq
 *fill*         0x20000135        0x3 
 .data.uwTickPrio
                0x20000138        0x4 build/stm32f4xx_hal.o
                0x20000138                uwTickPrio
 .data.SystemCoreClock
                0x2000013c        0x4 build/system_stm32f4xx.o
                0x2000013c                SystemCoreClock
 .data.CDCCmdEpAdd
                0x20000140        0x1 build/usbd_cdc.o
 .data.CDCInEpAdd
                0x20000141        0x1 build/usbd_cdc.o
 .data.CDCOutEpAdd
                0x20000142        0x1 build/usbd_cdc.o
 *fill*         0x20000143        0x1 
 .data.USBD_CDC
                0x20000144       0x38 build/usbd_cdc.o
                0x20000144                USBD_CDC
 .data.MSCInEpAdd
                0x2000017c        0x1 build/usbd_msc.o
                0x2000017c                MSCInEpAdd
 .data.MSCOutEpAdd
                0x2000017d        0x1 build/usbd_msc.o
                0x2000017d                MSCOutEpAdd
 *fill*         0x2000017e        0x2 
 .data.USBD_MSC
                0x20000180       0x38 build/usbd_msc.o
                0x20000180                USBD_MSC
 .data.MSC_Mode_Sense10_data
                0x200001b8       0x1b build/usbd_msc_data.o
                0x200001b8                MSC_Mode_Sense10_data
 *fill*         0x200001d3        0x1 
 .data.MSC_Mode_Sense6_data
                0x200001d4       0x17 build/usbd_msc_data.o
                0x200001d4                MSC_Mode_Sense6_data
 *fill*         0x200001eb        0x1 
 .data.MSC_Page00_Inquiry_Data
                0x200001ec        0x6 build/usbd_msc_data.o
                0x200001ec                MSC_Page00_Inquiry_Data
 *fill*         0x200001f2        0x2 
 .data.MSC_Page80_Inquiry_Data
                0x200001f4        0x8 build/usbd_msc_data.o
                0x200001f4                MSC_Page80_Inquiry_Data
 .data._impure_ptr
                0x200001fc        0x4 e:/program files (x86)/gnu arm embedded toolchain/10 2021.10/bin/../lib/gcc/arm-none-eabi/10.3.1/../../../../arm-none-eabi/lib/thumb/v7e-m+fp/hard\libc_nano.a(lib_a-impure.o)
                0x200001fc                _impure_ptr
 .data.impure_data
                0x20000200       0x60 e:/program files (x86)/gnu arm embedded toolchain/10 2021.10/bin/../lib/gcc/arm-none-eabi/10.3.1/../../../../arm-none-eabi/lib/thumb/v7e-m+fp/hard\libc_nano.a(lib_a-impure.o)
                0x20000260                . = ALIGN (0x4)
                0x20000260                _edata = .
                0x08006ffc                _siccmram = LOADADDR (.ccmram)

.igot.plt       0x20000260        0x0 load address 0x08006ffc
 .igot.plt      0x20000260        0x0 e:/program files (x86)/gnu arm embedded toolchain/10 2021.10/bin/../lib/gcc/arm-none-eabi/10.3.1/thumb/v7e-m+fp/hard/crtbegin.o

.ccmram         0x10000000        0x0 load address 0x08006ffc
                0x10000000                . = ALIGN (0x4)
                0x10000000                _sccmram = .
 *(.ccmram)
 *(.ccmram*)
                0x10000000                . = ALIGN (0x4)
                0x10000000                _eccmram = .
                0x10000000                . = ALIGN (0x4)

.bss            0x20000260     0x1b68
                0x20000260                _sbss = .
                0x20000260                __bss_start__ = _sbss
 *(.bss)
 .bss           0x20000260       0x1c e:/program files (x86)/gnu arm embedded toolchain/10 2021.10/bin/../lib/gcc/arm-none-eabi/10.3.1/thumb/v7e-m+fp/hard/crtbegin.o
 *(.bss*)
 .bss.huart4    0x2000027c       0x44 build/usart.o
                0x2000027c                huart4
 .bss.hUsbDeviceFS
                0x200002c0      0x3e0 build/usb_device.o
                0x200002c0                hUsbDeviceFS
 .bss.hpcd_USB_OTG_FS
                0x200006a0      0x50c build/usbd_conf.o
                0x200006a0                hpcd_USB_OTG_FS
 .bss.UserRxBufferFS
                0x20000bac      0x800 build/usbd_cdc_if.o
                0x20000bac                UserRxBufferFS
 .bss.UserTxBufferFS
                0x200013ac      0x800 build/usbd_cdc_if.o
                0x200013ac                UserTxBufferFS
 .bss.USBD_CMPSIT_StrDesc
                0x20001bac      0x200 build/usbd_composite.o
                0x20001bac                USBD_CMPSIT_StrDesc
 .bss.uwTick    0x20001dac        0x4 build/stm32f4xx_hal.o
                0x20001dac                uwTick
 .bss.cfgidx.0  0x20001db0        0x1 build/usbd_ctlreq.o
 *fill*         0x20001db1        0x3 
 .bss.__malloc_free_list
                0x20001db4        0x4 e:/program files (x86)/gnu arm embedded toolchain/10 2021.10/bin/../lib/gcc/arm-none-eabi/10.3.1/../../../../arm-none-eabi/lib/thumb/v7e-m+fp/hard\libc_nano.a(lib_a-nano-mallocr.o)
                0x20001db4                __malloc_free_list
 .bss.__malloc_sbrk_start
                0x20001db8        0x4 e:/program files (x86)/gnu arm embedded toolchain/10 2021.10/bin/../lib/gcc/arm-none-eabi/10.3.1/../../../../arm-none-eabi/lib/thumb/v7e-m+fp/hard\libc_nano.a(lib_a-nano-mallocr.o)
                0x20001db8                __malloc_sbrk_start
 .bss.__lock___malloc_recursive_mutex
                0x20001dbc        0x1 e:/program files (x86)/gnu arm embedded toolchain/10 2021.10/bin/../lib/gcc/arm-none-eabi/10.3.1/../../../../arm-none-eabi/lib/thumb/v7e-m+fp/hard\libc_nano.a(lib_a-lock.o)
                0x20001dbc                __lock___malloc_recursive_mutex
 .bss.__lock___sfp_recursive_mutex
                0x20001dbd        0x1 e:/program files (x86)/gnu arm embedded toolchain/10 2021.10/bin/../lib/gcc/arm-none-eabi/10.3.1/../../../../arm-none-eabi/lib/thumb/v7e-m+fp/hard\libc_nano.a(lib_a-lock.o)
                0x20001dbd                __lock___sfp_recursive_mutex
 .bss.__lock___sinit_recursive_mutex
                0x20001dbe        0x1 e:/program files (x86)/gnu arm embedded toolchain/10 2021.10/bin/../lib/gcc/arm-none-eabi/10.3.1/../../../../arm-none-eabi/lib/thumb/v7e-m+fp/hard\libc_nano.a(lib_a-lock.o)
                0x20001dbe                __lock___sinit_recursive_mutex
 *fill*         0x20001dbf        0x1 
 .bss.errno     0x20001dc0        0x4 e:/program files (x86)/gnu arm embedded toolchain/10 2021.10/bin/../lib/gcc/arm-none-eabi/10.3.1/../../../../arm-none-eabi/lib/thumb/v7e-m+fp/hard\libc_nano.a(lib_a-reent.o)
                0x20001dc0                errno
 .bss.heap_end.0
                0x20001dc4        0x4 e:/program files (x86)/gnu arm embedded toolchain/10 2021.10/bin/../lib/gcc/arm-none-eabi/10.3.1/../../../../arm-none-eabi/lib/thumb/v7e-m+fp/hard\libnosys.a(sbrk.o)
 *(COMMON)
                0x20001dc8                . = ALIGN (0x4)
                0x20001dc8                _ebss = .
                0x20001dc8                __bss_end__ = _ebss

._user_heap_stack
                0x20001dc8     0x4400
                0x20001dc8                . = ALIGN (0x8)
                0x20001dc8                PROVIDE (end = .)
                [!provide]                PROVIDE (_end = .)
                0x200059c8                . = (. + _Min_Heap_Size)
 *fill*         0x20001dc8     0x3c00 
                0x200061c8                . = (. + _Min_Stack_Size)
 *fill*         0x200059c8      0x800 
                0x200061c8                . = ALIGN (0x8)

/DISCARD/
 libc.a(*)
 libm.a(*)
 libgcc.a(*)

.ARM.attributes
                0x00000000       0x30
 *(.ARM.attributes)
 .ARM.attributes
                0x00000000       0x1e e:/program files (x86)/gnu arm embedded toolchain/10 2021.10/bin/../lib/gcc/arm-none-eabi/10.3.1/thumb/v7e-m+fp/hard/crti.o
 .ARM.attributes
                0x0000001e       0x34 e:/program files (x86)/gnu arm embedded toolchain/10 2021.10/bin/../lib/gcc/arm-none-eabi/10.3.1/thumb/v7e-m+fp/hard/crtbegin.o
 .ARM.attributes
                0x00000052       0x34 build/main.o
 .ARM.attributes
                0x00000086       0x34 build/gpio.o
 .ARM.attributes
                0x000000ba       0x34 build/usart.o
 .ARM.attributes
                0x000000ee       0x34 build/usb_device.o
 .ARM.attributes
                0x00000122       0x34 build/usbd_conf.o
 .ARM.attributes
                0x00000156       0x34 build/usbd_cdc_if.o
 .ARM.attributes
                0x0000018a       0x34 build/stm32f4xx_it.o
 .ARM.attributes
                0x000001be       0x34 build/stm32f4xx_hal_msp.o
 .ARM.attributes
                0x000001f2       0x34 build/usbd_composite.o
 .ARM.attributes
                0x00000226       0x34 build/usbd_storage_if.o
 .ARM.attributes
                0x0000025a       0x34 build/stm32f4xx_hal_pcd.o
 .ARM.attributes
                0x0000028e       0x34 build/stm32f4xx_hal_pcd_ex.o
 .ARM.attributes
                0x000002c2       0x34 build/stm32f4xx_ll_usb.o
 .ARM.attributes
                0x000002f6       0x34 build/stm32f4xx_hal_rcc.o
 .ARM.attributes
                0x0000032a       0x34 build/stm32f4xx_hal_gpio.o
 .ARM.attributes
                0x0000035e       0x34 build/stm32f4xx_hal_cortex.o
 .ARM.attributes
                0x00000392       0x34 build/stm32f4xx_hal.o
 .ARM.attributes
                0x000003c6       0x34 build/stm32f4xx_hal_uart.o
 .ARM.attributes
                0x000003fa       0x34 build/system_stm32f4xx.o
 .ARM.attributes
                0x0000042e       0x34 build/usbd_core.o
 .ARM.attributes
                0x00000462       0x34 build/usbd_ctlreq.o
 .ARM.attributes
                0x00000496       0x34 build/usbd_ioreq.o
 .ARM.attributes
                0x000004ca       0x34 build/usbd_cdc.o
 .ARM.attributes
                0x000004fe       0x34 build/usbd_msc.o
 .ARM.attributes
                0x00000532       0x34 build/usbd_msc_bot.o
 .ARM.attributes
                0x00000566       0x34 build/usbd_msc_data.o
 .ARM.attributes
                0x0000059a       0x34 build/usbd_msc_scsi.o
 .ARM.attributes
                0x000005ce       0x21 build/startup_stm32f405xx.o
 .ARM.attributes
                0x000005ef       0x34 e:/program files (x86)/gnu arm embedded toolchain/10 2021.10/bin/../lib/gcc/arm-none-eabi/10.3.1/../../../../arm-none-eabi/lib/thumb/v7e-m+fp/hard\libc_nano.a(lib_a-impure.o)
 .ARM.attributes
                0x00000623       0x34 e:/program files (x86)/gnu arm embedded toolchain/10 2021.10/bin/../lib/gcc/arm-none-eabi/10.3.1/../../../../arm-none-eabi/lib/thumb/v7e-m+fp/hard\libc_nano.a(lib_a-init.o)
 .ARM.attributes
                0x00000657       0x34 e:/program files (x86)/gnu arm embedded toolchain/10 2021.10/bin/../lib/gcc/arm-none-eabi/10.3.1/../../../../arm-none-eabi/lib/thumb/v7e-m+fp/hard\libc_nano.a(lib_a-malloc.o)
 .ARM.attributes
                0x0000068b       0x34 e:/program files (x86)/gnu arm embedded toolchain/10 2021.10/bin/../lib/gcc/arm-none-eabi/10.3.1/../../../../arm-none-eabi/lib/thumb/v7e-m+fp/hard\libc_nano.a(lib_a-memset.o)
 .ARM.attributes
                0x000006bf       0x34 e:/program files (x86)/gnu arm embedded toolchain/10 2021.10/bin/../lib/gcc/arm-none-eabi/10.3.1/../../../../arm-none-eabi/lib/thumb/v7e-m+fp/hard\libc_nano.a(lib_a-nano-freer.o)
 .ARM.attributes
                0x000006f3       0x34 e:/program files (x86)/gnu arm embedded toolchain/10 2021.10/bin/../lib/gcc/arm-none-eabi/10.3.1/../../../../arm-none-eabi/lib/thumb/v7e-m+fp/hard\libc_nano.a(lib_a-nano-mallocr.o)
 .ARM.attributes
                0x00000727       0x34 e:/program files (x86)/gnu arm embedded toolchain/10 2021.10/bin/../lib/gcc/arm-none-eabi/10.3.1/../../../../arm-none-eabi/lib/thumb/v7e-m+fp/hard\libc_nano.a(lib_a-printf.o)
 .ARM.attributes
                0x0000075b       0x34 e:/program files (x86)/gnu arm embedded toolchain/10 2021.10/bin/../lib/gcc/arm-none-eabi/10.3.1/../../../../arm-none-eabi/lib/thumb/v7e-m+fp/hard\libc_nano.a(lib_a-puts.o)
 .ARM.attributes
                0x0000078f       0x34 e:/program files (x86)/gnu arm embedded toolchain/10 2021.10/bin/../lib/gcc/arm-none-eabi/10.3.1/../../../../arm-none-eabi/lib/thumb/v7e-m+fp/hard\libc_nano.a(lib_a-sbrkr.o)
 .ARM.attributes
                0x000007c3       0x34 e:/program files (x86)/gnu arm embedded toolchain/10 2021.10/bin/../lib/gcc/arm-none-eabi/10.3.1/../../../../arm-none-eabi/lib/thumb/v7e-m+fp/hard\libc_nano.a(lib_a-wbuf.o)
 .ARM.attributes
                0x000007f7       0x34 e:/program files (x86)/gnu arm embedded toolchain/10 2021.10/bin/../lib/gcc/arm-none-eabi/10.3.1/../../../../arm-none-eabi/lib/thumb/v7e-m+fp/hard\libc_nano.a(lib_a-wsetup.o)
 .ARM.attributes
                0x0000082b       0x34 e:/program files (x86)/gnu arm embedded toolchain/10 2021.10/bin/../lib/gcc/arm-none-eabi/10.3.1/../../../../arm-none-eabi/lib/thumb/v7e-m+fp/hard\libc_nano.a(lib_a-fflush.o)
 .ARM.attributes
                0x0000085f       0x34 e:/program files (x86)/gnu arm embedded toolchain/10 2021.10/bin/../lib/gcc/arm-none-eabi/10.3.1/../../../../arm-none-eabi/lib/thumb/v7e-m+fp/hard\libc_nano.a(lib_a-findfp.o)
 .ARM.attributes
                0x00000893       0x34 e:/program files (x86)/gnu arm embedded toolchain/10 2021.10/bin/../lib/gcc/arm-none-eabi/10.3.1/../../../../arm-none-eabi/lib/thumb/v7e-m+fp/hard\libc_nano.a(lib_a-fwalk.o)
 .ARM.attributes
                0x000008c7       0x34 e:/program files (x86)/gnu arm embedded toolchain/10 2021.10/bin/../lib/gcc/arm-none-eabi/10.3.1/../../../../arm-none-eabi/lib/thumb/v7e-m+fp/hard\libc_nano.a(lib_a-lock.o)
 .ARM.attributes
                0x000008fb       0x34 e:/program files (x86)/gnu arm embedded toolchain/10 2021.10/bin/../lib/gcc/arm-none-eabi/10.3.1/../../../../arm-none-eabi/lib/thumb/v7e-m+fp/hard\libc_nano.a(lib_a-makebuf.o)
 .ARM.attributes
                0x0000092f       0x34 e:/program files (x86)/gnu arm embedded toolchain/10 2021.10/bin/../lib/gcc/arm-none-eabi/10.3.1/../../../../arm-none-eabi/lib/thumb/v7e-m+fp/hard\libc_nano.a(lib_a-mlock.o)
 .ARM.attributes
                0x00000963       0x34 e:/program files (x86)/gnu arm embedded toolchain/10 2021.10/bin/../lib/gcc/arm-none-eabi/10.3.1/../../../../arm-none-eabi/lib/thumb/v7e-m+fp/hard\libc_nano.a(lib_a-nano-vfprintf.o)
 .ARM.attributes
                0x00000997       0x34 e:/program files (x86)/gnu arm embedded toolchain/10 2021.10/bin/../lib/gcc/arm-none-eabi/10.3.1/../../../../arm-none-eabi/lib/thumb/v7e-m+fp/hard\libc_nano.a(lib_a-nano-vfprintf_i.o)
 .ARM.attributes
                0x000009cb       0x34 e:/program files (x86)/gnu arm embedded toolchain/10 2021.10/bin/../lib/gcc/arm-none-eabi/10.3.1/../../../../arm-none-eabi/lib/thumb/v7e-m+fp/hard\libc_nano.a(lib_a-reent.o)
 .ARM.attributes
                0x000009ff       0x34 e:/program files (x86)/gnu arm embedded toolchain/10 2021.10/bin/../lib/gcc/arm-none-eabi/10.3.1/../../../../arm-none-eabi/lib/thumb/v7e-m+fp/hard\libc_nano.a(lib_a-stdio.o)
 .ARM.attributes
                0x00000a33       0x34 e:/program files (x86)/gnu arm embedded toolchain/10 2021.10/bin/../lib/gcc/arm-none-eabi/10.3.1/../../../../arm-none-eabi/lib/thumb/v7e-m+fp/hard\libc_nano.a(lib_a-writer.o)
 .ARM.attributes
                0x00000a67       0x34 e:/program files (x86)/gnu arm embedded toolchain/10 2021.10/bin/../lib/gcc/arm-none-eabi/10.3.1/../../../../arm-none-eabi/lib/thumb/v7e-m+fp/hard\libc_nano.a(lib_a-closer.o)
 .ARM.attributes
                0x00000a9b       0x34 e:/program files (x86)/gnu arm embedded toolchain/10 2021.10/bin/../lib/gcc/arm-none-eabi/10.3.1/../../../../arm-none-eabi/lib/thumb/v7e-m+fp/hard\libc_nano.a(lib_a-fstatr.o)
 .ARM.attributes
                0x00000acf       0x34 e:/program files (x86)/gnu arm embedded toolchain/10 2021.10/bin/../lib/gcc/arm-none-eabi/10.3.1/../../../../arm-none-eabi/lib/thumb/v7e-m+fp/hard\libc_nano.a(lib_a-isattyr.o)
 .ARM.attributes
                0x00000b03       0x34 e:/program files (x86)/gnu arm embedded toolchain/10 2021.10/bin/../lib/gcc/arm-none-eabi/10.3.1/../../../../arm-none-eabi/lib/thumb/v7e-m+fp/hard\libc_nano.a(lib_a-lseekr.o)
 .ARM.attributes
                0x00000b37       0x1c e:/program files (x86)/gnu arm embedded toolchain/10 2021.10/bin/../lib/gcc/arm-none-eabi/10.3.1/../../../../arm-none-eabi/lib/thumb/v7e-m+fp/hard\libc_nano.a(lib_a-memchr.o)
 .ARM.attributes
                0x00000b53       0x34 e:/program files (x86)/gnu arm embedded toolchain/10 2021.10/bin/../lib/gcc/arm-none-eabi/10.3.1/../../../../arm-none-eabi/lib/thumb/v7e-m+fp/hard\libc_nano.a(lib_a-readr.o)
 .ARM.attributes
                0x00000b87       0x34 e:/program files (x86)/gnu arm embedded toolchain/10 2021.10/bin/../lib/gcc/arm-none-eabi/10.3.1/../../../../arm-none-eabi/lib/thumb/v7e-m+fp/hard\libnosys.a(close.o)
 .ARM.attributes
                0x00000bbb       0x34 e:/program files (x86)/gnu arm embedded toolchain/10 2021.10/bin/../lib/gcc/arm-none-eabi/10.3.1/../../../../arm-none-eabi/lib/thumb/v7e-m+fp/hard\libnosys.a(fstat.o)
 .ARM.attributes
                0x00000bef       0x34 e:/program files (x86)/gnu arm embedded toolchain/10 2021.10/bin/../lib/gcc/arm-none-eabi/10.3.1/../../../../arm-none-eabi/lib/thumb/v7e-m+fp/hard\libnosys.a(isatty.o)
 .ARM.attributes
                0x00000c23       0x34 e:/program files (x86)/gnu arm embedded toolchain/10 2021.10/bin/../lib/gcc/arm-none-eabi/10.3.1/../../../../arm-none-eabi/lib/thumb/v7e-m+fp/hard\libnosys.a(lseek.o)
 .ARM.attributes
                0x00000c57       0x34 e:/program files (x86)/gnu arm embedded toolchain/10 2021.10/bin/../lib/gcc/arm-none-eabi/10.3.1/../../../../arm-none-eabi/lib/thumb/v7e-m+fp/hard\libnosys.a(read.o)
 .ARM.attributes
                0x00000c8b       0x34 e:/program files (x86)/gnu arm embedded toolchain/10 2021.10/bin/../lib/gcc/arm-none-eabi/10.3.1/../../../../arm-none-eabi/lib/thumb/v7e-m+fp/hard\libnosys.a(sbrk.o)
 .ARM.attributes
                0x00000cbf       0x1e e:/program files (x86)/gnu arm embedded toolchain/10 2021.10/bin/../lib/gcc/arm-none-eabi/10.3.1/thumb/v7e-m+fp/hard\libgcc.a(_aeabi_uldivmod.o)
 .ARM.attributes
                0x00000cdd       0x34 e:/program files (x86)/gnu arm embedded toolchain/10 2021.10/bin/../lib/gcc/arm-none-eabi/10.3.1/thumb/v7e-m+fp/hard\libgcc.a(_udivmoddi4.o)
 .ARM.attributes
                0x00000d11       0x1e e:/program files (x86)/gnu arm embedded toolchain/10 2021.10/bin/../lib/gcc/arm-none-eabi/10.3.1/thumb/v7e-m+fp/hard\libgcc.a(_dvmd_tls.o)
 .ARM.attributes
                0x00000d2f       0x1e e:/program files (x86)/gnu arm embedded toolchain/10 2021.10/bin/../lib/gcc/arm-none-eabi/10.3.1/thumb/v7e-m+fp/hard/crtn.o
OUTPUT(build/usb_composite.elf elf32-littlearm)
LOAD linker stubs
LOAD e:/program files (x86)/gnu arm embedded toolchain/10 2021.10/bin/../lib/gcc/arm-none-eabi/10.3.1/../../../../arm-none-eabi/lib/thumb/v7e-m+fp/hard\libc.a
LOAD e:/program files (x86)/gnu arm embedded toolchain/10 2021.10/bin/../lib/gcc/arm-none-eabi/10.3.1/../../../../arm-none-eabi/lib/thumb/v7e-m+fp/hard\libm.a
LOAD e:/program files (x86)/gnu arm embedded toolchain/10 2021.10/bin/../lib/gcc/arm-none-eabi/10.3.1/thumb/v7e-m+fp/hard\libgcc.a

.debug_info     0x00000000    0x1c9e0
 .debug_info    0x00000000      0xc38 build/main.o
 .debug_info    0x00000c38      0x2eb build/gpio.o
 .debug_info    0x00000f23      0xabe build/usart.o
 .debug_info    0x000019e1      0xb5f build/usb_device.o
 .debug_info    0x00002540     0x2366 build/usbd_conf.o
 .debug_info    0x000048a6      0xcb0 build/usbd_cdc_if.o
 .debug_info    0x00005556      0x70c build/stm32f4xx_it.o
 .debug_info    0x00005c62      0x2eb build/stm32f4xx_hal_msp.o
 .debug_info    0x00005f4d      0xdcc build/usbd_composite.o
 .debug_info    0x00006d19      0x417 build/usbd_storage_if.o
 .debug_info    0x00007130     0x1d1e build/stm32f4xx_hal_pcd.o
 .debug_info    0x00008e4e      0x7b3 build/stm32f4xx_hal_pcd_ex.o
 .debug_info    0x00009601     0x2164 build/stm32f4xx_ll_usb.o
 .debug_info    0x0000b765      0xbe6 build/stm32f4xx_hal_rcc.o
 .debug_info    0x0000c34b      0x848 build/stm32f4xx_hal_gpio.o
 .debug_info    0x0000cb93     0x1162 build/stm32f4xx_hal_cortex.o
 .debug_info    0x0000dcf5      0xabd build/stm32f4xx_hal.o
 .debug_info    0x0000e7b2     0x43e7 build/stm32f4xx_hal_uart.o
 .debug_info    0x00012b99      0x5b3 build/system_stm32f4xx.o
 .debug_info    0x0001314c     0x1841 build/usbd_core.o
 .debug_info    0x0001498d     0x17c2 build/usbd_ctlreq.o
 .debug_info    0x0001614f      0xb1e build/usbd_ioreq.o
 .debug_info    0x00016c6d     0x1799 build/usbd_cdc.o
 .debug_info    0x00018406     0x121d build/usbd_msc.o
 .debug_info    0x00019623     0x13c6 build/usbd_msc_bot.o
 .debug_info    0x0001a9e9      0x13a build/usbd_msc_data.o
 .debug_info    0x0001ab23     0x1e9b build/usbd_msc_scsi.o
 .debug_info    0x0001c9be       0x22 build/startup_stm32f405xx.o

.debug_abbrev   0x00000000     0x3de2
 .debug_abbrev  0x00000000      0x242 build/main.o
 .debug_abbrev  0x00000242       0xd3 build/gpio.o
 .debug_abbrev  0x00000315      0x1de build/usart.o
 .debug_abbrev  0x000004f3      0x188 build/usb_device.o
 .debug_abbrev  0x0000067b      0x2ee build/usbd_conf.o
 .debug_abbrev  0x00000969      0x2e1 build/usbd_cdc_if.o
 .debug_abbrev  0x00000c4a      0x17c build/stm32f4xx_it.o
 .debug_abbrev  0x00000dc6       0xd3 build/stm32f4xx_hal_msp.o
 .debug_abbrev  0x00000e99      0x2ef build/usbd_composite.o
 .debug_abbrev  0x00001188      0x1c3 build/usbd_storage_if.o
 .debug_abbrev  0x0000134b      0x2d1 build/stm32f4xx_hal_pcd.o
 .debug_abbrev  0x0000161c      0x1c5 build/stm32f4xx_hal_pcd_ex.o
 .debug_abbrev  0x000017e1      0x2f9 build/stm32f4xx_ll_usb.o
 .debug_abbrev  0x00001ada      0x2aa build/stm32f4xx_hal_rcc.o
 .debug_abbrev  0x00001d84      0x22b build/stm32f4xx_hal_gpio.o
 .debug_abbrev  0x00001faf      0x382 build/stm32f4xx_hal_cortex.o
 .debug_abbrev  0x00002331      0x209 build/stm32f4xx_hal.o
 .debug_abbrev  0x0000253a      0x356 build/stm32f4xx_hal_uart.o
 .debug_abbrev  0x00002890      0x11b build/system_stm32f4xx.o
 .debug_abbrev  0x000029ab      0x325 build/usbd_core.o
 .debug_abbrev  0x00002cd0      0x36b build/usbd_ctlreq.o
 .debug_abbrev  0x0000303b      0x176 build/usbd_ioreq.o
 .debug_abbrev  0x000031b1      0x2d0 build/usbd_cdc.o
 .debug_abbrev  0x00003481      0x2fd build/usbd_msc.o
 .debug_abbrev  0x0000377e      0x2a6 build/usbd_msc_bot.o
 .debug_abbrev  0x00003a24       0x69 build/usbd_msc_data.o
 .debug_abbrev  0x00003a8d      0x343 build/usbd_msc_scsi.o
 .debug_abbrev  0x00003dd0       0x12 build/startup_stm32f405xx.o

.debug_loc      0x00000000    0x1265b
 .debug_loc     0x00000000       0xff build/main.o
 .debug_loc     0x000000ff       0x2c build/gpio.o
 .debug_loc     0x0000012b      0x108 build/usart.o
 .debug_loc     0x00000233       0x20 build/usb_device.o
 .debug_loc     0x00000253      0xf26 build/usbd_conf.o
 .debug_loc     0x00001179      0x1ec build/usbd_cdc_if.o
 .debug_loc     0x00001365       0x40 build/stm32f4xx_it.o
 .debug_loc     0x000013a5       0x2c build/stm32f4xx_hal_msp.o
 .debug_loc     0x000013d1      0x50f build/usbd_composite.o
 .debug_loc     0x000018e0       0xde build/usbd_storage_if.o
 .debug_loc     0x000019be     0x1777 build/stm32f4xx_hal_pcd.o
 .debug_loc     0x00003135      0x116 build/stm32f4xx_hal_pcd_ex.o
 .debug_loc     0x0000324b     0x2abe build/stm32f4xx_ll_usb.o
 .debug_loc     0x00005d09      0x6e4 build/stm32f4xx_hal_rcc.o
 .debug_loc     0x000063ed      0x5e8 build/stm32f4xx_hal_gpio.o
 .debug_loc     0x000069d5      0x7a4 build/stm32f4xx_hal_cortex.o
 .debug_loc     0x00007179      0x1e1 build/stm32f4xx_hal.o
 .debug_loc     0x0000735a     0x4fef build/stm32f4xx_hal_uart.o
 .debug_loc     0x0000c349      0x158 build/system_stm32f4xx.o
 .debug_loc     0x0000c4a1     0x140d build/usbd_core.o
 .debug_loc     0x0000d8ae     0x16d5 build/usbd_ctlreq.o
 .debug_loc     0x0000ef83      0x398 build/usbd_ioreq.o
 .debug_loc     0x0000f31b      0x95c build/usbd_cdc.o
 .debug_loc     0x0000fc77      0x3f2 build/usbd_msc.o
 .debug_loc     0x00010069      0x60b build/usbd_msc_bot.o
 .debug_loc     0x00010674     0x1fe7 build/usbd_msc_scsi.o

.debug_aranges  0x00000000      0xf08
 .debug_aranges
                0x00000000       0x38 build/main.o
 .debug_aranges
                0x00000038       0x20 build/gpio.o
 .debug_aranges
                0x00000058       0x30 build/usart.o
 .debug_aranges
                0x00000088       0x20 build/usb_device.o
 .debug_aranges
                0x000000a8      0x110 build/usbd_conf.o
 .debug_aranges
                0x000001b8       0x48 build/usbd_cdc_if.o
 .debug_aranges
                0x00000200       0x68 build/stm32f4xx_it.o
 .debug_aranges
                0x00000268       0x20 build/stm32f4xx_hal_msp.o
 .debug_aranges
                0x00000288       0x88 build/usbd_composite.o
 .debug_aranges
                0x00000310       0x50 build/usbd_storage_if.o
 .debug_aranges
                0x00000360      0x148 build/stm32f4xx_hal_pcd.o
 .debug_aranges
                0x000004a8       0x38 build/stm32f4xx_hal_pcd_ex.o
 .debug_aranges
                0x000004e0      0x1a0 build/stm32f4xx_ll_usb.o
 .debug_aranges
                0x00000680       0x88 build/stm32f4xx_hal_rcc.o
 .debug_aranges
                0x00000708       0x58 build/stm32f4xx_hal_gpio.o
 .debug_aranges
                0x00000760       0xa8 build/stm32f4xx_hal_cortex.o
 .debug_aranges
                0x00000808       0xf0 build/stm32f4xx_hal.o
 .debug_aranges
                0x000008f8      0x200 build/stm32f4xx_hal_uart.o
 .debug_aranges
                0x00000af8       0x28 build/system_stm32f4xx.o
 .debug_aranges
                0x00000b20       0xf0 build/usbd_core.o
 .debug_aranges
                0x00000c10       0x88 build/usbd_ctlreq.o
 .debug_aranges
                0x00000c98       0x50 build/usbd_ioreq.o
 .debug_aranges
                0x00000ce8       0x70 build/usbd_cdc.o
 .debug_aranges
                0x00000d58       0x48 build/usbd_msc.o
 .debug_aranges
                0x00000da0       0x68 build/usbd_msc_bot.o
 .debug_aranges
                0x00000e08       0x18 build/usbd_msc_data.o
 .debug_aranges
                0x00000e20       0xc0 build/usbd_msc_scsi.o
 .debug_aranges
                0x00000ee0       0x28 build/startup_stm32f405xx.o

.debug_ranges   0x00000000      0xe50
 .debug_ranges  0x00000000       0x28 build/main.o
 .debug_ranges  0x00000028       0x10 build/gpio.o
 .debug_ranges  0x00000038       0x20 build/usart.o
 .debug_ranges  0x00000058       0x10 build/usb_device.o
 .debug_ranges  0x00000068      0x100 build/usbd_conf.o
 .debug_ranges  0x00000168       0x38 build/usbd_cdc_if.o
 .debug_ranges  0x000001a0       0x58 build/stm32f4xx_it.o
 .debug_ranges  0x000001f8       0x10 build/stm32f4xx_hal_msp.o
 .debug_ranges  0x00000208       0x78 build/usbd_composite.o
 .debug_ranges  0x00000280       0x40 build/usbd_storage_if.o
 .debug_ranges  0x000002c0      0x138 build/stm32f4xx_hal_pcd.o
 .debug_ranges  0x000003f8       0x28 build/stm32f4xx_hal_pcd_ex.o
 .debug_ranges  0x00000420      0x190 build/stm32f4xx_ll_usb.o
 .debug_ranges  0x000005b0       0x90 build/stm32f4xx_hal_rcc.o
 .debug_ranges  0x00000640       0x48 build/stm32f4xx_hal_gpio.o
 .debug_ranges  0x00000688       0xf8 build/stm32f4xx_hal_cortex.o
 .debug_ranges  0x00000780       0xe0 build/stm32f4xx_hal.o
 .debug_ranges  0x00000860      0x208 build/stm32f4xx_hal_uart.o
 .debug_ranges  0x00000a68       0x18 build/system_stm32f4xx.o
 .debug_ranges  0x00000a80      0x158 build/usbd_core.o
 .debug_ranges  0x00000bd8       0x78 build/usbd_ctlreq.o
 .debug_ranges  0x00000c50       0x40 build/usbd_ioreq.o
 .debug_ranges  0x00000c90       0x60 build/usbd_cdc.o
 .debug_ranges  0x00000cf0       0x38 build/usbd_msc.o
 .debug_ranges  0x00000d28       0x58 build/usbd_msc_bot.o
 .debug_ranges  0x00000d80       0xb0 build/usbd_msc_scsi.o
 .debug_ranges  0x00000e30       0x20 build/startup_stm32f405xx.o

.debug_line     0x00000000    0x107c6
 .debug_line    0x00000000      0x377 build/main.o
 .debug_line    0x00000377      0x15c build/gpio.o
 .debug_line    0x000004d3      0x2cf build/usart.o
 .debug_line    0x000007a2      0x28b build/usb_device.o
 .debug_line    0x00000a2d      0x81f build/usbd_conf.o
 .debug_line    0x0000124c      0x317 build/usbd_cdc_if.o
 .debug_line    0x00001563      0x2dd build/stm32f4xx_it.o
 .debug_line    0x00001840      0x169 build/stm32f4xx_hal_msp.o
 .debug_line    0x000019a9      0x3f5 build/usbd_composite.o
 .debug_line    0x00001d9e      0x278 build/usbd_storage_if.o
 .debug_line    0x00002016     0x1570 build/stm32f4xx_hal_pcd.o
 .debug_line    0x00003586      0x2c9 build/stm32f4xx_hal_pcd_ex.o
 .debug_line    0x0000384f     0x1e46 build/stm32f4xx_ll_usb.o
 .debug_line    0x00005695      0xb24 build/stm32f4xx_hal_rcc.o
 .debug_line    0x000061b9      0x6f5 build/stm32f4xx_hal_gpio.o
 .debug_line    0x000068ae      0x78c build/stm32f4xx_hal_cortex.o
 .debug_line    0x0000703a      0x579 build/stm32f4xx_hal.o
 .debug_line    0x000075b3     0x4602 build/stm32f4xx_hal_uart.o
 .debug_line    0x0000bbb5      0x25f build/system_stm32f4xx.o
 .debug_line    0x0000be14      0xfcb build/usbd_core.o
 .debug_line    0x0000cddf      0xe2a build/usbd_ctlreq.o
 .debug_line    0x0000dc09      0x2be build/usbd_ioreq.o
 .debug_line    0x0000dec7      0x963 build/usbd_cdc.o
 .debug_line    0x0000e82a      0x5cb build/usbd_msc.o
 .debug_line    0x0000edf5      0x66c build/usbd_msc_bot.o
 .debug_line    0x0000f461      0x182 build/usbd_msc_data.o
 .debug_line    0x0000f5e3     0x116d build/usbd_msc_scsi.o
 .debug_line    0x00010750       0x76 build/startup_stm32f405xx.o

.debug_str      0x00000000     0x4966
 .debug_str     0x00000000      0x83d build/main.o
                                0x8df (size before relaxing)
 .debug_str     0x0000083d        0xb build/gpio.o
                                0x283 (size before relaxing)
 .debug_str     0x00000848       0xc9 build/usart.o
                                0x7ca (size before relaxing)
 .debug_str     0x00000911      0x60f build/usb_device.o
                                0x89c (size before relaxing)
 .debug_str     0x00000f20      0xdac build/usbd_conf.o
                               0x16b1 (size before relaxing)
 .debug_str     0x00001ccc      0x13d build/usbd_cdc_if.o
                                0x8e0 (size before relaxing)
 .debug_str     0x00001e09       0xd4 build/stm32f4xx_it.o
                                0x619 (size before relaxing)
 .debug_str     0x00001edd       0x24 build/stm32f4xx_hal_msp.o
                                0x28f (size before relaxing)
 .debug_str     0x00001f01      0x2b3 build/usbd_composite.o
                                0x9a6 (size before relaxing)
 .debug_str     0x000021b4       0xce build/usbd_storage_if.o
                                0x331 (size before relaxing)
 .debug_str     0x00002282      0x5cd build/stm32f4xx_hal_pcd.o
                                0xd9b (size before relaxing)
 .debug_str     0x0000284f      0x125 build/stm32f4xx_hal_pcd_ex.o
                                0x6ff (size before relaxing)
 .debug_str     0x00002974      0x440 build/stm32f4xx_ll_usb.o
                                0xc78 (size before relaxing)