Archive member included to satisfy reference by file (symbol)

e:/program files (x86)/gnu arm embedded toolchain/10 2021.10/bin/../lib/gcc/arm-none-eabi/10.3.1/../../../../arm-none-eabi/lib/thumb/v7e-m+fp/hard\libc_nano.a(lib_a-exit.o)
                              e:/program files (x86)/gnu arm embedded toolchain/10 2021.10/bin/../lib/gcc/arm-none-eabi/10.3.1/../../../../arm-none-eabi/lib/thumb/v7e-m+fp/hard/crt0.o (exit)
e:/program files (x86)/gnu arm embedded toolchain/10 2021.10/bin/../lib/gcc/arm-none-eabi/10.3.1/../../../../arm-none-eabi/lib/thumb/v7e-m+fp/hard\libc_nano.a(lib_a-impure.o)
                              e:/program files (x86)/gnu arm embedded toolchain/10 2021.10/bin/../lib/gcc/arm-none-eabi/10.3.1/../../../../arm-none-eabi/lib/thumb/v7e-m+fp/hard\libc_nano.a(lib_a-exit.o) (_global_impure_ptr)
e:/program files (x86)/gnu arm embedded toolchain/10 2021.10/bin/../lib/gcc/arm-none-eabi/10.3.1/../../../../arm-none-eabi/lib/thumb/v7e-m+fp/hard\libc_nano.a(lib_a-init.o)
                              e:/program files (x86)/gnu arm embedded toolchain/10 2021.10/bin/../lib/gcc/arm-none-eabi/10.3.1/../../../../arm-none-eabi/lib/thumb/v7e-m+fp/hard/crt0.o (__libc_init_array)
e:/program files (x86)/gnu arm embedded toolchain/10 2021.10/bin/../lib/gcc/arm-none-eabi/10.3.1/../../../../arm-none-eabi/lib/thumb/v7e-m+fp/hard\libc_nano.a(lib_a-malloc.o)
                              build/usbd_cdc.o (malloc)
e:/program files (x86)/gnu arm embedded toolchain/10 2021.10/bin/../lib/gcc/arm-none-eabi/10.3.1/../../../../arm-none-eabi/lib/thumb/v7e-m+fp/hard\libc_nano.a(lib_a-memset.o)
                              e:/program files (x86)/gnu arm embedded toolchain/10 2021.10/bin/../lib/gcc/arm-none-eabi/10.3.1/../../../../arm-none-eabi/lib/thumb/v7e-m+fp/hard/crt0.o (memset)
e:/program files (x86)/gnu arm embedded toolchain/10 2021.10/bin/../lib/gcc/arm-none-eabi/10.3.1/../../../../arm-none-eabi/lib/thumb/v7e-m+fp/hard\libc_nano.a(lib_a-nano-freer.o)
                              e:/program files (x86)/gnu arm embedded toolchain/10 2021.10/bin/../lib/gcc/arm-none-eabi/10.3.1/../../../../arm-none-eabi/lib/thumb/v7e-m+fp/hard\libc_nano.a(lib_a-malloc.o) (_free_r)
e:/program files (x86)/gnu arm embedded toolchain/10 2021.10/bin/../lib/gcc/arm-none-eabi/10.3.1/../../../../arm-none-eabi/lib/thumb/v7e-m+fp/hard\libc_nano.a(lib_a-nano-mallocr.o)
                              e:/program files (x86)/gnu arm embedded toolchain/10 2021.10/bin/../lib/gcc/arm-none-eabi/10.3.1/../../../../arm-none-eabi/lib/thumb/v7e-m+fp/hard\libc_nano.a(lib_a-malloc.o) (_malloc_r)
e:/program files (x86)/gnu arm embedded toolchain/10 2021.10/bin/../lib/gcc/arm-none-eabi/10.3.1/../../../../arm-none-eabi/lib/thumb/v7e-m+fp/hard\libc_nano.a(lib_a-printf.o)
                              build/usbd_cdc_if.o (printf)
e:/program files (x86)/gnu arm embedded toolchain/10 2021.10/bin/../lib/gcc/arm-none-eabi/10.3.1/../../../../arm-none-eabi/lib/thumb/v7e-m+fp/hard\libc_nano.a(lib_a-puts.o)
                              build/main.o (puts)
e:/program files (x86)/gnu arm embedded toolchain/10 2021.10/bin/../lib/gcc/arm-none-eabi/10.3.1/../../../../arm-none-eabi/lib/thumb/v7e-m+fp/hard\libc_nano.a(lib_a-sbrkr.o)
                              e:/program files (x86)/gnu arm embedded toolchain/10 2021.10/bin/../lib/gcc/arm-none-eabi/10.3.1/../../../../arm-none-eabi/lib/thumb/v7e-m+fp/hard\libc_nano.a(lib_a-nano-mallocr.o) (_sbrk_r)
e:/program files (x86)/gnu arm embedded toolchain/10 2021.10/bin/../lib/gcc/arm-none-eabi/10.3.1/../../../../arm-none-eabi/lib/thumb/v7e-m+fp/hard\libc_nano.a(lib_a-wbuf.o)
                              e:/program files (x86)/gnu arm embedded toolchain/10 2021.10/bin/../lib/gcc/arm-none-eabi/10.3.1/../../../../arm-none-eabi/lib/thumb/v7e-m+fp/hard\libc_nano.a(lib_a-puts.o) (__swbuf_r)
e:/program files (x86)/gnu arm embedded toolchain/10 2021.10/bin/../lib/gcc/arm-none-eabi/10.3.1/../../../../arm-none-eabi/lib/thumb/v7e-m+fp/hard\libc_nano.a(lib_a-wsetup.o)
                              e:/program files (x86)/gnu arm embedded toolchain/10 2021.10/bin/../lib/gcc/arm-none-eabi/10.3.1/../../../../arm-none-eabi/lib/thumb/v7e-m+fp/hard\libc_nano.a(lib_a-puts.o) (__swsetup_r)
e:/program files (x86)/gnu arm embedded toolchain/10 2021.10/bin/../lib/gcc/arm-none-eabi/10.3.1/../../../../arm-none-eabi/lib/thumb/v7e-m+fp/hard\libc_nano.a(lib_a-fflush.o)
                              e:/program files (x86)/gnu arm embedded toolchain/10 2021.10/bin/../lib/gcc/arm-none-eabi/10.3.1/../../../../arm-none-eabi/lib/thumb/v7e-m+fp/hard\libc_nano.a(lib_a-wbuf.o) (_fflush_r)
e:/program files (x86)/gnu arm embedded toolchain/10 2021.10/bin/../lib/gcc/arm-none-eabi/10.3.1/../../../../arm-none-eabi/lib/thumb/v7e-m+fp/hard\libc_nano.a(lib_a-findfp.o)
[...]
Memory Configuration

Name             Origin             Length             Attributes
RAM              0x20000000         0x00020000         xrw
CCMRAM           0x10000000         0x00010000         xrw
FLASH            0x08000000         0x00100000         xr
*default*        0x00000000         0xffffffff

Linker script and memory map

LOAD e:/program files (x86)/gnu arm embedded toolchain/10 2021.10/bin/../lib/gcc/arm-none-eabi/10.3.1/thumb/v7e-m+fp/hard/crti.o
LOAD e:/program files (x86)/gnu arm embedded toolchain/10 2021.10/bin/../lib/gcc/arm-none-eabi/10.3.1/thumb/v7e-m+fp/hard/crtbegin.o
LOAD e:/program files (x86)/gnu arm embedded toolchain/10 2021.10/bin/../lib/gcc/arm-none-eabi/10.3.1/../../../../arm-none-eabi/lib/thumb/v7e-m+fp/hard/crt0.o
LOAD build/main.o
LOAD build/gpio.o
LOAD build/usart.o
LOAD build/usb_device.o
LOAD build/usbd_conf.o
LOAD build/usbd_desc.o
LOAD build/usbd_cdc_if.o
LOAD build/stm32f4xx_it.o
LOAD build/stm32f4xx_hal_msp.o
LOAD build/usbd_composite.o
LOAD build/usbd_storage_if.o
LOAD build/stm32f4xx_hal_pcd.o
LOAD build/stm32f4xx_hal_pcd_ex.o
LOAD build/stm32f4xx_ll_usb.o
LOAD build/stm32f4xx_hal_rcc.o
LOAD build/stm32f4xx_hal_rcc_ex.o
LOAD build/stm32f4xx_hal_flash.o
LOAD build/stm32f4xx_hal_flash_ex.o
LOAD build/stm32f4xx_hal_flash_ramfunc.o
LOAD build/stm32f4xx_hal_gpio.o
LOAD build/stm32f4xx_hal_dma_ex.o
LOAD build/stm32f4xx_hal_dma.o
LOAD build/stm32f4xx_hal_pwr.o
LOAD build/stm32f4xx_hal_pwr_ex.o
LOAD build/stm32f4xx_hal_cortex.o
LOAD build/stm32f4xx_hal.o
LOAD build/stm32f4xx_hal_exti.o
LOAD build/stm32f4xx_hal_tim.o
LOAD build/stm32f4xx_hal_tim_ex.o
LOAD build/stm32f4xx_hal_uart.o
LOAD build/system_stm32f4xx.o
LOAD build/usbd_core.o
LOAD build/usbd_ctlreq.o
LOAD build/usbd_ioreq.o
LOAD build/usbd_cdc.o
LOAD build/usbd_msc.o
LOAD build/usbd_msc_bot.o
LOAD build/usbd_msc_data.o
LOAD build/usbd_msc_scsi.o
LOAD build/startup_stm32f405xx.o
LOAD e:/program files (x86)/gnu arm embedded toolchain/10 2021.10/bin/../lib/gcc/arm-none-eabi/10.3.1/../../../../arm-none-eabi/lib/thumb/v7e-m+fp/hard\libc_nano.a
LOAD e:/program files (x86)/gnu arm embedded toolchain/10 2021.10/bin/../lib/gcc/arm-none-eabi/10.3.1/../../../../arm-none-eabi/lib/thumb/v7e-m+fp/hard\libm.a
LOAD e:/program files (x86)/gnu arm embedded toolchain/10 2021.10/bin/../lib/gcc/arm-none-eabi/10.3.1/../../../../arm-none-eabi/lib/thumb/v7e-m+fp/hard\libnosys.a
START GROUP
LOAD e:/program files (x86)/gnu arm embedded toolchain/10 2021.10/bin/../lib/gcc/arm-none-eabi/10.3.1/thumb/v7e-m+fp/hard\libgcc.a
LOAD e:/program files (x86)/gnu arm embedded toolchain/10 2021.10/bin/../lib/gcc/arm-none-eabi/10.3.1/../../../../arm-none-eabi/lib/thumb/v7e-m+fp/hard\libc_nano.a
END GROUP
START GROUP
LOAD e:/program files (x86)/gnu arm embedded toolchain/10 2021.10/bin/../lib/gcc/arm-none-eabi/10.3.1/thumb/v7e-m+fp/hard\libgcc.a
LOAD e:/program files (x86)/gnu arm embedded toolchain/10 2021.10/bin/../lib/gcc/arm-none-eabi/10.3.1/../../../../arm-none-eabi/lib/thumb/v7e-m+fp/hard\libc_nano.a
END GROUP
LOAD e:/program files (x86)/gnu arm embedded toolchain/10 2021.10/bin/../lib/gcc/arm-none-eabi/10.3.1/thumb/v7e-m+fp/hard/crtend.o
LOAD e:/program files (x86)/gnu arm embedded toolchain/10 2021.10/bin/../lib/gcc/arm-none-eabi/10.3.1/thumb/v7e-m+fp/hard/crtn.o
                0x20020000                _estack = (ORIGIN (RAM) + LENGTH (RAM))
                0x00003c00                _Min_Heap_Size = 0x3c00
                0x00000800                _Min_Stack_Size = 0x800

.isr_vector     0x08000000      0x188
                0x08000000                . = ALIGN (0x4)
 *(.isr_vector)
 .isr_vector    0x08000000      0x188 build/startup_stm32f405xx.o
                0x08000000                g_pfnVectors
                0x08000188                . = ALIGN (0x4)

.text           0x08000190     0x6cdc
                0x08000190                . = ALIGN (0x4)
 *(.text)
 .text          0x08000190       0x40 e:/program files (x86)/gnu arm embedded toolchain/10 2021.10/bin/../lib/gcc/arm-none-eabi/10.3.1/thumb/v7e-m+fp/hard/crtbegin.o
 .text          0x080001d0       0xa0 e:/program files (x86)/gnu arm embedded toolchain/10 2021.10/bin/../lib/gcc/arm-none-eabi/10.3.1/../../../../arm-none-eabi/lib/thumb/v7e-m+fp/hard\libc_nano.a(lib_a-memchr.o)
                0x080001d0                memchr
 .text          0x08000270       0x30 e:/program files (x86)/gnu arm embedded toolchain/10 2021.10/bin/../lib/gcc/arm-none-eabi/10.3.1/thumb/v7e-m+fp/hard\libgcc.a(_aeabi_uldivmod.o)
                0x08000270                __aeabi_uldivmod
 .text          0x080002a0      0x2d0 e:/program files (x86)/gnu arm embedded toolchain/10 2021.10/bin/../lib/gcc/arm-none-eabi/10.3.1/thumb/v7e-m+fp/hard\libgcc.a(_udivmoddi4.o)
                0x080002a0                __udivmoddi4
 .text          0x08000570        0x4 e:/program files (x86)/gnu arm embedded toolchain/10 2021.10/bin/../lib/gcc/arm-none-eabi/10.3.1/thumb/v7e-m+fp/hard\libgcc.a(_dvmd_tls.o)
                0x08000570                __aeabi_idiv0
                0x08000570                __aeabi_ldiv0
 *(.text*)
 .text._write   0x08000574       0x18 build/main.o
                0x08000574                _write
 .text.Error_Handler
                0x0800058c        0x4 build/main.o
                0x0800058c                Error_Handler
 .text.SystemClock_Config
                0x08000590       0xa8 build/main.o
                0x08000590                SystemClock_Config
 .text.main     0x08000638       0x24 build/main.o
                0x08000638                main
 .text.MX_GPIO_Init
                0x0800065c       0x38 build/gpio.o
                0x0800065c                MX_GPIO_Init
 .text.MX_UART4_Init
                0x08000694       0x34 build/usart.o
                0x08000694                MX_UART4_Init
 .text.HAL_UART_MspInit
                0x080006c8       0x6c build/usart.o
                0x080006c8                HAL_UART_MspInit
 .text.MX_USB_DEVICE_Init
                0x08000734       0x84 build/usb_device.o
                0x08000734                MX_USB_DEVICE_Init
 .text.HAL_PCD_MspInit
                0x080007b8       0x84 build/usbd_conf.o
                0x080007b8                HAL_PCD_MspInit
 .text.HAL_PCD_SetupStageCallback
                0x0800083c       0x10 build/usbd_conf.o
                0x0800083c                HAL_PCD_SetupStageCallback
 .text.HAL_PCD_DataOutStageCallback
                0x0800084c       0x18 build/usbd_conf.o
                0x0800084c                HAL_PCD_DataOutStageCallback
 .text.HAL_PCD_DataInStageCallback
                0x08000864       0x16 build/usbd_conf.o
                0x08000864                HAL_PCD_DataInStageCallback
 .text.HAL_PCD_SOFCallback
                0x0800087a        0xc build/usbd_conf.o
                0x0800087a                HAL_PCD_SOFCallback
 .text.HAL_PCD_ResetCallback
                0x08000886       0x2c build/usbd_conf.o
                0x08000886                HAL_PCD_ResetCallback
 *fill*         0x080008b2        0x2 
 .text.HAL_PCD_SuspendCallback
                0x080008b4       0x30 build/usbd_conf.o
                0x080008b4                HAL_PCD_SuspendCallback
 .text.HAL_PCD_ResumeCallback
                0x080008e4        0xc build/usbd_conf.o
                0x080008e4                HAL_PCD_ResumeCallback
 .text.HAL_PCD_ISOOUTIncompleteCallback
                0x080008f0        0xc build/usbd_conf.o
                0x080008f0                HAL_PCD_ISOOUTIncompleteCallback
 .text.HAL_PCD_ISOINIncompleteCallback
                0x080008fc        0xc build/usbd_conf.o
                0x080008fc                HAL_PCD_ISOINIncompleteCallback
 .text.HAL_PCD_ConnectCallback
                0x08000908        0xc build/usbd_conf.o
                0x08000908                HAL_PCD_ConnectCallback
 .text.HAL_PCD_DisconnectCallback
                0x08000914        0xc build/usbd_conf.o
                0x08000914                HAL_PCD_DisconnectCallback
 .text.USBD_LL_Init
                0x08000920       0x7c build/usbd_conf.o
                0x08000920                USBD_LL_Init
 .text.USBD_LL_IsStallEP
                0x0800099c       0x2e build/usbd_conf.o
                0x0800099c                USBD_LL_IsStallEP
 .text.USBD_LL_GetRxDataSize
                0x080009ca        0xc build/usbd_conf.o
                0x080009ca                USBD_LL_GetRxDataSize
 .text.USBD_Get_USB_Status
                0x080009d6       0x14 build/usbd_conf.o
                0x080009d6                USBD_Get_USB_Status
 .text.USBD_LL_Start
                0x080009ea       0x10 build/usbd_conf.o
                0x080009ea                USBD_LL_Start
 .text.USBD_LL_OpenEP
                0x080009fa       0x16 build/usbd_conf.o
                0x080009fa                USBD_LL_OpenEP
 .text.USBD_LL_CloseEP
                0x08000a10       0x10 build/usbd_conf.o
                0x08000a10                USBD_LL_CloseEP
 .text.USBD_LL_FlushEP
                0x08000a20       0x10 build/usbd_conf.o
                0x08000a20                USBD_LL_FlushEP
 .text.USBD_LL_StallEP
                0x08000a30       0x10 build/usbd_conf.o
                0x08000a30                USBD_LL_StallEP
 .text.USBD_LL_ClearStallEP
                0x08000a40       0x10 build/usbd_conf.o
                0x08000a40                USBD_LL_ClearStallEP
 .text.USBD_LL_SetUSBAddress
                0x08000a50       0x10 build/usbd_conf.o
                0x08000a50                USBD_LL_SetUSBAddress
 .text.USBD_LL_Transmit
                0x08000a60       0x10 build/usbd_conf.o
                0x08000a60                USBD_LL_Transmit
 .text.USBD_LL_PrepareReceive
                0x08000a70       0x10 build/usbd_conf.o
                0x08000a70                USBD_LL_PrepareReceive
 .text.CDC_DeInit_FS
                0x08000a80        0x4 build/usbd_cdc_if.o
 .text.CDC_Control_FS
                0x08000a84       0x20 build/usbd_cdc_if.o
 .text.CDC_TransmitCplt_FS
                0x08000aa4        0x4 build/usbd_cdc_if.o
 .text.CDC_Receive_FS
                0x08000aa8       0x40 build/usbd_cdc_if.o
 .text.CDC_Init_FS
                0x08000ae8       0x30 build/usbd_cdc_if.o
 .text.NMI_Handler
                0x08000b18        0x2 build/stm32f4xx_it.o
                0x08000b18                NMI_Handler
 .text.HardFault_Handler
                0x08000b1a        0x2 build/stm32f4xx_it.o
                0x08000b1a                HardFault_Handler
 .text.MemManage_Handler
                0x08000b1c        0x2 build/stm32f4xx_it.o
                0x08000b1c                MemManage_Handler
 .text.BusFault_Handler
                0x08000b1e        0x2 build/stm32f4xx_it.o
                0x08000b1e                BusFault_Handler
 .text.UsageFault_Handler
                0x08000b20        0x2 build/stm32f4xx_it.o
                0x08000b20                UsageFault_Handler
 .text.SVC_Handler
                0x08000b22        0x2 build/stm32f4xx_it.o
                0x08000b22                SVC_Handler
 .text.DebugMon_Handler
                0x08000b24        0x2 build/stm32f4xx_it.o
                0x08000b24                DebugMon_Handler
 .text.PendSV_Handler
                0x08000b26        0x2 build/stm32f4xx_it.o
                0x08000b26                PendSV_Handler
 .text.SysTick_Handler
                0x08000b28        0x8 build/stm32f4xx_it.o
                0x08000b28                SysTick_Handler
 .text.OTG_FS_IRQHandler
                0x08000b30       0x10 build/stm32f4xx_it.o
                0x08000b30                OTG_FS_IRQHandler
 .text.HAL_MspInit
                0x08000b40       0x38 build/stm32f4xx_hal_msp.o
                0x08000b40                HAL_MspInit
 .text.USBD_CMPSIT_FS_DeviceDescriptor
                0x08000b78        0xc build/usbd_composite.o
                0x08000b78                USBD_CMPSIT_FS_DeviceDescriptor
 .text.USBD_CMPSIT_FS_LangIDStrDescriptor
                0x08000b84        0xc build/usbd_composite.o
                0x08000b84                USBD_CMPSIT_FS_LangIDStrDescriptor
 .text.IntToUnicode
                0x08000b90       0x46 build/usbd_composite.o
 *fill*         0x08000bd6        0x2 
 .text.Get_CMPSIT_SerialNum
                0x08000bd8       0x38 build/usbd_composite.o
 .text.USBD_CMPSIT_FS_SerialStrDescriptor
                0x08000c10       0x14 build/usbd_composite.o
                0x08000c10                USBD_CMPSIT_FS_SerialStrDescriptor
 .text.USBD_CMPSIT_GetFSCfgDesc
                0x08000c24        0xc build/usbd_composite.o
 .text.USBD_CMPSIT_GetHSCfgDesc
                0x08000c30        0x2 build/usbd_composite.o
 *fill*         0x08000c32        0x2 
 .text.USBD_CMPSIT_GetOtherSpeedCfgDesc
                0x08000c34        0xc build/usbd_composite.o
 .text.USBD_CMPSIT_GetDeviceQualifierDescriptor
                0x08000c40        0xc build/usbd_composite.o
                0x08000c40                USBD_CMPSIT_GetDeviceQualifierDescriptor
 .text.USBD_CMPSIT_FS_ManufacturerStrDescriptor
                0x08000c4c       0x1c build/usbd_composite.o
                0x08000c4c                USBD_CMPSIT_FS_ManufacturerStrDescriptor
 .text.USBD_CMPSIT_FS_ProductStrDescriptor
                0x08000c68       0x24 build/usbd_composite.o
                0x08000c68                USBD_CMPSIT_FS_ProductStrDescriptor
 .text.USBD_CMPSIT_FS_InterfaceStrDescriptor
                0x08000c8c       0x24 build/usbd_composite.o
                0x08000c8c                USBD_CMPSIT_FS_InterfaceStrDescriptor
 .text.USBD_CMPSIT_FS_ConfigStrDescriptor
                0x08000cb0       0x24 build/usbd_composite.o
                0x08000cb0                USBD_CMPSIT_FS_ConfigStrDescriptor
 .text.USBD_CMPSIT_AddClass
                0x08000cd4       0xe8 build/usbd_composite.o
                0x08000cd4                USBD_CMPSIT_AddClass
 .text.USBD_UsrStrDescriptor
                0x08000dbc       0x4c build/usbd_composite.o
                0x08000dbc                USBD_UsrStrDescriptor
 .text.STORAGE_IsReady_FS
                0x08000e08        0x4 build/usbd_storage_if.o
 .text.STORAGE_IsWriteProtected_FS
                0x08000e0c        0x4 build/usbd_storage_if.o
 .text.STORAGE_Read_FS
                0x08000e10        0x4 build/usbd_storage_if.o
 .text.STORAGE_Write_FS
                0x08000e14        0x4 build/usbd_storage_if.o
 .text.STORAGE_GetMaxLun_FS
                0x08000e18        0x4 build/usbd_storage_if.o
 .text.STORAGE_GetCapacity_FS
                0x08000e1c       0x20 build/usbd_storage_if.o
 .text.STORAGE_Init_FS
                0x08000e3c       0x10 build/usbd_storage_if.o
 .text.PCD_WriteEmptyTxFifo
                0x08000e4c       0xd0 build/stm32f4xx_hal_pcd.o
 .text.HAL_PCD_Init
                0x08000f1c      0x12e build/stm32f4xx_hal_pcd.o
                0x08000f1c                HAL_PCD_Init
 .text.HAL_PCD_Start
                0x0800104a       0x42 build/stm32f4xx_hal_pcd.o
                0x0800104a                HAL_PCD_Start
 .text.PCD_EP_OutXfrComplete_int
                0x0800108c      0x104 build/stm32f4xx_hal_pcd.o
 .text.PCD_EP_OutSetupPacket_int
                0x08001190       0x50 build/stm32f4xx_hal_pcd.o
 .text.HAL_PCD_SetAddress
                0x080011e0       0x28 build/stm32f4xx_hal_pcd.o
                0x080011e0                HAL_PCD_SetAddress
 .text.HAL_PCD_EP_Open
                0x08001208       0x8a build/stm32f4xx_hal_pcd.o
                0x08001208                HAL_PCD_EP_Open
 .text.HAL_PCD_EP_Close
                0x08001292       0x72 build/stm32f4xx_hal_pcd.o
                0x08001292                HAL_PCD_EP_Close
 .text.HAL_PCD_EP_Receive
                0x08001304       0x5e build/stm32f4xx_hal_pcd.o
                0x08001304                HAL_PCD_EP_Receive
 .text.HAL_PCD_EP_GetRxCount
                0x08001362       0x12 build/stm32f4xx_hal_pcd.o
                0x08001362                HAL_PCD_EP_GetRxCount
 .text.HAL_PCD_EP_Transmit
                0x08001374       0x5e build/stm32f4xx_hal_pcd.o
                0x08001374                HAL_PCD_EP_Transmit
 .text.HAL_PCD_EP_SetStall
                0x080013d2       0x88 build/stm32f4xx_hal_pcd.o
                0x080013d2                HAL_PCD_EP_SetStall
 .text.HAL_PCD_EP_ClrStall
                0x0800145a       0x76 build/stm32f4xx_hal_pcd.o
                0x0800145a                HAL_PCD_EP_ClrStall
 .text.HAL_PCD_EP_Abort
                0x080014d0       0x34 build/stm32f4xx_hal_pcd.o
                0x080014d0                HAL_PCD_EP_Abort
 .text.HAL_PCD_IRQHandler
                0x08001504      0x5c4 build/stm32f4xx_hal_pcd.o
                0x08001504                HAL_PCD_IRQHandler
 .text.HAL_PCD_EP_Flush
                0x08001ac8       0x36 build/stm32f4xx_hal_pcd.o
                0x08001ac8                HAL_PCD_EP_Flush
 .text.HAL_PCDEx_SetTxFiFo
                0x08001afe       0x4c build/stm32f4xx_hal_pcd_ex.o
                0x08001afe                HAL_PCDEx_SetTxFiFo
 .text.HAL_PCDEx_SetRxFiFo
                0x08001b4a        0x8 build/stm32f4xx_hal_pcd_ex.o
                0x08001b4a                HAL_PCDEx_SetRxFiFo
 .text.HAL_PCDEx_LPM_Callback
                0x08001b52        0x2 build/stm32f4xx_hal_pcd_ex.o
                0x08001b52                HAL_PCDEx_LPM_Callback
 .text.USB_CoreReset
                0x08001b54       0x50 build/stm32f4xx_ll_usb.o
 .text.USB_CoreInit
                0x08001ba4       0x8a build/stm32f4xx_ll_usb.o
                0x08001ba4                USB_CoreInit
 *fill*         0x08001c2e        0x2 
 .text.USB_SetTurnaroundTime
                0x08001c30       0xe4 build/stm32f4xx_ll_usb.o
                0x08001c30                USB_SetTurnaroundTime
 .text.USB_EnableGlobalInt
                0x08001d14        0xc build/stm32f4xx_ll_usb.o
                0x08001d14                USB_EnableGlobalInt
 .text.USB_DisableGlobalInt
                0x08001d20        0xc build/stm32f4xx_ll_usb.o
                0x08001d20                USB_DisableGlobalInt
 .text.USB_FlushTxFifo
                0x08001d2c       0x50 build/stm32f4xx_ll_usb.o
                0x08001d2c                USB_FlushTxFifo
 .text.USB_FlushRxFifo
                0x08001d7c       0x4c build/stm32f4xx_ll_usb.o
                0x08001d7c                USB_FlushRxFifo
 .text.USB_SetDevSpeed
                0x08001dc8        0xe build/stm32f4xx_ll_usb.o
                0x08001dc8                USB_SetDevSpeed
 *fill*         0x08001dd6        0x2 
 .text.USB_DevInit
                0x08001dd8      0x190 build/stm32f4xx_ll_usb.o
                0x08001dd8                USB_DevInit
 .text.USB_GetDevSpeed
                0x08001f68       0x22 build/stm32f4xx_ll_usb.o
                0x08001f68                USB_GetDevSpeed
 .text.USB_ActivateEndpoint
                0x08001f8a       0x9c build/stm32f4xx_ll_usb.o
                0x08001f8a                USB_ActivateEndpoint
 *fill*         0x08002026        0x2 
 .text.USB_DeactivateEndpoint
                0x08002028       0xe0 build/stm32f4xx_ll_usb.o
                0x08002028                USB_DeactivateEndpoint
 .text.USB_EP0StartXfer
                0x08002108      0x124 build/stm32f4xx_ll_usb.o
                0x08002108                USB_EP0StartXfer
 .text.USB_EPStopXfer
                0x0800222c       0xbe build/stm32f4xx_ll_usb.o
                0x0800222c                USB_EPStopXfer
 .text.USB_WritePacket
                0x080022ea       0x2e build/stm32f4xx_ll_usb.o
                0x080022ea                USB_WritePacket
 .text.USB_EPStartXfer
                0x08002318      0x234 build/stm32f4xx_ll_usb.o
                0x08002318                USB_EPStartXfer
 .text.USB_ReadPacket
                0x0800254c       0x54 build/stm32f4xx_ll_usb.o
                0x0800254c                USB_ReadPacket
 .text.USB_EPSetStall
                0x080025a0       0x5a build/stm32f4xx_ll_usb.o
                0x080025a0                USB_EPSetStall
 .text.USB_EPClearStall
                0x080025fa       0x5c build/stm32f4xx_ll_usb.o
                0x080025fa                USB_EPClearStall
 .text.USB_SetDevAddress
                0x08002656       0x20 build/stm32f4xx_ll_usb.o
                0x08002656                USB_SetDevAddress
 .text.USB_DevConnect
                0x08002676       0x1c build/stm32f4xx_ll_usb.o
                0x08002676                USB_DevConnect
 .text.USB_DevDisconnect
                0x08002692       0x1c build/stm32f4xx_ll_usb.o
                0x08002692                USB_DevDisconnect
 .text.USB_ReadInterrupts
                0x080026ae        0x8 build/stm32f4xx_ll_usb.o
                0x080026ae                USB_ReadInterrupts
 .text.USB_ReadDevAllOutEpInterrupt
                0x080026b6       0x10 build/stm32f4xx_ll_usb.o
                0x080026b6                USB_ReadDevAllOutEpInterrupt
 .text.USB_ReadDevAllInEpInterrupt
                0x080026c6       0x10 build/stm32f4xx_ll_usb.o
                0x080026c6                USB_ReadDevAllInEpInterrupt
 .text.USB_ReadDevOutEPInterrupt
                0x080026d6       0x12 build/stm32f4xx_ll_usb.o
                0x080026d6                USB_ReadDevOutEPInterrupt
 .text.USB_ReadDevInEPInterrupt
                0x080026e8       0x28 build/stm32f4xx_ll_usb.o
                0x080026e8                USB_ReadDevInEPInterrupt
 .text.USB_GetMode
                0x08002710        0x8 build/stm32f4xx_ll_usb.o
                0x08002710                USB_GetMode
 .text.USB_SetCurrentMode
                0x08002718       0x62 build/stm32f4xx_ll_usb.o
                0x08002718                USB_SetCurrentMode
 .text.USB_ActivateSetup
                0x0800277a       0x20 build/stm32f4xx_ll_usb.o
                0x0800277a                USB_ActivateSetup
 *fill*         0x0800279a        0x2 
 .text.USB_EP0_OutStart
                0x0800279c       0x60 build/stm32f4xx_ll_usb.o
                0x0800279c                USB_EP0_OutStart
 .text.HAL_RCC_OscConfig
                0x080027fc      0x3f8 build/stm32f4xx_hal_rcc.o
                0x080027fc                HAL_RCC_OscConfig
 .text.HAL_RCC_GetSysClockFreq
                0x08002bf4       0xd4 build/stm32f4xx_hal_rcc.o
                0x08002bf4                HAL_RCC_GetSysClockFreq
 .text.HAL_RCC_ClockConfig
                0x08002cc8      0x160 build/stm32f4xx_hal_rcc.o
                0x08002cc8                HAL_RCC_ClockConfig
 .text.HAL_RCC_GetHCLKFreq
                0x08002e28        0xc build/stm32f4xx_hal_rcc.o
                0x08002e28                HAL_RCC_GetHCLKFreq
 .text.HAL_RCC_GetPCLK1Freq
                0x08002e34       0x20 build/stm32f4xx_hal_rcc.o
                0x08002e34                HAL_RCC_GetPCLK1Freq
 .text.HAL_RCC_GetPCLK2Freq
                0x08002e54       0x20 build/stm32f4xx_hal_rcc.o
                0x08002e54                HAL_RCC_GetPCLK2Freq
 .text.HAL_GPIO_Init
                0x08002e74      0x1e4 build/stm32f4xx_hal_gpio.o
                0x08002e74                HAL_GPIO_Init
 .text.HAL_NVIC_SetPriorityGrouping
                0x08003058       0x24 build/stm32f4xx_hal_cortex.o
                0x08003058                HAL_NVIC_SetPriorityGrouping
 .text.HAL_NVIC_SetPriority
                0x0800307c       0x70 build/stm32f4xx_hal_cortex.o
                0x0800307c                HAL_NVIC_SetPriority
 .text.HAL_NVIC_EnableIRQ
                0x080030ec       0x1c build/stm32f4xx_hal_cortex.o
                0x080030ec                HAL_NVIC_EnableIRQ
 .text.HAL_SYSTICK_Config
                0x08003108       0x28 build/stm32f4xx_hal_cortex.o
                0x08003108                HAL_SYSTICK_Config
 .text.HAL_InitTick
                0x08003130       0x4c build/stm32f4xx_hal.o
                0x08003130                HAL_InitTick
 .text.HAL_Init
                0x0800317c       0x34 build/stm32f4xx_hal.o
                0x0800317c                HAL_Init
 .text.HAL_IncTick
                0x080031b0       0x18 build/stm32f4xx_hal.o
                0x080031b0                HAL_IncTick
 .text.HAL_GetTick
                0x080031c8        0xc build/stm32f4xx_hal.o
                0x080031c8                HAL_GetTick
 .text.HAL_Delay
                0x080031d4       0x28 build/stm32f4xx_hal.o
                0x080031d4                HAL_Delay
 .text.UART_SetConfig
                0x080031fc      0x110 build/stm32f4xx_hal_uart.o
 .text.UART_WaitOnFlagUntilTimeout
                0x0800330c       0x88 build/stm32f4xx_hal_uart.o
 .text.HAL_UART_Init
                0x08003394       0x5e build/stm32f4xx_hal_uart.o
                0x08003394                HAL_UART_Init
 .text.HAL_UART_Transmit
                0x080033f2       0xd8 build/stm32f4xx_hal_uart.o
                0x080033f2                HAL_UART_Transmit
 *fill*         0x080034ca        0x2 
 .text.SystemInit
                0x080034cc       0x14 build/system_stm32f4xx.o
                0x080034cc                SystemInit
 .text.USBD_Init
                0x080034e0       0x5c build/usbd_core.o
                0x080034e0                USBD_Init
 .text.USBD_RegisterClassComposite
                0x0800353c       0x6c build/usbd_core.o
                0x0800353c                USBD_RegisterClassComposite
 .text.USBD_Start
                0x080035a8        0xe build/usbd_core.o
                0x080035a8                USBD_Start
 .text.USBD_SetClassConfig
                0x080035b6       0x46 build/usbd_core.o
                0x080035b6                USBD_SetClassConfig
 .text.USBD_ClrClassConfig
                0x080035fc       0x46 build/usbd_core.o
                0x080035fc                USBD_ClrClassConfig
 .text.USBD_LL_SetupStage
                0x08003642       0x58 build/usbd_core.o
                0x08003642                USBD_LL_SetupStage
 .text.USBD_LL_Reset
                0x0800369a       0x84 build/usbd_core.o
                0x0800369a                USBD_LL_Reset
 .text.USBD_LL_SetSpeed
                0x0800371e        0x6 build/usbd_core.o
                0x0800371e                USBD_LL_SetSpeed
 .text.USBD_LL_Suspend
                0x08003724       0x14 build/usbd_core.o
                0x08003724                USBD_LL_Suspend
 .text.USBD_LL_Resume
                0x08003738       0x1a build/usbd_core.o
                0x08003738                USBD_LL_Resume
 .text.USBD_LL_SOF
                0x08003752       0x4a build/usbd_core.o
                0x08003752                USBD_LL_SOF
 .text.USBD_LL_IsoINIncomplete
                0x0800379c       0x2e build/usbd_core.o
                0x0800379c                USBD_LL_IsoINIncomplete
 .text.USBD_LL_IsoOUTIncomplete
                0x080037ca       0x2e build/usbd_core.o
                0x080037ca                USBD_LL_IsoOUTIncomplete
 .text.USBD_LL_DevConnected
                0x080037f8        0x4 build/usbd_core.o
                0x080037f8                USBD_LL_DevConnected
 .text.USBD_LL_DevDisconnected
                0x080037fc       0x4a build/usbd_core.o
                0x080037fc                USBD_LL_DevDisconnected
 .text.USBD_CoreFindIF
                0x08003846       0x5c build/usbd_core.o
                0x08003846                USBD_CoreFindIF
 .text.USBD_CoreFindEP
                0x080038a2       0x5c build/usbd_core.o
                0x080038a2                USBD_CoreFindEP
 .text.USBD_LL_DataOutStage
                0x080038fe       0xce build/usbd_core.o
                0x080038fe                USBD_LL_DataOutStage
 .text.USBD_LL_DataInStage
                0x080039cc       0xde build/usbd_core.o
                0x080039cc                USBD_LL_DataInStage
 .text.USBD_CoreGetEPAdd
                0x08003aaa       0x6a build/usbd_core.o
                0x08003aaa                USBD_CoreGetEPAdd
 .text.USBD_GetLen
                0x08003b14       0x14 build/usbd_ctlreq.o
 .text.USBD_ParseSetupRequest
                0x08003b28       0x28 build/usbd_ctlreq.o
                0x08003b28                USBD_ParseSetupRequest
 .text.USBD_CtlError
                0x08003b50       0x14 build/usbd_ctlreq.o
                0x08003b50                USBD_CtlError
 .text.USBD_GetDescriptor
                0x08003b64      0x208 build/usbd_ctlreq.o
 .text.USBD_SetAddress
                0x08003d6c       0x50 build/usbd_ctlreq.o
 .text.USBD_SetConfig
                0x08003dbc       0xf0 build/usbd_ctlreq.o
 .text.USBD_GetConfig
                0x08003eac       0x40 build/usbd_ctlreq.o
 .text.USBD_GetStatus
                0x08003eec       0x38 build/usbd_ctlreq.o
 .text.USBD_SetFeature
                0x08003f24       0x2a build/usbd_ctlreq.o
 .text.USBD_ClrFeature
                0x08003f4e       0x26 build/usbd_ctlreq.o
 .text.USBD_StdDevReq
                0x08003f74       0x76 build/usbd_ctlreq.o
                0x08003f74                USBD_StdDevReq
 .text.USBD_StdItfReq
                0x08003fea       0x86 build/usbd_ctlreq.o
                0x08003fea                USBD_StdItfReq
 .text.USBD_StdEPReq
                0x08004070      0x22c build/usbd_ctlreq.o
                0x08004070                USBD_StdEPReq
 .text.USBD_GetString
                0x0800429c       0x3a build/usbd_ctlreq.o
                0x0800429c                USBD_GetString
 .text.USBD_CtlSendData
                0x080042d6       0x1a build/usbd_ioreq.o
                0x080042d6                USBD_CtlSendData
 .text.USBD_CtlContinueSendData
                0x080042f0       0x10 build/usbd_ioreq.o
                0x080042f0                USBD_CtlContinueSendData
 .text.USBD_CtlPrepareRx
                0x08004300       0x1e build/usbd_ioreq.o
                0x08004300                USBD_CtlPrepareRx
 .text.USBD_CtlContinueRx
                0x0800431e       0x10 build/usbd_ioreq.o
                0x0800431e                USBD_CtlContinueRx
 .text.USBD_CtlSendStatus
                0x0800432e       0x16 build/usbd_ioreq.o
                0x0800432e                USBD_CtlSendStatus
 .text.USBD_CtlReceiveStatus
                0x08004344       0x16 build/usbd_ioreq.o
                0x08004344                USBD_CtlReceiveStatus
 .text.USBD_CDC_EP0_RxReady
                0x0800435a       0x44 build/usbd_cdc.o
 *fill*         0x0800439e        0x2 
 .text.USBD_CDC_DataOut
                0x080043a0       0x54 build/usbd_cdc.o
 .text.USBD_CDC_DataIn
                0x080043f4       0x9c build/usbd_cdc.o
 .text.USBD_CDC_Setup
                0x08004490      0x148 build/usbd_cdc.o
 .text.USBD_CDC_DeInit
                0x080045d8       0xc8 build/usbd_cdc.o
 .text.USBD_CDC_Init
                0x080046a0      0x19c build/usbd_cdc.o
 .text.USBD_CDC_RegisterInterface
                0x0800483c       0x28 build/usbd_cdc.o
                0x0800483c                USBD_CDC_RegisterInterface
 .text.USBD_CDC_SetTxBuffer
                0x08004864       0x1e build/usbd_cdc.o
                0x08004864                USBD_CDC_SetTxBuffer
 .text.USBD_CDC_SetRxBuffer
                0x08004882       0x1a build/usbd_cdc.o
                0x08004882                USBD_CDC_SetRxBuffer
 .text.USBD_CDC_ReceivePacket
                0x0800489c       0x5c build/usbd_cdc.o
                0x0800489c                USBD_CDC_ReceivePacket
 .text.USBD_MSC_Init
                0x080048f8       0xe8 build/usbd_msc.o
                0x080048f8                USBD_MSC_Init
 .text.USBD_MSC_DeInit
                0x080049e0       0x94 build/usbd_msc.o
                0x080049e0                USBD_MSC_DeInit
 .text.USBD_MSC_Setup
                0x08004a74      0x1a0 build/usbd_msc.o
                0x08004a74                USBD_MSC_Setup
 .text.USBD_MSC_DataIn
                0x08004c14       0x28 build/usbd_msc.o
                0x08004c14                USBD_MSC_DataIn
 .text.USBD_MSC_DataOut
                0x08004c3c       0x28 build/usbd_msc.o
                0x08004c3c                USBD_MSC_DataOut
 .text.USBD_MSC_RegisterStorage
                0x08004c64       0x28 build/usbd_msc.o
                0x08004c64                USBD_MSC_RegisterStorage
 .text.MSC_BOT_SendData
                0x08004c8c       0x68 build/usbd_msc_bot.o
 .text.MSC_BOT_Abort
                0x08004cf4       0x78 build/usbd_msc_bot.o
 .text.MSC_BOT_Init
                0x08004d6c       0x7c build/usbd_msc_bot.o
                0x08004d6c                MSC_BOT_Init
 .text.MSC_BOT_Reset
                0x08004de8       0x60 build/usbd_msc_bot.o
                0x08004de8                MSC_BOT_Reset
 .text.MSC_BOT_DeInit
                0x08004e48       0x14 build/usbd_msc_bot.o
                0x08004e48                MSC_BOT_DeInit
 .text.MSC_BOT_SendCSW
                0x08004e5c       0x6c build/usbd_msc_bot.o
                0x08004e5c                MSC_BOT_SendCSW
 .text.MSC_BOT_DataIn
                0x08004ec8       0x46 build/usbd_msc_bot.o
                0x08004ec8                MSC_BOT_DataIn
 *fill*         0x08004f0e        0x2 
 .text.MSC_BOT_CBW_Decode
                0x08004f10       0xd8 build/usbd_msc_bot.o
 .text.MSC_BOT_DataOut
                0x08004fe8       0x3e build/usbd_msc_bot.o
                0x08004fe8                MSC_BOT_DataOut
 *fill*         0x08005026        0x2 
 .text.MSC_BOT_CplClrFeature
                0x08005028       0x68 build/usbd_msc_bot.o
                0x08005028                MSC_BOT_CplClrFeature
 .text.SCSI_AllowPreventRemovable
                0x08005090       0x2a build/usbd_msc_scsi.o
 .text.SCSI_UpdateBotData
                0x080050ba       0x22 build/usbd_msc_scsi.o
 .text.SCSI_ModeSense6
                0x080050dc       0x30 build/usbd_msc_scsi.o
 .text.SCSI_ModeSense10
                0x0800510c       0x30 build/usbd_msc_scsi.o
 .text.SCSI_SenseCode
                0x0800513c       0x3a build/usbd_msc_scsi.o
                0x0800513c                SCSI_SenseCode
 .text.SCSI_TestUnitReady
                0x08005176       0x78 build/usbd_msc_scsi.o
 .text.SCSI_RequestSense
                0x080051ee       0x94 build/usbd_msc_scsi.o
 *fill*         0x08005282        0x2 
 .text.SCSI_Inquiry
                0x08005284       0xa4 build/usbd_msc_scsi.o
 .text.SCSI_StartStopUnit
                0x08005328       0x62 build/usbd_msc_scsi.o
 .text.SCSI_ReadFormatCapacity
                0x0800538a       0x98 build/usbd_msc_scsi.o
 .text.SCSI_ReadCapacity10
                0x08005422       0x7e build/usbd_msc_scsi.o
 .text.SCSI_ReadCapacity16
                0x080054a0       0xc4 build/usbd_msc_scsi.o
 .text.SCSI_CheckAddressRange
                0x08005564       0x36 build/usbd_msc_scsi.o
 *fill*         0x0800559a        0x2 
 .text.SCSI_ProcessRead
                0x0800559c       0xc8 build/usbd_msc_scsi.o
 .text.SCSI_Read10
                0x08005664       0xe8 build/usbd_msc_scsi.o
 .text.SCSI_Read12
                0x0800574c       0xf6 build/usbd_msc_scsi.o
 *fill*         0x08005842        0x2 
 .text.SCSI_ProcessWrite
                0x08005844       0xd8 build/usbd_msc_scsi.o
 .text.SCSI_Write10
                0x0800591c      0x150 build/usbd_msc_scsi.o
 .text.SCSI_Write12
                0x08005a6c      0x164 build/usbd_msc_scsi.o
 .text.SCSI_Verify10
                0x08005bd0       0x48 build/usbd_msc_scsi.o
 .text.SCSI_ProcessCmd
                0x08005c18       0xfa build/usbd_msc_scsi.o
                0x08005c18                SCSI_ProcessCmd
 *fill*         0x08005d12        0x2 
 .text.Reset_Handler
                0x08005d14       0x50 build/startup_stm32f405xx.o
                0x08005d14                Reset_Handler
 .text.Default_Handler
                0x08005d64        0x2 build/startup_stm32f405xx.o
                0x08005d64                RTC_Alarm_IRQHandler
                0x08005d64                HASH_RNG_IRQHandler
                0x08005d64                EXTI2_IRQHandler
                0x08005d64                TIM8_CC_IRQHandler
                0x08005d64                TIM1_CC_IRQHandler
                0x08005d64                DMA2_Stream5_IRQHandler
                0x08005d64                DMA1_Stream5_IRQHandler
                0x08005d64                PVD_IRQHandler
                0x08005d64                SDIO_IRQHandler
                0x08005d64                TAMP_STAMP_IRQHandler
                0x08005d64                CAN2_RX1_IRQHandler
                0x08005d64                EXTI3_IRQHandler
                0x08005d64                TIM8_TRG_COM_TIM14_IRQHandler
                0x08005d64                TIM1_UP_TIM10_IRQHandler
                0x08005d64                TIM8_UP_TIM13_IRQHandler
                0x08005d64                I2C3_ER_IRQHandler
                0x08005d64                EXTI0_IRQHandler
                0x08005d64                I2C2_EV_IRQHandler
                0x08005d64                DMA1_Stream2_IRQHandler
                0x08005d64                CAN1_RX0_IRQHandler
                0x08005d64                FPU_IRQHandler
                0x08005d64                OTG_HS_WKUP_IRQHandler
                0x08005d64                CAN2_SCE_IRQHandler
                0x08005d64                DMA2_Stream2_IRQHandler
                0x08005d64                SPI1_IRQHandler
                0x08005d64                TIM6_DAC_IRQHandler
                0x08005d64                TIM1_BRK_TIM9_IRQHandler
                0x08005d64                CAN2_RX0_IRQHandler
                0x08005d64                DMA2_Stream3_IRQHandler
                0x08005d64                USART6_IRQHandler
                0x08005d64                USART3_IRQHandler
                0x08005d64                CAN1_RX1_IRQHandler
                0x08005d64                UART5_IRQHandler
                0x08005d64                DMA2_Stream0_IRQHandler
                0x08005d64                TIM4_IRQHandler
                0x08005d64                I2C1_EV_IRQHandler
                0x08005d64                DMA1_Stream6_IRQHandler
                0x08005d64                DMA1_Stream1_IRQHandler
                0x08005d64                UART4_IRQHandler
                0x08005d64                TIM3_IRQHandler
                0x08005d64                RCC_IRQHandler
                0x08005d64                TIM8_BRK_TIM12_IRQHandler
                0x08005d64                Default_Handler
                0x08005d64                EXTI15_10_IRQHandler
                0x08005d64                ADC_IRQHandler
                0x08005d64                DMA1_Stream7_IRQHandler
                0x08005d64                TIM7_IRQHandler
                0x08005d64                CAN2_TX_IRQHandler
                0x08005d64                TIM5_IRQHandler
                0x08005d64                DMA2_Stream7_IRQHandler
                0x08005d64                I2C3_EV_IRQHandler
                0x08005d64                EXTI9_5_IRQHandler
                0x08005d64                RTC_WKUP_IRQHandler
                0x08005d64                SPI2_IRQHandler
                0x08005d64                OTG_HS_EP1_IN_IRQHandler
                0x08005d64                DMA1_Stream0_IRQHandler
                0x08005d64                CAN1_TX_IRQHandler
                0x08005d64                EXTI4_IRQHandler
                0x08005d64                FSMC_IRQHandler
                0x08005d64                OTG_HS_EP1_OUT_IRQHandler
                0x08005d64                WWDG_IRQHandler
                0x08005d64                TIM2_IRQHandler
                0x08005d64                OTG_FS_WKUP_IRQHandler
                0x08005d64                TIM1_TRG_COM_TIM11_IRQHandler
                0x08005d64                OTG_HS_IRQHandler
                0x08005d64                EXTI1_IRQHandler
                0x08005d64                USART2_IRQHandler
                0x08005d64                I2C2_ER_IRQHandler
                0x08005d64                DMA2_Stream1_IRQHandler
                0x08005d64                CAN1_SCE_IRQHandler
                0x08005d64                FLASH_IRQHandler
                0x08005d64                DMA2_Stream4_IRQHandler
                0x08005d64                USART1_IRQHandler
                0x08005d64                SPI3_IRQHandler
                0x08005d64                DMA1_Stream4_IRQHandler
                0x08005d64                I2C1_ER_IRQHandler
                0x08005d64                DMA2_Stream6_IRQHandler
                0x08005d64                DMA1_Stream3_IRQHandler
 *fill*         0x08005d66        0x2 
 .text.__libc_init_array
                0x08005d68       0x48 e:/program files (x86)/gnu arm embedded toolchain/10 2021.10/bin/../lib/gcc/arm-none-eabi/10.3.1/../../../../arm-none-eabi/lib/thumb/v7e-m+fp/hard\libc_nano.a(lib_a-init.o)
                0x08005d68                __libc_init_array
 .text.malloc   0x08005db0       0x10 e:/program files (x86)/gnu arm embedded toolchain/10 2021.10/bin/../lib/gcc/arm-none-eabi/10.3.1/../../../../arm-none-eabi/lib/thumb/v7e-m+fp/hard\libc_nano.a(lib_a-malloc.o)
                0x08005db0                malloc
 .text.free     0x08005dc0       0x10 e:/program files (x86)/gnu arm embedded toolchain/10 2021.10/bin/../lib/gcc/arm-none-eabi/10.3.1/../../../../arm-none-eabi/lib/thumb/v7e-m+fp/hard\libc_nano.a(lib_a-malloc.o)
                0x08005dc0                free
 .text.memset   0x08005dd0       0x10 e:/program files (x86)/gnu arm embedded toolchain/10 2021.10/bin/../lib/gcc/arm-none-eabi/10.3.1/../../../../arm-none-eabi/lib/thumb/v7e-m+fp/hard\libc_nano.a(lib_a-memset.o)
                0x08005dd0                memset
 .text._free_r  0x08005de0       0x98 e:/program files (x86)/gnu arm embedded toolchain/10 2021.10/bin/../lib/gcc/arm-none-eabi/10.3.1/../../../../arm-none-eabi/lib/thumb/v7e-m+fp/hard\libc_nano.a(lib_a-nano-freer.o)
                0x08005de0                _free_r
 .text.sbrk_aligned
                0x08005e78       0x40 e:/program files (x86)/gnu arm embedded toolchain/10 2021.10/bin/../lib/gcc/arm-none-eabi/10.3.1/../../../../arm-none-eabi/lib/thumb/v7e-m+fp/hard\libc_nano.a(lib_a-nano-mallocr.o)
 .text._malloc_r
                0x08005eb8       0xe8 e:/program files (x86)/gnu arm embedded toolchain/10 2021.10/bin/../lib/gcc/arm-none-eabi/10.3.1/../../../../arm-none-eabi/lib/thumb/v7e-m+fp/hard\libc_nano.a(lib_a-nano-mallocr.o)
                0x08005eb8                _malloc_r
 .text.printf   0x08005fa0       0x30 e:/program files (x86)/gnu arm embedded toolchain/10 2021.10/bin/../lib/gcc/arm-none-eabi/10.3.1/../../../../arm-none-eabi/lib/thumb/v7e-m+fp/hard\libc_nano.a(lib_a-printf.o)
                0x08005fa0                iprintf
                0x08005fa0                printf
 .text._puts_r  0x08005fd0       0xdc e:/program files (x86)/gnu arm embedded toolchain/10 2021.10/bin/../lib/gcc/arm-none-eabi/10.3.1/../../../../arm-none-eabi/lib/thumb/v7e-m+fp/hard\libc_nano.a(lib_a-puts.o)
                0x08005fd0                _puts_r
 .text.puts     0x080060ac       0x10 e:/program files (x86)/gnu arm embedded toolchain/10 2021.10/bin/../lib/gcc/arm-none-eabi/10.3.1/../../../../arm-none-eabi/lib/thumb/v7e-m+fp/hard\libc_nano.a(lib_a-puts.o)
                0x080060ac                puts
 .text._sbrk_r  0x080060bc       0x20 e:/program files (x86)/gnu arm embedded toolchain/10 2021.10/bin/../lib/gcc/arm-none-eabi/10.3.1/../../../../arm-none-eabi/lib/thumb/v7e-m+fp/hard\libc_nano.a(lib_a-sbrkr.o)
                0x080060bc                _sbrk_r
 .text.__swbuf_r
                0x080060dc       0xa4 e:/program files (x86)/gnu arm embedded toolchain/10 2021.10/bin/../lib/gcc/arm-none-eabi/10.3.1/../../../../arm-none-eabi/lib/thumb/v7e-m+fp/hard\libc_nano.a(lib_a-wbuf.o)
                0x080060dc                __swbuf_r
 .text.__swsetup_r
                0x08006180       0xdc e:/program files (x86)/gnu arm embedded toolchain/10 2021.10/bin/../lib/gcc/arm-none-eabi/10.3.1/../../../../arm-none-eabi/lib/thumb/v7e-m+fp/hard\libc_nano.a(lib_a-wsetup.o)
                0x08006180                __swsetup_r
 .text.__sflush_r
                0x0800625c      0x10c e:/program files (x86)/gnu arm embedded toolchain/10 2021.10/bin/../lib/gcc/arm-none-eabi/10.3.1/../../../../arm-none-eabi/lib/thumb/v7e-m+fp/hard\libc_nano.a(lib_a-fflush.o)
                0x0800625c                __sflush_r
 .text._fflush_r
                0x08006368       0x78 e:/program files (x86)/gnu arm embedded toolchain/10 2021.10/bin/../lib/gcc/arm-none-eabi/10.3.1/../../../../arm-none-eabi/lib/thumb/v7e-m+fp/hard\libc_nano.a(lib_a-fflush.o)
                0x08006368                _fflush_r
 .text.std      0x080063e0       0x48 e:/program files (x86)/gnu arm embedded toolchain/10 2021.10/bin/../lib/gcc/arm-none-eabi/10.3.1/../../../../arm-none-eabi/lib/thumb/v7e-m+fp/hard\libc_nano.a(lib_a-findfp.o)
 .text._cleanup_r
                0x08006428        0xc e:/program files (x86)/gnu arm embedded toolchain/10 2021.10/bin/../lib/gcc/arm-none-eabi/10.3.1/../../../../arm-none-eabi/lib/thumb/v7e-m+fp/hard\libc_nano.a(lib_a-findfp.o)
                0x08006428                _cleanup_r
 .text.__sfmoreglue
                0x08006434       0x2c e:/program files (x86)/gnu arm embedded toolchain/10 2021.10/bin/../lib/gcc/arm-none-eabi/10.3.1/../../../../arm-none-eabi/lib/thumb/v7e-m+fp/hard\libc_nano.a(lib_a-findfp.o)
                0x08006434                __sfmoreglue
 .text.__sfp_lock_acquire
                0x08006460        0xc e:/program files (x86)/gnu arm embedded toolchain/10 2021.10/bin/../lib/gcc/arm-none-eabi/10.3.1/../../../../arm-none-eabi/lib/thumb/v7e-m+fp/hard\libc_nano.a(lib_a-findfp.o)
                0x08006460                __sfp_lock_acquire
 .text.__sfp_lock_release
                0x0800646c        0xc e:/program files (x86)/gnu arm embedded toolchain/10 2021.10/bin/../lib/gcc/arm-none-eabi/10.3.1/../../../../arm-none-eabi/lib/thumb/v7e-m+fp/hard\libc_nano.a(lib_a-findfp.o)
                0x0800646c                __sfp_lock_release
 .text.__sinit_lock_acquire
                0x08006478        0xc e:/program files (x86)/gnu arm embedded toolchain/10 2021.10/bin/../lib/gcc/arm-none-eabi/10.3.1/../../../../arm-none-eabi/lib/thumb/v7e-m+fp/hard\libc_nano.a(lib_a-findfp.o)
                0x08006478                __sinit_lock_acquire
 .text.__sinit_lock_release
                0x08006484        0xc e:/program files (x86)/gnu arm embedded toolchain/10 2021.10/bin/../lib/gcc/arm-none-eabi/10.3.1/../../../../arm-none-eabi/lib/thumb/v7e-m+fp/hard\libc_nano.a(lib_a-findfp.o)
                0x08006484                __sinit_lock_release
 .text.__sinit  0x08006490       0x70 e:/program files (x86)/gnu arm embedded toolchain/10 2021.10/bin/../lib/gcc/arm-none-eabi/10.3.1/../../../../arm-none-eabi/lib/thumb/v7e-m+fp/hard\libc_nano.a(lib_a-findfp.o)
                0x08006490                __sinit
 .text.__sfp    0x08006500       0x8c e:/program files (x86)/gnu arm embedded toolchain/10 2021.10/bin/../lib/gcc/arm-none-eabi/10.3.1/../../../../arm-none-eabi/lib/thumb/v7e-m+fp/hard\libc_nano.a(lib_a-findfp.o)
                0x08006500                __sfp
 .text._fwalk_reent
                0x0800658c       0x3e e:/program files (x86)/gnu arm embedded toolchain/10 2021.10/bin/../lib/gcc/arm-none-eabi/10.3.1/../../../../arm-none-eabi/lib/thumb/v7e-m+fp/hard\libc_nano.a(lib_a-fwalk.o)
                0x0800658c                _fwalk_reent
 .text.__retarget_lock_init_recursive
                0x080065ca        0x2 e:/program files (x86)/gnu arm embedded toolchain/10 2021.10/bin/../lib/gcc/arm-none-eabi/10.3.1/../../../../arm-none-eabi/lib/thumb/v7e-m+fp/hard\libc_nano.a(lib_a-lock.o)
                0x080065ca                __retarget_lock_init_recursive
 .text.__retarget_lock_acquire_recursive
                0x080065cc        0x2 e:/program files (x86)/gnu arm embedded toolchain/10 2021.10/bin/../lib/gcc/arm-none-eabi/10.3.1/../../../../arm-none-eabi/lib/thumb/v7e-m+fp/hard\libc_nano.a(lib_a-lock.o)
                0x080065cc                __retarget_lock_acquire_recursive
 .text.__retarget_lock_release_recursive
                0x080065ce        0x2 e:/program files (x86)/gnu arm embedded toolchain/10 2021.10/bin/../lib/gcc/arm-none-eabi/10.3.1/../../../../arm-none-eabi/lib/thumb/v7e-m+fp/hard\libc_nano.a(lib_a-lock.o)
                0x080065ce                __retarget_lock_release_recursive
 .text.__swhatbuf_r
                0x080065d0       0x4a e:/program files (x86)/gnu arm embedded toolchain/10 2021.10/bin/../lib/gcc/arm-none-eabi/10.3.1/../../../../arm-none-eabi/lib/thumb/v7e-m+fp/hard\libc_nano.a(lib_a-makebuf.o)
                0x080065d0                __swhatbuf_r
 *fill*         0x0800661a        0x2 
 .text.__smakebuf_r
                0x0800661c       0x80 e:/program files (x86)/gnu arm embedded toolchain/10 2021.10/bin/../lib/gcc/arm-none-eabi/10.3.1/../../../../arm-none-eabi/lib/thumb/v7e-m+fp/hard\libc_nano.a(lib_a-makebuf.o)
                0x0800661c                __smakebuf_r
 .text.__malloc_lock
                0x0800669c        0xc e:/program files (x86)/gnu arm embedded toolchain/10 2021.10/bin/../lib/gcc/arm-none-eabi/10.3.1/../../../../arm-none-eabi/lib/thumb/v7e-m+fp/hard\libc_nano.a(lib_a-mlock.o)
                0x0800669c                __malloc_lock
 .text.__malloc_unlock
                0x080066a8        0xc e:/program files (x86)/gnu arm embedded toolchain/10 2021.10/bin/../lib/gcc/arm-none-eabi/10.3.1/../../../../arm-none-eabi/lib/thumb/v7e-m+fp/hard\libc_nano.a(lib_a-mlock.o)
                0x080066a8                __malloc_unlock
 .text.__sfputc_r
                0x080066b4       0x2e e:/program files (x86)/gnu arm embedded toolchain/10 2021.10/bin/../lib/gcc/arm-none-eabi/10.3.1/../../../../arm-none-eabi/lib/thumb/v7e-m+fp/hard\libc_nano.a(lib_a-nano-vfprintf.o)
 .text.__sfputs_r
                0x080066e2       0x24 e:/program files (x86)/gnu arm embedded toolchain/10 2021.10/bin/../lib/gcc/arm-none-eabi/10.3.1/../../../../arm-none-eabi/lib/thumb/v7e-m+fp/hard\libc_nano.a(lib_a-nano-vfprintf.o)
                0x080066e2                __sfputs_r
 *fill*         0x08006706        0x2 
 .text._vfprintf_r
                0x08006708      0x260 e:/program files (x86)/gnu arm embedded toolchain/10 2021.10/bin/../lib/gcc/arm-none-eabi/10.3.1/../../../../arm-none-eabi/lib/thumb/v7e-m+fp/hard\libc_nano.a(lib_a-nano-vfprintf.o)
                0x08006708                _vfprintf_r
                0x08006708                _vfiprintf_r
 .text._printf_common
                0x08006968       0xda e:/program files (x86)/gnu arm embedded toolchain/10 2021.10/bin/../lib/gcc/arm-none-eabi/10.3.1/../../../../arm-none-eabi/lib/thumb/v7e-m+fp/hard\libc_nano.a(lib_a-nano-vfprintf_i.o)
                0x08006968                _printf_common
 *fill*         0x08006a42        0x2 
 .text._printf_i
                0x08006a44      0x24c e:/program files (x86)/gnu arm embedded toolchain/10 2021.10/bin/../lib/gcc/arm-none-eabi/10.3.1/../../../../arm-none-eabi/lib/thumb/v7e-m+fp/hard\libc_nano.a(lib_a-nano-vfprintf_i.o)
                0x08006a44                _printf_i
 .text.__sread  0x08006c90       0x22 e:/program files (x86)/gnu arm embedded toolchain/10 2021.10/bin/../lib/gcc/arm-none-eabi/10.3.1/../../../../arm-none-eabi/lib/thumb/v7e-m+fp/hard\libc_nano.a(lib_a-stdio.o)
                0x08006c90                __sread
 .text.__swrite
                0x08006cb2       0x38 e:/program files (x86)/gnu arm embedded toolchain/10 2021.10/bin/../lib/gcc/arm-none-eabi/10.3.1/../../../../arm-none-eabi/lib/thumb/v7e-m+fp/hard\libc_nano.a(lib_a-stdio.o)
                0x08006cb2                __swrite
 .text.__sseek  0x08006cea       0x24 e:/program files (x86)/gnu arm embedded toolchain/10 2021.10/bin/../lib/gcc/arm-none-eabi/10.3.1/../../../../arm-none-eabi/lib/thumb/v7e-m+fp/hard\libc_nano.a(lib_a-stdio.o)
                0x08006cea                __sseek
 .text.__sclose
                0x08006d0e        0x8 e:/program files (x86)/gnu arm embedded toolchain/10 2021.10/bin/../lib/gcc/arm-none-eabi/10.3.1/../../../../arm-none-eabi/lib/thumb/v7e-m+fp/hard\libc_nano.a(lib_a-stdio.o)
                0x08006d0e                __sclose
 *fill*         0x08006d16        0x2 
 .text._write_r
                0x08006d18       0x24 e:/program files (x86)/gnu arm embedded toolchain/10 2021.10/bin/../lib/gcc/arm-none-eabi/10.3.1/../../../../arm-none-eabi/lib/thumb/v7e-m+fp/hard\libc_nano.a(lib_a-writer.o)
                0x08006d18                _write_r
 .text._close_r
                0x08006d3c       0x20 e:/program files (x86)/gnu arm embedded toolchain/10 2021.10/bin/../lib/gcc/arm-none-eabi/10.3.1/../../../../arm-none-eabi/lib/thumb/v7e-m+fp/hard\libc_nano.a(lib_a-closer.o)
                0x08006d3c                _close_r
 .text._fstat_r
                0x08006d5c       0x24 e:/program files (x86)/gnu arm embedded toolchain/10 2021.10/bin/../lib/gcc/arm-none-eabi/10.3.1/../../../../arm-none-eabi/lib/thumb/v7e-m+fp/hard\libc_nano.a(lib_a-fstatr.o)
                0x08006d5c                _fstat_r
 .text._isatty_r
                0x08006d80       0x20 e:/program files (x86)/gnu arm embedded toolchain/10 2021.10/bin/../lib/gcc/arm-none-eabi/10.3.1/../../../../arm-none-eabi/lib/thumb/v7e-m+fp/hard\libc_nano.a(lib_a-isattyr.o)
                0x08006d80                _isatty_r
 .text._lseek_r
                0x08006da0       0x24 e:/program files (x86)/gnu arm embedded toolchain/10 2021.10/bin/../lib/gcc/arm-none-eabi/10.3.1/../../../../arm-none-eabi/lib/thumb/v7e-m+fp/hard\libc_nano.a(lib_a-lseekr.o)
                0x08006da0                _lseek_r
 .text._read_r  0x08006dc4       0x24 e:/program files (x86)/gnu arm embedded toolchain/10 2021.10/bin/../lib/gcc/arm-none-eabi/10.3.1/../../../../arm-none-eabi/lib/thumb/v7e-m+fp/hard\libc_nano.a(lib_a-readr.o)
                0x08006dc4                _read_r
 .text._close   0x08006de8       0x10 e:/program files (x86)/gnu arm embedded toolchain/10 2021.10/bin/../lib/gcc/arm-none-eabi/10.3.1/../../../../arm-none-eabi/lib/thumb/v7e-m+fp/hard\libnosys.a(close.o)
                0x08006de8                _close
 .text._fstat   0x08006df8       0x10 e:/program files (x86)/gnu arm embedded toolchain/10 2021.10/bin/../lib/gcc/arm-none-eabi/10.3.1/../../../../arm-none-eabi/lib/thumb/v7e-m+fp/hard\libnosys.a(fstat.o)
                0x08006df8                _fstat
 .text._isatty  0x08006e08       0x10 e:/program files (x86)/gnu arm embedded toolchain/10 2021.10/bin/../lib/gcc/arm-none-eabi/10.3.1/../../../../arm-none-eabi/lib/thumb/v7e-m+fp/hard\libnosys.a(isatty.o)
                0x08006e08                _isatty
 .text._lseek   0x08006e18       0x10 e:/program files (x86)/gnu arm embedded toolchain/10 2021.10/bin/../lib/gcc/arm-none-eabi/10.3.1/../../../../arm-none-eabi/lib/thumb/v7e-m+fp/hard\libnosys.a(lseek.o)
                0x08006e18                _lseek
 .text._read    0x08006e28       0x10 e:/program files (x86)/gnu arm embedded toolchain/10 2021.10/bin/../lib/gcc/arm-none-eabi/10.3.1/../../../../arm-none-eabi/lib/thumb/v7e-m+fp/hard\libnosys.a(read.o)
                0x08006e28                _read
 .text._sbrk    0x08006e38       0x1c e:/program files (x86)/gnu arm embedded toolchain/10 2021.10/bin/../lib/gcc/arm-none-eabi/10.3.1/../../../../arm-none-eabi/lib/thumb/v7e-m+fp/hard\libnosys.a(sbrk.o)
                0x08006e38                _sbrk
 *(.glue_7)
 .glue_7        0x08006e54        0x0 linker stubs
 *(.glue_7t)
 .glue_7t       0x08006e54        0x0 linker stubs
 *(.eh_frame)
 .eh_frame      0x08006e54        0x0 e:/program files (x86)/gnu arm embedded toolchain/10 2021.10/bin/../lib/gcc/arm-none-eabi/10.3.1/thumb/v7e-m+fp/hard/crtbegin.o
 *(.init)
 .init          0x08006e54        0x4 e:/program files (x86)/gnu arm embedded toolchain/10 2021.10/bin/../lib/gcc/arm-none-eabi/10.3.1/thumb/v7e-m+fp/hard/crti.o
                0x08006e54                _init
 .init          0x08006e58        0x8 e:/program files (x86)/gnu arm embedded toolchain/10 2021.10/bin/../lib/gcc/arm-none-eabi/10.3.1/thumb/v7e-m+fp/hard/crtn.o
 *(.fini)
 .fini          0x08006e60        0x4 e:/program files (x86)/gnu arm embedded toolchain/10 2021.10/bin/../lib/gcc/arm-none-eabi/10.3.1/thumb/v7e-m+fp/hard/crti.o
                0x08006e60                _fini
 .fini          0x08006e64        0x8 e:/program files (x86)/gnu arm embedded toolchain/10 2021.10/bin/../lib/gcc/arm-none-eabi/10.3.1/thumb/v7e-m+fp/hard/crtn.o
                0x08006e6c                . = ALIGN (0x4)
                0x08006e6c                _etext = .

.vfp11_veneer   0x08006e6c        0x0
 .vfp11_veneer  0x08006e6c        0x0 linker stubs

.v4_bx          0x08006e6c        0x0
 .v4_bx         0x08006e6c        0x0 linker stubs

.iplt           0x08006e6c        0x0
 .iplt          0x08006e6c        0x0 e:/program files (x86)/gnu arm embedded toolchain/10 2021.10/bin/../lib/gcc/arm-none-eabi/10.3.1/thumb/v7e-m+fp/hard/crtbegin.o

.rodata         0x08006e6c      0x24c
                0x08006e6c                . = ALIGN (0x4)
 *(.rodata)
 *(.rodata*)
 .rodata.main.str1.4
                0x08006e6c       0x21 build/main.o
 *fill*         0x08006e8d        0x3 
 .rodata.CDC_Receive_FS.str1.4
                0x08006e90        0x6 build/usbd_cdc_if.o
                                  0xa (size before relaxing)
 *fill*         0x08006e96        0x2 
 .rodata.CDC_Init_FS.str1.4
                0x08006e98        0xa build/usbd_cdc_if.o
 *fill*         0x08006ea2        0x2 
 .rodata.USBD_CMPSIT_FS_ManufacturerStrDescriptor.str1.4
                0x08006ea4       0x10 build/usbd_composite.o
 .rodata.USBD_CMPSIT_FS_ProductStrDescriptor.str1.4
                0x08006eb4       0x18 build/usbd_composite.o
 .rodata.USBD_CMPSIT_FS_InterfaceStrDescriptor.str1.4
                0x08006ecc       0x14 build/usbd_composite.o
 .rodata.USBD_CMPSIT_FS_ConfigStrDescriptor.str1.4
                0x08006ee0       0x11 build/usbd_composite.o
 *fill*         0x08006ef1        0x3 
 .rodata.USBD_CMPSIT_AddClass.str1.4
                0x08006ef4       0x13 build/usbd_composite.o
 *fill*         0x08006f07        0x1 
 .rodata.USBD_UsrStrDescriptor.str1.4
                0x08006f08       0x2a build/usbd_composite.o
 *fill*         0x08006f32        0x2 
 .rodata.STORAGE_GetCapacity_FS.str1.4
                0x08006f34       0x19 build/usbd_storage_if.o
 *fill*         0x08006f4d        0x3 
 .rodata.STORAGE_Init_FS.str1.4
                0x08006f50       0x12 build/usbd_storage_if.o
 *fill*         0x08006f62        0x2 
 .rodata.STORAGE_Inquirydata_FS
                0x08006f64       0x24 build/usbd_storage_if.o
                0x08006f64                STORAGE_Inquirydata_FS
 .rodata.AHBPrescTable
                0x08006f88       0x10 build/system_stm32f4xx.o
                0x08006f88                AHBPrescTable
 .rodata.APBPrescTable
                0x08006f98        0x8 build/system_stm32f4xx.o
                0x08006f98                APBPrescTable
 .rodata.USBD_SetConfig.str1.4
                0x08006fa0        0xd build/usbd_ctlreq.o
 *fill*         0x08006fad        0x3 
 .rodata.USBD_CDC_DataOut.str1.4
                0x08006fb0        0x8 build/usbd_cdc.o
 .rodata.__FUNCTION__.0
                0x08006fb8        0xf build/usbd_cdc.o
 *fill*         0x08006fc7        0x1 
 .rodata.__FUNCTION__.1
                0x08006fc8       0x10 build/usbd_cdc.o
 .rodata.__FUNCTION__.2
                0x08006fd8       0x11 build/usbd_cdc.o
 .rodata.USBD_MSC_Setup.str1.4
                0x08006fe9        0x8 build/usbd_msc.o
 *fill*         0x08006fe9        0x3 
 .rodata.__FUNCTION__.0
                0x08006fec       0x11 build/usbd_msc.o
 *fill*         0x08006ffd        0x3 
 .rodata.__FUNCTION__.1
                0x08007000       0x10 build/usbd_msc.o
 .rodata.__FUNCTION__.2
                0x08007010        0xf build/usbd_msc.o
 *fill*         0x0800701f        0x1 
 .rodata._global_impure_ptr
                0x08007020        0x4 e:/program files (x86)/gnu arm embedded toolchain/10 2021.10/bin/../lib/gcc/arm-none-eabi/10.3.1/../../../../arm-none-eabi/lib/thumb/v7e-m+fp/hard\libc_nano.a(lib_a-impure.o)
                0x08007020                _global_impure_ptr
 .rodata.__sf_fake_stderr
                0x08007024       0x20 e:/program files (x86)/gnu arm embedded toolchain/10 2021.10/bin/../lib/gcc/arm-none-eabi/10.3.1/../../../../arm-none-eabi/lib/thumb/v7e-m+fp/hard\libc_nano.a(lib_a-findfp.o)
                0x08007024                __sf_fake_stderr
 .rodata.__sf_fake_stdin
                0x08007044       0x20 e:/program files (x86)/gnu arm embedded toolchain/10 2021.10/bin/../lib/gcc/arm-none-eabi/10.3.1/../../../../arm-none-eabi/lib/thumb/v7e-m+fp/hard\libc_nano.a(lib_a-findfp.o)
                0x08007044                __sf_fake_stdin
 .rodata.__sf_fake_stdout
                0x08007064       0x20 e:/program files (x86)/gnu arm embedded toolchain/10 2021.10/bin/../lib/gcc/arm-none-eabi/10.3.1/../../../../arm-none-eabi/lib/thumb/v7e-m+fp/hard\libc_nano.a(lib_a-findfp.o)
                0x08007064                __sf_fake_stdout
 .rodata._vfprintf_r.str1.1
                0x08007084       0x11 e:/program files (x86)/gnu arm embedded toolchain/10 2021.10/bin/../lib/gcc/arm-none-eabi/10.3.1/../../../../arm-none-eabi/lib/thumb/v7e-m+fp/hard\libc_nano.a(lib_a-nano-vfprintf.o)
 .rodata._printf_i.str1.1
                0x08007095       0x22 e:/program files (x86)/gnu arm embedded toolchain/10 2021.10/bin/../lib/gcc/arm-none-eabi/10.3.1/../../../../arm-none-eabi/lib/thumb/v7e-m+fp/hard\libc_nano.a(lib_a-nano-vfprintf_i.o)
                0x080070b8                . = ALIGN (0x4)
 *fill*         0x080070b7        0x1 

.ARM.extab
 *(.ARM.extab* .gnu.linkonce.armextab.*)

.ARM            0x080070b8        0x8
                0x080070b8                __exidx_start = .
 *(.ARM.exidx*)
 .ARM.exidx     0x080070b8        0x8 e:/program files (x86)/gnu arm embedded toolchain/10 2021.10/bin/../lib/gcc/arm-none-eabi/10.3.1/thumb/v7e-m+fp/hard\libgcc.a(_udivmoddi4.o)
                0x080070c0                __exidx_end = .

.rel.dyn        0x080070c0        0x0
 .rel.iplt      0x080070c0        0x0 e:/program files (x86)/gnu arm embedded toolchain/10 2021.10/bin/../lib/gcc/arm-none-eabi/10.3.1/thumb/v7e-m+fp/hard/crtbegin.o

.preinit_array  0x080070c0        0x0
                0x080070c0                PROVIDE (__preinit_array_start = .)
 *(.preinit_array*)
                0x080070c0                PROVIDE (__preinit_array_end = .)

.init_array     0x080070c0        0x4
                0x080070c0                PROVIDE (__init_array_start = .)
 *(SORT_BY_NAME(.init_array.*))
 *(.init_array*)
 .init_array    0x080070c0        0x4 e:/program files (x86)/gnu arm embedded toolchain/10 2021.10/bin/../lib/gcc/arm-none-eabi/10.3.1/thumb/v7e-m+fp/hard/crtbegin.o
                0x080070c4                PROVIDE (__init_array_end = .)

.fini_array     0x080070c4        0x4
                [!provide]                PROVIDE (__fini_array_start = .)
 *(SORT_BY_NAME(.fini_array.*))
 *(.fini_array*)
 .fini_array    0x080070c4        0x4 e:/program files (x86)/gnu arm embedded toolchain/10 2021.10/bin/../lib/gcc/arm-none-eabi/10.3.1/thumb/v7e-m+fp/hard/crtbegin.o
                [!provide]                PROVIDE (__fini_array_end = .)
                0x080070c8                _sidata = LOADADDR (.data)

.data           0x20000000      0x26c load address 0x080070c8
                0x20000000                . = ALIGN (0x4)
                0x20000000                _sdata = .
 *(.data)
 *(.data*)
 .data.USBD_Interface_fops_FS
                0x20000000       0x14 build/usbd_cdc_if.o
                0x20000000                USBD_Interface_fops_FS
 .data.USBD_CMPSIT
                0x20000014       0x3c build/usbd_composite.o
                0x20000014                USBD_CMPSIT
 .data.USBD_CMPSIT_CfgDesc
                0x20000050       0x6a build/usbd_composite.o
 *fill*         0x200000ba        0x2 
 .data.USBD_CMPSIT_DeviceQualifierDesc
                0x200000bc        0xa build/usbd_composite.o
 *fill*         0x200000c6        0x2 
 .data.USBD_CMPSIT_FS_DeviceDesc
                0x200000c8       0x12 build/usbd_composite.o
                0x200000c8                USBD_CMPSIT_FS_DeviceDesc
 *fill*         0x200000da        0x2 
 .data.USBD_CMPSIT_LangIDDesc
                0x200000dc        0x4 build/usbd_composite.o
                0x200000dc                USBD_CMPSIT_LangIDDesc
 .data.USBD_CMPSIT_StringSerial
                0x200000e0       0x1a build/usbd_composite.o
                0x200000e0                USBD_CMPSIT_StringSerial
 *fill*         0x200000fa        0x2 
 .data.usbCmpsitFS_Desc
                0x200000fc       0x1c build/usbd_composite.o
                0x200000fc                usbCmpsitFS_Desc
 .data.USBD_Storage_Interface_fops_FS
                0x20000118       0x20 build/usbd_storage_if.o
                0x20000118                USBD_Storage_Interface_fops_FS
 .data.uwTickFreq
                0x20000138        0x1 build/stm32f4xx_hal.o
                0x20000138                uwTickFreq
 *fill*         0x20000139        0x3 
 .data.uwTickPrio
                0x2000013c        0x4 build/stm32f4xx_hal.o
                0x2000013c                uwTickPrio
 .data.SystemCoreClock
                0x20000140        0x4 build/system_stm32f4xx.o
                0x20000140                SystemCoreClock
 .data.CDCCmdEpAdd
                0x20000144        0x1 build/usbd_cdc.o
 .data.CDCInEpAdd
                0x20000145        0x1 build/usbd_cdc.o
 .data.CDCOutEpAdd
                0x20000146        0x1 build/usbd_cdc.o
 *fill*         0x20000147        0x1 
 .data.USBD_CDC
                0x20000148       0x3c build/usbd_cdc.o
                0x20000148                USBD_CDC
 .data.MSCInEpAdd
                0x20000184        0x1 build/usbd_msc.o
                0x20000184                MSCInEpAdd
 .data.MSCOutEpAdd
                0x20000185        0x1 build/usbd_msc.o
                0x20000185                MSCOutEpAdd
 *fill*         0x20000186        0x2 
 .data.USBD_MSC
                0x20000188       0x3c build/usbd_msc.o
                0x20000188                USBD_MSC
 .data.MSC_Mode_Sense10_data
                0x200001c4       0x1b build/usbd_msc_data.o
                0x200001c4                MSC_Mode_Sense10_data
 *fill*         0x200001df        0x1 
 .data.MSC_Mode_Sense6_data
                0x200001e0       0x17 build/usbd_msc_data.o
                0x200001e0                MSC_Mode_Sense6_data
 *fill*         0x200001f7        0x1 
 .data.MSC_Page00_Inquiry_Data
                0x200001f8        0x6 build/usbd_msc_data.o
                0x200001f8                MSC_Page00_Inquiry_Data
 *fill*         0x200001fe        0x2 
 .data.MSC_Page80_Inquiry_Data
                0x20000200        0x8 build/usbd_msc_data.o
                0x20000200                MSC_Page80_Inquiry_Data
 .data._impure_ptr
                0x20000208        0x4 e:/program files (x86)/gnu arm embedded toolchain/10 2021.10/bin/../lib/gcc/arm-none-eabi/10.3.1/../../../../arm-none-eabi/lib/thumb/v7e-m+fp/hard\libc_nano.a(lib_a-impure.o)
                0x20000208                _impure_ptr
 .data.impure_data
                0x2000020c       0x60 e:/program files (x86)/gnu arm embedded toolchain/10 2021.10/bin/../lib/gcc/arm-none-eabi/10.3.1/../../../../arm-none-eabi/lib/thumb/v7e-m+fp/hard\libc_nano.a(lib_a-impure.o)
                0x2000026c                . = ALIGN (0x4)
                0x2000026c                _edata = .
                0x08007334                _siccmram = LOADADDR (.ccmram)

.igot.plt       0x2000026c        0x0 load address 0x08007334
 .igot.plt      0x2000026c        0x0 e:/program files (x86)/gnu arm embedded toolchain/10 2021.10/bin/../lib/gcc/arm-none-eabi/10.3.1/thumb/v7e-m+fp/hard/crtbegin.o

.ccmram         0x10000000        0x0 load address 0x08007334
                0x10000000                . = ALIGN (0x4)
                0x10000000                _sccmram = .
 *(.ccmram)
 *(.ccmram*)
                0x10000000                . = ALIGN (0x4)
                0x10000000                _eccmram = .
                0x10000000                . = ALIGN (0x4)

.bss            0x2000026c     0x1b68
                0x2000026c                _sbss = .
                0x2000026c                __bss_start__ = _sbss
 *(.bss)
 .bss           0x2000026c       0x1c e:/program files (x86)/gnu arm embedded toolchain/10 2021.10/bin/../lib/gcc/arm-none-eabi/10.3.1/thumb/v7e-m+fp/hard/crtbegin.o
 *(.bss*)
 .bss.huart4    0x20000288       0x44 build/usart.o
                0x20000288                huart4
 .bss.hUsbDeviceFS
                0x200002cc      0x3e0 build/usb_device.o
                0x200002cc                hUsbDeviceFS
 .bss.hpcd_USB_OTG_FS
                0x200006ac      0x50c build/usbd_conf.o
                0x200006ac                hpcd_USB_OTG_FS
 .bss.UserRxBufferFS
                0x20000bb8      0x800 build/usbd_cdc_if.o
                0x20000bb8                UserRxBufferFS
 .bss.UserTxBufferFS
                0x200013b8      0x800 build/usbd_cdc_if.o
                0x200013b8                UserTxBufferFS
 .bss.USBD_CMPSIT_StrDesc
                0x20001bb8      0x200 build/usbd_composite.o
                0x20001bb8                USBD_CMPSIT_StrDesc
 .bss.uwTick    0x20001db8        0x4 build/stm32f4xx_hal.o
                0x20001db8                uwTick
 .bss.cfgidx.0  0x20001dbc        0x1 build/usbd_ctlreq.o
 *fill*         0x20001dbd        0x3 
 .bss.__malloc_free_list
                0x20001dc0        0x4 e:/program files (x86)/gnu arm embedded toolchain/10 2021.10/bin/../lib/gcc/arm-none-eabi/10.3.1/../../../../arm-none-eabi/lib/thumb/v7e-m+fp/hard\libc_nano.a(lib_a-nano-mallocr.o)
                0x20001dc0                __malloc_free_list
 .bss.__malloc_sbrk_start
                0x20001dc4        0x4 e:/program files (x86)/gnu arm embedded toolchain/10 2021.10/bin/../lib/gcc/arm-none-eabi/10.3.1/../../../../arm-none-eabi/lib/thumb/v7e-m+fp/hard\libc_nano.a(lib_a-nano-mallocr.o)
                0x20001dc4                __malloc_sbrk_start
 .bss.__lock___malloc_recursive_mutex
                0x20001dc8        0x1 e:/program files (x86)/gnu arm embedded toolchain/10 2021.10/bin/../lib/gcc/arm-none-eabi/10.3.1/../../../../arm-none-eabi/lib/thumb/v7e-m+fp/hard\libc_nano.a(lib_a-lock.o)
                0x20001dc8                __lock___malloc_recursive_mutex
 .bss.__lock___sfp_recursive_mutex
                0x20001dc9        0x1 e:/program files (x86)/gnu arm embedded toolchain/10 2021.10/bin/../lib/gcc/arm-none-eabi/10.3.1/../../../../arm-none-eabi/lib/thumb/v7e-m+fp/hard\libc_nano.a(lib_a-lock.o)
                0x20001dc9                __lock___sfp_recursive_mutex
 .bss.__lock___sinit_recursive_mutex
                0x20001dca        0x1 e:/program files (x86)/gnu arm embedded toolchain/10 2021.10/bin/../lib/gcc/arm-none-eabi/10.3.1/../../../../arm-none-eabi/lib/thumb/v7e-m+fp/hard\libc_nano.a(lib_a-lock.o)
                0x20001dca                __lock___sinit_recursive_mutex
 *fill*         0x20001dcb        0x1 
 .bss.errno     0x20001dcc        0x4 e:/program files (x86)/gnu arm embedded toolchain/10 2021.10/bin/../lib/gcc/arm-none-eabi/10.3.1/../../../../arm-none-eabi/lib/thumb/v7e-m+fp/hard\libc_nano.a(lib_a-reent.o)
                0x20001dcc                errno
 .bss.heap_end.0
                0x20001dd0        0x4 e:/program files (x86)/gnu arm embedded toolchain/10 2021.10/bin/../lib/gcc/arm-none-eabi/10.3.1/../../../../arm-none-eabi/lib/thumb/v7e-m+fp/hard\libnosys.a(sbrk.o)
 *(COMMON)
                0x20001dd4                . = ALIGN (0x4)
                0x20001dd4                _ebss = .
                0x20001dd4                __bss_end__ = _ebss

._user_heap_stack
                0x20001dd4     0x4404
                0x20001dd8                . = ALIGN (0x8)
 *fill*         0x20001dd4        0x4 
                0x20001dd8                PROVIDE (end = .)
                [!provide]                PROVIDE (_end = .)
                0x200059d8                . = (. + _Min_Heap_Size)
 *fill*         0x20001dd8     0x3c00 
                0x200061d8                . = (. + _Min_Stack_Size)
 *fill*         0x200059d8      0x800 
                0x200061d8                . = ALIGN (0x8)

/DISCARD/
 libc.a(*)
 libm.a(*)
 libgcc.a(*)

.ARM.attributes
                0x00000000       0x30
 *(.ARM.attributes)
 .ARM.attributes
                0x00000000       0x1e e:/program files (x86)/gnu arm embedded toolchain/10 2021.10/bin/../lib/gcc/arm-none-eabi/10.3.1/thumb/v7e-m+fp/hard/crti.o
 .ARM.attributes
                0x0000001e       0x34 e:/program files (x86)/gnu arm embedded toolchain/10 2021.10/bin/../lib/gcc/arm-none-eabi/10.3.1/thumb/v7e-m+fp/hard/crtbegin.o
 .ARM.attributes
                0x00000052       0x34 build/main.o
 .ARM.attributes
                0x00000086       0x34 build/gpio.o
 .ARM.attributes
                0x000000ba       0x34 build/usart.o
 .ARM.attributes
                0x000000ee       0x34 build/usb_device.o
 .ARM.attributes
                0x00000122       0x34 build/usbd_conf.o
 .ARM.attributes
                0x00000156       0x34 build/usbd_cdc_if.o
 .ARM.attributes
                0x0000018a       0x34 build/stm32f4xx_it.o
 .ARM.attributes
                0x000001be       0x34 build/stm32f4xx_hal_msp.o
 .ARM.attributes
                0x000001f2       0x34 build/usbd_composite.o
 .ARM.attributes
                0x00000226       0x34 build/usbd_storage_if.o
 .ARM.attributes
                0x0000025a       0x34 build/stm32f4xx_hal_pcd.o
 .ARM.attributes
                0x0000028e       0x34 build/stm32f4xx_hal_pcd_ex.o
 .ARM.attributes
                0x000002c2       0x34 build/stm32f4xx_ll_usb.o
 .ARM.attributes
                0x000002f6       0x34 build/stm32f4xx_hal_rcc.o
 .ARM.attributes
                0x0000032a       0x34 build/stm32f4xx_hal_gpio.o
 .ARM.attributes
                0x0000035e       0x34 build/stm32f4xx_hal_cortex.o
 .ARM.attributes
                0x00000392       0x34 build/stm32f4xx_hal.o
 .ARM.attributes
                0x000003c6       0x34 build/stm32f4xx_hal_uart.o
 .ARM.attributes
                0x000003fa       0x34 build/system_stm32f4xx.o
 .ARM.attributes
                0x0000042e       0x34 build/usbd_core.o
 .ARM.attributes
                0x00000462       0x34 build/usbd_ctlreq.o
 .ARM.attributes
                0x00000496       0x34 build/usbd_ioreq.o
 .ARM.attributes
                0x000004ca       0x34 build/usbd_cdc.o
 .ARM.attributes
                0x000004fe       0x34 build/usbd_msc.o
 .ARM.attributes
                0x00000532       0x34 build/usbd_msc_bot.o
 .ARM.attributes
                0x00000566       0x34 build/usbd_msc_data.o
 .ARM.attributes
                0x0000059a       0x34 build/usbd_msc_scsi.o
 .ARM.attributes
                0x000005ce       0x21 build/startup_stm32f405xx.o
 .ARM.attributes
                0x000005ef       0x34 e:/program files (x86)/gnu arm embedded toolchain/10 2021.10/bin/../lib/gcc/arm-none-eabi/10.3.1/../../../../arm-none-eabi/lib/thumb/v7e-m+fp/hard\libc_nano.a(lib_a-impure.o)
 .ARM.attributes
                0x00000623       0x34 e:/program files (x86)/gnu arm embedded toolchain/10 2021.10/bin/../lib/gcc/arm-none-eabi/10.3.1/../../../../arm-none-eabi/lib/thumb/v7e-m+fp/hard\libc_nano.a(lib_a-init.o)
 .ARM.attributes
                0x00000657       0x34 e:/program files (x86)/gnu arm embedded toolchain/10 2021.10/bin/../lib/gcc/arm-none-eabi/10.3.1/../../../../arm-none-eabi/lib/thumb/v7e-m+fp/hard\libc_nano.a(lib_a-malloc.o)
 .ARM.attributes
                0x0000068b       0x34 e:/program files (x86)/gnu arm embedded toolchain/10 2021.10/bin/../lib/gcc/arm-none-eabi/10.3.1/../../../../arm-none-eabi/lib/thumb/v7e-m+fp/hard\libc_nano.a(lib_a-memset.o)
 .ARM.attributes
                0x000006bf       0x34 e:/program files (x86)/gnu arm embedded toolchain/10 2021.10/bin/../lib/gcc/arm-none-eabi/10.3.1/../../../../arm-none-eabi/lib/thumb/v7e-m+fp/hard\libc_nano.a(lib_a-nano-freer.o)
 .ARM.attributes
                0x000006f3       0x34 e:/program files (x86)/gnu arm embedded toolchain/10 2021.10/bin/../lib/gcc/arm-none-eabi/10.3.1/../../../../arm-none-eabi/lib/thumb/v7e-m+fp/hard\libc_nano.a(lib_a-nano-mallocr.o)
 .ARM.attributes
                0x00000727       0x34 e:/program files (x86)/gnu arm embedded toolchain/10 2021.10/bin/../lib/gcc/arm-none-eabi/10.3.1/../../../../arm-none-eabi/lib/thumb/v7e-m+fp/hard\libc_nano.a(lib_a-printf.o)
 .ARM.attributes
                0x0000075b       0x34 e:/program files (x86)/gnu arm embedded toolchain/10 2021.10/bin/../lib/gcc/arm-none-eabi/10.3.1/../../../../arm-none-eabi/lib/thumb/v7e-m+fp/hard\libc_nano.a(lib_a-puts.o)
 .ARM.attributes
                0x0000078f       0x34 e:/program files (x86)/gnu arm embedded toolchain/10 2021.10/bin/../lib/gcc/arm-none-eabi/10.3.1/../../../../arm-none-eabi/lib/thumb/v7e-m+fp/hard\libc_nano.a(lib_a-sbrkr.o)
 .ARM.attributes
                0x000007c3       0x34 e:/program files (x86)/gnu arm embedded toolchain/10 2021.10/bin/../lib/gcc/arm-none-eabi/10.3.1/../../../../arm-none-eabi/lib/thumb/v7e-m+fp/hard\libc_nano.a(lib_a-wbuf.o)
 .ARM.attributes
                0x000007f7       0x34 e:/program files (x86)/gnu arm embedded toolchain/10 2021.10/bin/../lib/gcc/arm-none-eabi/10.3.1/../../../../arm-none-eabi/lib/thumb/v7e-m+fp/hard\libc_nano.a(lib_a-wsetup.o)
 .ARM.attributes
                0x0000082b       0x34 e:/program files (x86)/gnu arm embedded toolchain/10 2021.10/bin/../lib/gcc/arm-none-eabi/10.3.1/../../../../arm-none-eabi/lib/thumb/v7e-m+fp/hard\libc_nano.a(lib_a-fflush.o)
 .ARM.attributes
                0x0000085f       0x34 e:/program files (x86)/gnu arm embedded toolchain/10 2021.10/bin/../lib/gcc/arm-none-eabi/10.3.1/../../../../arm-none-eabi/lib/thumb/v7e-m+fp/hard\libc_nano.a(lib_a-findfp.o)
 .ARM.attributes
                0x00000893       0x34 e:/program files (x86)/gnu arm embedded toolchain/10 2021.10/bin/../lib/gcc/arm-none-eabi/10.3.1/../../../../arm-none-eabi/lib/thumb/v7e-m+fp/hard\libc_nano.a(lib_a-fwalk.o)
 .ARM.attributes
                0x000008c7       0x34 e:/program files (x86)/gnu arm embedded toolchain/10 2021.10/bin/../lib/gcc/arm-none-eabi/10.3.1/../../../../arm-none-eabi/lib/thumb/v7e-m+fp/hard\libc_nano.a(lib_a-lock.o)
 .ARM.attributes
                0x000008fb       0x34 e:/program files (x86)/gnu arm embedded toolchain/10 2021.10/bin/../lib/gcc/arm-none-eabi/10.3.1/../../../../arm-none-eabi/lib/thumb/v7e-m+fp/hard\libc_nano.a(lib_a-makebuf.o)
 .ARM.attributes
                0x0000092f       0x34 e:/program files (x86)/gnu arm embedded toolchain/10 2021.10/bin/../lib/gcc/arm-none-eabi/10.3.1/../../../../arm-none-eabi/lib/thumb/v7e-m+fp/hard\libc_nano.a(lib_a-mlock.o)
 .ARM.attributes
                0x00000963       0x34 e:/program files (x86)/gnu arm embedded toolchain/10 2021.10/bin/../lib/gcc/arm-none-eabi/10.3.1/../../../../arm-none-eabi/lib/thumb/v7e-m+fp/hard\libc_nano.a(lib_a-nano-vfprintf.o)
 .ARM.attributes
                0x00000997       0x34 e:/program files (x86)/gnu arm embedded toolchain/10 2021.10/bin/../lib/gcc/arm-none-eabi/10.3.1/../../../../arm-none-eabi/lib/thumb/v7e-m+fp/hard\libc_nano.a(lib_a-nano-vfprintf_i.o)
 .ARM.attributes
                0x000009cb       0x34 e:/program files (x86)/gnu arm embedded toolchain/10 2021.10/bin/../lib/gcc/arm-none-eabi/10.3.1/../../../../arm-none-eabi/lib/thumb/v7e-m+fp/hard\libc_nano.a(lib_a-reent.o)
 .ARM.attributes
                0x000009ff       0x34 e:/program files (x86)/gnu arm embedded toolchain/10 2021.10/bin/../lib/gcc/arm-none-eabi/10.3.1/../../../../arm-none-eabi/lib/thumb/v7e-m+fp/hard\libc_nano.a(lib_a-stdio.o)
 .ARM.attributes
                0x00000a33       0x34 e:/program files (x86)/gnu arm embedded toolchain/10 2021.10/bin/../lib/gcc/arm-none-eabi/10.3.1/../../../../arm-none-eabi/lib/thumb/v7e-m+fp/hard\libc_nano.a(lib_a-writer.o)
 .ARM.attributes
                0x00000a67       0x34 e:/program files (x86)/gnu arm embedded toolchain/10 2021.10/bin/../lib/gcc/arm-none-eabi/10.3.1/../../../../arm-none-eabi/lib/thumb/v7e-m+fp/hard\libc_nano.a(lib_a-closer.o)
 .ARM.attributes
                0x00000a9b       0x34 e:/program files (x86)/gnu arm embedded toolchain/10 2021.10/bin/../lib/gcc/arm-none-eabi/10.3.1/../../../../arm-none-eabi/lib/thumb/v7e-m+fp/hard\libc_nano.a(lib_a-fstatr.o)
 .ARM.attributes
                0x00000acf       0x34 e:/program files (x86)/gnu arm embedded toolchain/10 2021.10/bin/../lib/gcc/arm-none-eabi/10.3.1/../../../../arm-none-eabi/lib/thumb/v7e-m+fp/hard\libc_nano.a(lib_a-isattyr.o)
 .ARM.attributes
                0x00000b03       0x34 e:/program files (x86)/gnu arm embedded toolchain/10 2021.10/bin/../lib/gcc/arm-none-eabi/10.3.1/../../../../arm-none-eabi/lib/thumb/v7e-m+fp/hard\libc_nano.a(lib_a-lseekr.o)
 .ARM.attributes
                0x00000b37       0x1c e:/program files (x86)/gnu arm embedded toolchain/10 2021.10/bin/../lib/gcc/arm-none-eabi/10.3.1/../../../../arm-none-eabi/lib/thumb/v7e-m+fp/hard\libc_nano.a(lib_a-memchr.o)
 .ARM.attributes
                0x00000b53       0x34 e:/program files (x86)/gnu arm embedded toolchain/10 2021.10/bin/../lib/gcc/arm-none-eabi/10.3.1/../../../../arm-none-eabi/lib/thumb/v7e-m+fp/hard\libc_nano.a(lib_a-readr.o)
 .ARM.attributes
                0x00000b87       0x34 e:/program files (x86)/gnu arm embedded toolchain/10 2021.10/bin/../lib/gcc/arm-none-eabi/10.3.1/../../../../arm-none-eabi/lib/thumb/v7e-m+fp/hard\libnosys.a(close.o)
 .ARM.attributes
                0x00000bbb       0x34 e:/program files (x86)/gnu arm embedded toolchain/10 2021.10/bin/../lib/gcc/arm-none-eabi/10.3.1/../../../../arm-none-eabi/lib/thumb/v7e-m+fp/hard\libnosys.a(fstat.o)
 .ARM.attributes
                0x00000bef       0x34 e:/program files (x86)/gnu arm embedded toolchain/10 2021.10/bin/../lib/gcc/arm-none-eabi/10.3.1/../../../../arm-none-eabi/lib/thumb/v7e-m+fp/hard\libnosys.a(isatty.o)
 .ARM.attributes
                0x00000c23       0x34 e:/program files (x86)/gnu arm embedded toolchain/10 2021.10/bin/../lib/gcc/arm-none-eabi/10.3.1/../../../../arm-none-eabi/lib/thumb/v7e-m+fp/hard\libnosys.a(lseek.o)
 .ARM.attributes
                0x00000c57       0x34 e:/program files (x86)/gnu arm embedded toolchain/10 2021.10/bin/../lib/gcc/arm-none-eabi/10.3.1/../../../../arm-none-eabi/lib/thumb/v7e-m+fp/hard\libnosys.a(read.o)
 .ARM.attributes
                0x00000c8b       0x34 e:/program files (x86)/gnu arm embedded toolchain/10 2021.10/bin/../lib/gcc/arm-none-eabi/10.3.1/../../../../arm-none-eabi/lib/thumb/v7e-m+fp/hard\libnosys.a(sbrk.o)
 .ARM.attributes
                0x00000cbf       0x1e e:/program files (x86)/gnu arm embedded toolchain/10 2021.10/bin/../lib/gcc/arm-none-eabi/10.3.1/thumb/v7e-m+fp/hard\libgcc.a(_aeabi_uldivmod.o)
 .ARM.attributes
                0x00000cdd       0x34 e:/program files (x86)/gnu arm embedded toolchain/10 2021.10/bin/../lib/gcc/arm-none-eabi/10.3.1/thumb/v7e-m+fp/hard\libgcc.a(_udivmoddi4.o)
 .ARM.attributes
                0x00000d11       0x1e e:/program files (x86)/gnu arm embedded toolchain/10 2021.10/bin/../lib/gcc/arm-none-eabi/10.3.1/thumb/v7e-m+fp/hard\libgcc.a(_dvmd_tls.o)
 .ARM.attributes
                0x00000d2f       0x1e e:/program files (x86)/gnu arm embedded toolchain/10 2021.10/bin/../lib/gcc/arm-none-eabi/10.3.1/thumb/v7e-m+fp/hard/crtn.o
OUTPUT(build/usb_composite.elf elf32-littlearm)
LOAD linker stubs
LOAD e:/program files (x86)/gnu arm embedded toolchain/10 2021.10/bin/../lib/gcc/arm-none-eabi/10.3.1/../../../../arm-none-eabi/lib/thumb/v7e-m+fp/hard\libc.a
LOAD e:/program files (x86)/gnu arm embedded toolchain/10 2021.10/bin/../lib/gcc/arm-none-eabi/10.3.1/../../../../arm-none-eabi/lib/thumb/v7e-m+fp/hard\libm.a
LOAD e:/program files (x86)/gnu arm embedded toolchain/10 2021.10/bin/../lib/gcc/arm-none-eabi/10.3.1/thumb/v7e-m+fp/hard\libgcc.a

.debug_info     0x00000000    0x1cf0b
 .debug_info    0x00000000      0xc38 build/main.o
 .debug_info    0x00000c38      0x2eb build/gpio.o
 .debug_info    0x00000f23      0xabe build/usart.o
 .debug_info    0x000019e1      0xb92 build/usb_device.o
 .debug_info    0x00002573     0x2399 build/usbd_conf.o
 .debug_info    0x0000490c      0xd00 build/usbd_cdc_if.o
 .debug_info    0x0000560c      0x70c build/stm32f4xx_it.o
 .debug_info    0x00005d18      0x2eb build/stm32f4xx_hal_msp.o
 .debug_info    0x00006003      0xeff build/usbd_composite.o
 .debug_info    0x00006f02      0x45c build/usbd_storage_if.o
 .debug_info    0x0000735e     0x1d1e build/stm32f4xx_hal_pcd.o
 .debug_info    0x0000907c      0x7b3 build/stm32f4xx_hal_pcd_ex.o
 .debug_info    0x0000982f     0x2164 build/stm32f4xx_ll_usb.o
 .debug_info    0x0000b993      0xbe6 build/stm32f4xx_hal_rcc.o
 .debug_info    0x0000c579      0x848 build/stm32f4xx_hal_gpio.o
 .debug_info    0x0000cdc1     0x1162 build/stm32f4xx_hal_cortex.o
 .debug_info    0x0000df23      0xabd build/stm32f4xx_hal.o
 .debug_info    0x0000e9e0     0x43e7 build/stm32f4xx_hal_uart.o
 .debug_info    0x00012dc7      0x5b3 build/system_stm32f4xx.o
 .debug_info    0x0001337a     0x1874 build/usbd_core.o
 .debug_info    0x00014bee     0x175f build/usbd_ctlreq.o
 .debug_info    0x0001634d      0xb51 build/usbd_ioreq.o
 .debug_info    0x00016e9e     0x18f8 build/usbd_cdc.o
 .debug_info    0x00018796     0x1352 build/usbd_msc.o
 .debug_info    0x00019ae8     0x13f9 build/usbd_msc_bot.o
 .debug_info    0x0001aee1      0x13a build/usbd_msc_data.o
 .debug_info    0x0001b01b     0x1ece build/usbd_msc_scsi.o
 .debug_info    0x0001cee9       0x22 build/startup_stm32f405xx.o

.debug_abbrev   0x00000000     0x3e4c
 .debug_abbrev  0x00000000      0x242 build/main.o
 .debug_abbrev  0x00000242       0xd3 build/gpio.o
 .debug_abbrev  0x00000315      0x1de build/usart.o
 .debug_abbrev  0x000004f3      0x188 build/usb_device.o
 .debug_abbrev  0x0000067b      0x2ee build/usbd_conf.o
 .debug_abbrev  0x00000969      0x2f5 build/usbd_cdc_if.o
 .debug_abbrev  0x00000c5e      0x17c build/stm32f4xx_it.o
 .debug_abbrev  0x00000dda       0xd3 build/stm32f4xx_hal_msp.o
 .debug_abbrev  0x00000ead      0x2e8 build/usbd_composite.o
 .debug_abbrev  0x00001195      0x202 build/usbd_storage_if.o
 .debug_abbrev  0x00001397      0x2d1 build/stm32f4xx_hal_pcd.o
 .debug_abbrev  0x00001668      0x1c5 build/stm32f4xx_hal_pcd_ex.o
 .debug_abbrev  0x0000182d      0x2f9 build/stm32f4xx_ll_usb.o
 .debug_abbrev  0x00001b26      0x2aa build/stm32f4xx_hal_rcc.o
 .debug_abbrev  0x00001dd0      0x22b build/stm32f4xx_hal_gpio.o
 .debug_abbrev  0x00001ffb      0x382 build/stm32f4xx_hal_cortex.o
 .debug_abbrev  0x0000237d      0x209 build/stm32f4xx_hal.o
 .debug_abbrev  0x00002586      0x356 build/stm32f4xx_hal_uart.o
 .debug_abbrev  0x000028dc      0x11b build/system_stm32f4xx.o
 .debug_abbrev  0x000029f7      0x325 build/usbd_core.o
 .debug_abbrev  0x00002d1c      0x37f build/usbd_ctlreq.o
 .debug_abbrev  0x0000309b      0x176 build/usbd_ioreq.o
 .debug_abbrev  0x00003211      0x2e4 build/usbd_cdc.o
 .debug_abbrev  0x000034f5      0x2f3 build/usbd_msc.o
 .debug_abbrev  0x000037e8      0x2a6 build/usbd_msc_bot.o
 .debug_abbrev  0x00003a8e       0x69 build/usbd_msc_data.o
 .debug_abbrev  0x00003af7      0x343 build/usbd_msc_scsi.o
 .debug_abbrev  0x00003e3a       0x12 build/startup_stm32f405xx.o

.debug_loc      0x00000000    0x129ae
 .debug_loc     0x00000000       0xff build/main.o
 .debug_loc     0x000000ff       0x2c build/gpio.o
 .debug_loc     0x0000012b      0x108 build/usart.o
 .debug_loc     0x00000233       0x20 build/usb_device.o
 .debug_loc     0x00000253      0xf26 build/usbd_conf.o
 .debug_loc     0x00001179      0x23b build/usbd_cdc_if.o
 .debug_loc     0x000013b4       0x40 build/stm32f4xx_it.o
 .debug_loc     0x000013f4       0x2c build/stm32f4xx_hal_msp.o
 .debug_loc     0x00001420      0x669 build/usbd_composite.o
 .debug_loc     0x00001a89      0x182 build/usbd_storage_if.o
 .debug_loc     0x00001c0b     0x1777 build/stm32f4xx_hal_pcd.o
 .debug_loc     0x00003382      0x116 build/stm32f4xx_hal_pcd_ex.o
 .debug_loc     0x00003498     0x2abe build/stm32f4xx_ll_usb.o
 .debug_loc     0x00005f56      0x6e4 build/stm32f4xx_hal_rcc.o
 .debug_loc     0x0000663a      0x5e8 build/stm32f4xx_hal_gpio.o
 .debug_loc     0x00006c22      0x7a4 build/stm32f4xx_hal_cortex.o
 .debug_loc     0x000073c6      0x1e1 build/stm32f4xx_hal.o
 .debug_loc     0x000075a7     0x4fef build/stm32f4xx_hal_uart.o
 .debug_loc     0x0000c596      0x158 build/system_stm32f4xx.o
 .debug_loc     0x0000c6ee     0x140d build/usbd_core.o
 .debug_loc     0x0000dafb     0x19bb build/usbd_ctlreq.o
 .debug_loc     0x0000f4b6      0x398 build/usbd_ioreq.o
 .debug_loc     0x0000f84e      0x736 build/usbd_cdc.o
 .debug_loc     0x0000ff84      0x438 build/usbd_msc.o
 .debug_loc     0x000103bc      0x60b build/usbd_msc_bot.o
 .debug_loc     0x000109c7     0x1fe7 build/usbd_msc_scsi.o

.debug_aranges  0x00000000      0xf10
 .debug_aranges
                0x00000000       0x38 build/main.o
 .debug_aranges
                0x00000038       0x20 build/gpio.o
 .debug_aranges
                0x00000058       0x30 build/usart.o
 .debug_aranges
                0x00000088       0x20 build/usb_device.o
 .debug_aranges
                0x000000a8      0x110 build/usbd_conf.o
 .debug_aranges
                0x000001b8       0x48 build/usbd_cdc_if.o
 .debug_aranges
                0x00000200       0x68 build/stm32f4xx_it.o
 .debug_aranges
                0x00000268       0x20 build/stm32f4xx_hal_msp.o
 .debug_aranges
                0x00000288       0x90 build/usbd_composite.o
 .debug_aranges
                0x00000318       0x50 build/usbd_storage_if.o
 .debug_aranges
                0x00000368      0x148 build/stm32f4xx_hal_pcd.o
 .debug_aranges
                0x000004b0       0x38 build/stm32f4xx_hal_pcd_ex.o
 .debug_aranges
                0x000004e8      0x1a0 build/stm32f4xx_ll_usb.o
 .debug_aranges
                0x00000688       0x88 build/stm32f4xx_hal_rcc.o
 .debug_aranges
                0x00000710       0x58 build/stm32f4xx_hal_gpio.o
 .debug_aranges
                0x00000768       0xa8 build/stm32f4xx_hal_cortex.o
 .debug_aranges
                0x00000810       0xf0 build/stm32f4xx_hal.o
 .debug_aranges
                0x00000900      0x200 build/stm32f4xx_hal_uart.o
 .debug_aranges
                0x00000b00       0x28 build/system_stm32f4xx.o
 .debug_aranges
                0x00000b28       0xf0 build/usbd_core.o
 .debug_aranges
                0x00000c18       0x88 build/usbd_ctlreq.o
 .debug_aranges
                0x00000ca0       0x50 build/usbd_ioreq.o
 .debug_aranges
                0x00000cf0       0x70 build/usbd_cdc.o
 .debug_aranges
                0x00000d60       0x48 build/usbd_msc.o
 .debug_aranges
                0x00000da8       0x68 build/usbd_msc_bot.o
 .debug_aranges
                0x00000e10       0x18 build/usbd_msc_data.o
 .debug_aranges
                0x00000e28       0xc0 build/usbd_msc_scsi.o
 .debug_aranges
                0x00000ee8       0x28 build/startup_stm32f405xx.o

.debug_ranges   0x00000000      0xe58
 .debug_ranges  0x00000000       0x28 build/main.o
 .debug_ranges  0x00000028       0x10 build/gpio.o
 .debug_ranges  0x00000038       0x20 build/usart.o
 .debug_ranges  0x00000058       0x10 build/usb_device.o
 .debug_ranges  0x00000068      0x100 build/usbd_conf.o
 .debug_ranges  0x00000168       0x38 build/usbd_cdc_if.o
 .debug_ranges  0x000001a0       0x58 build/stm32f4xx_it.o
 .debug_ranges  0x000001f8       0x10 build/stm32f4xx_hal_msp.o
 .debug_ranges  0x00000208       0x80 build/usbd_composite.o
 .debug_ranges  0x00000288       0x40 build/usbd_storage_if.o
 .debug_ranges  0x000002c8      0x138 build/stm32f4xx_hal_pcd.o
 .debug_ranges  0x00000400       0x28 build/stm32f4xx_hal_pcd_ex.o
 .debug_ranges  0x00000428      0x190 build/stm32f4xx_ll_usb.o
 .debug_ranges  0x000005b8       0x90 build/stm32f4xx_hal_rcc.o
 .debug_ranges  0x00000648       0x48 build/stm32f4xx_hal_gpio.o
 .debug_ranges  0x00000690       0xf8 build/stm32f4xx_hal_cortex.o
 .debug_ranges  0x00000788       0xe0 build/stm32f4xx_hal.o
 .debug_ranges  0x00000868      0x208 build/stm32f4xx_hal_uart.o
 .debug_ranges  0x00000a70       0x18 build/system_stm32f4xx.o
 .debug_ranges  0x00000a88      0x158 build/usbd_core.o
 .debug_ranges  0x00000be0       0x78 build/usbd_ctlreq.o
 .debug_ranges  0x00000c58       0x40 build/usbd_ioreq.o
 .debug_ranges  0x00000c98       0x60 build/usbd_cdc.o
 .debug_ranges  0x00000cf8       0x38 build/usbd_msc.o
 .debug_ranges  0x00000d30       0x58 build/usbd_msc_bot.o
 .debug_ranges  0x00000d88       0xb0 build/usbd_msc_scsi.o
 .debug_ranges  0x00000e38       0x20 build/startup_stm32f405xx.o

.debug_line     0x00000000    0x10aad
 .debug_line    0x00000000      0x377 build/main.o
 .debug_line    0x00000377      0x15c build/gpio.o
 .debug_line    0x000004d3      0x2cf build/usart.o
 .debug_line    0x000007a2      0x28b build/usb_device.o
 .debug_line    0x00000a2d      0x81f build/usbd_conf.o
 .debug_line    0x0000124c      0x358 build/usbd_cdc_if.o
 .debug_line    0x000015a4      0x2dd build/stm32f4xx_it.o
 .debug_line    0x00001881      0x169 build/stm32f4xx_hal_msp.o
 .debug_line    0x000019ea      0x5d2 build/usbd_composite.o
 .debug_line    0x00001fbc      0x293 build/usbd_storage_if.o
 .debug_line    0x0000224f     0x1570 build/stm32f4xx_hal_pcd.o
 .debug_line    0x000037bf      0x2c9 build/stm32f4xx_hal_pcd_ex.o
 .debug_line    0x00003a88     0x1e46 build/stm32f4xx_ll_usb.o
 .debug_line    0x000058ce      0xb24 build/stm32f4xx_hal_rcc.o
 .debug_line    0x000063f2      0x6f5 build/stm32f4xx_hal_gpio.o
 .debug_line    0x00006ae7      0x78c build/stm32f4xx_hal_cortex.o
 .debug_line    0x00007273      0x579 build/stm32f4xx_hal.o
 .debug_line    0x000077ec     0x4602 build/stm32f4xx_hal_uart.o
 .debug_line    0x0000bdee      0x25f build/system_stm32f4xx.o
 .debug_line    0x0000c04d      0xfcb build/usbd_core.o
 .debug_line    0x0000d018      0xe82 build/usbd_ctlreq.o
 .debug_line    0x0000de9a      0x2be build/usbd_ioreq.o
 .debug_line    0x0000e158      0x987 build/usbd_cdc.o
 .debug_line    0x0000eadf      0x5fd build/usbd_msc.o
 .debug_line    0x0000f0dc      0x66c build/usbd_msc_bot.o
 .debug_line    0x0000f748      0x182 build/usbd_msc_data.o
 .debug_line    0x0000f8ca     0x116d build/usbd_msc_scsi.o
 .debug_line    0x00010a37       0x76 build/startup_stm32f405xx.o
